 DesolationCanyon

 Timestamp is 542b1bf5 (Tue Sep 30 15:09:09 2014)

 Preferred load address is 00400000

 Start         Length     Name                   Class
 0001:00000000 001181d2H .text                   CODE
 0002:00000000 0000019cH .idata$5                DATA
 0002:000001a0 00022bb8H .rdata                  DATA
 0002:00022d58 0000003cH .idata$2                DATA
 0002:00022d94 00000014H .idata$3                DATA
 0002:00022da8 0000019cH .idata$4                DATA
 0002:00022f44 000007aeH .idata$6                DATA
 0002:000236f2 00000000H .edata                  DATA
 0003:00000000 00000004H .CRT$XCA                DATA
 0003:00000004 00000000H .CRT$XCU                DATA
 0003:00000004 00000004H .CRT$XCZ                DATA
 0003:00000008 00000004H .CRT$XIA                DATA
 0003:0000000c 00000008H .CRT$XIC                DATA
 0003:00000014 00000004H .CRT$XIZ                DATA
 0003:00000018 00000004H .CRT$XPA                DATA
 0003:0000001c 0000000cH .CRT$XPX                DATA
 0003:00000028 00000004H .CRT$XPZ                DATA
 0003:0000002c 00000004H .CRT$XTA                DATA
 0003:00000030 00000004H .CRT$XTZ                DATA
 0003:00000040 00486db0H .data                   DATA
 0003:00486df0 02dd1e98H .bss                    DATA

  Address         Publics by Value              Rva+Base     Lib:Object

 0001:00000000       _lndclc_                   00404000 f   DesolationCanyon.OBJ
 0001:00000a7e       _errorfunc_                00404a7e f   DesolationCanyon.OBJ
 0001:00000b00       _paramdim_                 00404b00 f   BUDGET.obj
 0001:00000b07       _commo_                    00404b07 f   BUDGET.obj
 0001:00000b0e       _subvars_                  00404b0e f   BUDGET.obj
 0001:00000b15       _printstuff_               00404b15 f   BUDGET.obj
 0001:00000b1c       _f90sqlvariables_          00404b1c f   BUDGET.obj
 0001:00000b23       _MAIN__                    00404b23 f   BUDGET.obj
 0001:00052ba3       _inq_                      00456ba3 f   BUDGET.obj
 0001:00052c2f       _iou_                      00456c2f f   BUDGET.obj
 0001:00052cbc       _cby_                      00456cbc f   BUDGET.obj
 0001:00052d49       _cgw_                      00456d49 f   BUDGET.obj
 0001:00052dd6       _upc_                      00456dd6 f   BUDGET.obj
 0001:00052e63       _rck_                      00456e63 f   BUDGET.obj
 0001:00053a41       _errprt_                   00457a41 f   BUDGET.obj
 0001:00054132       _getpat_                   00458132 f   BUDGET.obj
 0001:00054430       _justem_                   00458430 f   BUDGET.obj
 0001:000548ad       _nonull_                   004588ad f   BUDGET.obj
 0001:00054b24       _prntit_                   00458b24 f   BUDGET.obj
 0001:00054eaa       _round_                    00458eaa f   BUDGET.obj
 0001:00054fc8       _alltrim_                  00458fc8 f   BUDGET.obj
 0001:0005550b       _justext_                  0045950b f   BUDGET.obj
 0001:000556bc       _strcomp_                  004596bc f   BUDGET.obj
 0001:00055c72       _initializeaccessvars_     00459c72 f   BUDGET.obj
 0001:00055e95       _swap_                     00459e95 f   BUDGET.obj
 0001:00055f34       _writecrop_                00459f34 f   BUDGET.obj
 0001:00056155       _storemonvar_              0045a155 f   BUDGET.obj
 0001:00057a2b       _storemonvarxi_            0045ba2b f   BUDGET.obj
 0001:000591c6       _storemon_                 0045d1c6 f   BUDGET.obj
 0001:0005a11f       _justright_                0045e11f f   BUDGET.obj
 0001:0005a44e       _nocomma_                  0045e44e f   BUDGET.obj
 0001:0005a6b0       _fsql_data_                0045e6b0 f   AccessSubs.OBJ
 0001:0005a6b7       _accessread_               0045e6b7 f   AccessSubs.OBJ
 0001:0005c0a7       _showdiags_                004600a7 f   AccessSubs.OBJ
 0001:0005c2f9       _accessupdate_             004602f9 f   AccessSubs.OBJ
 0001:0005f75a       _accesswrite_              0046375a f   AccessSubs.OBJ
 0001:00061598       _accessexecute_            00465598 f   AccessSubs.OBJ
 0001:00061a22       _accessexedsn_             00465a22 f   AccessSubs.OBJ
 0001:00061f10       _arsub_                    00465f10 f   ARSUB.OBJ
 0001:00061f83       _ardel_                    00465f83 f   ARSUB.OBJ
 0001:00061ff8       _arlim_                    00465ff8 f   ARSUB.OBJ
 0001:00069dde       _munsub_                   0046ddde f   ARSUB.OBJ
 0001:0006d8d3       _wetlnd_                   004718d3 f   ARSUB.OBJ
 0001:0006dd62       _wetdmd_                   00471d62 f   ARSUB.OBJ
 0001:0006de77       _reini_                    00471e77 f   ARSUB.OBJ
 0001:0006ded2       _readd_                    00471ed2 f   ARSUB.OBJ
 0001:0006e8bc       _avclc_                    004728bc f   ARSUB.OBJ
 0001:000709d5       _arbak_                    004749d5 f   ARSUB.OBJ
 0001:00071392       _munbak_                   00475392 f   ARSUB.OBJ
 0001:00071bd4       _rsbak_                    00475bd4 f   ARSUB.OBJ
 0001:0007380a       _rsout_                    0047780a f   ARSUB.OBJ
 0001:00073a0f       _resrel_                   00477a0f f   ARSUB.OBJ
 0001:000746b1       _ardem_                    004786b1 f   ARSUB.OBJ
 0001:00074b84       _dmdmd_                    00478b84 f   ARSUB.OBJ
 0001:00074c98       _solve_                    00478c98 f   ARSUB.OBJ
 0001:00074fb0       _flowdr_                   00478fb0 f   BUDSUB.OBJ
 0001:0007594f       _headin_                   0047994f f   BUDSUB.OBJ
 0001:00075b2b       _seep_                     00479b2b f   BUDSUB.OBJ
 0001:00076588       _plmlpt_                   0047a588 f   BUDSUB.OBJ
 0001:000768f1       _pltlpt_                   0047a8f1 f   BUDSUB.OBJ
 0001:00076cc6       _pltmpt_                   0047acc6 f   BUDSUB.OBJ
 0001:0007706f       _pltpts_                   0047b06f f   BUDSUB.OBJ
 0001:000774e9       _printr_                   0047b4e9 f   BUDSUB.OBJ
 0001:000abbb6       _prntqi_                   004afbb6 f   BUDSUB.OBJ
 0001:000ac45c       _race_                     004b045c f   BUDSUB.OBJ
 0001:000ad2a0       _resr_                     004b12a0 f   BUDSUB.OBJ
 0001:000ada2f       _resrr_                    004b1a2f f   BUDSUB.OBJ
 0001:000adc18       _resv_                     004b1c18 f   BUDSUB.OBJ
 0001:000aff10       _rtflo_                    004b3f10 f   BUDSUB.OBJ
 0001:000b05f7       _sort_                     004b45f7 f   BUDSUB.OBJ
 0001:000b0a12       _getqin_                   004b4a12 f   BUDSUB.OBJ
 0001:000b2cc4       _readfile_                 004b6cc4 f   BUDSUB.OBJ
 0001:000b9852       _crpuse_                   004bd852 f   BUDSUB.OBJ
 0001:000b9c84       _lndprt_                   004bdc84 f   BUDSUB.OBJ
 0001:000bac08       _fzer_                     004bec08 f   BUDSUB.OBJ
 0001:000bacc5       _izer_                     004becc5 f   BUDSUB.OBJ
 0001:000bad7a       _tprin_                    004bed7a f   BUDSUB.OBJ
 0001:000bb300       _faver_                    004bf300 f   BUDSUB.OBJ
 0001:000bb4c8       _uline_                    004bf4c8 f   BUDSUB.OBJ
 0001:000bb6ec       _sprin_                    004bf6ec f   BUDSUB.OBJ
 0001:000bc8a6       _addin_                    004c08a6 f   BUDSUB.OBJ
 0001:000bcbf5       _frost_                    004c0bf5 f   BUDSUB.OBJ
 0001:000bcd45       _aver2_                    004c0d45 f   BUDSUB.OBJ
 0001:000bd047       _arrang_                   004c1047 f   BUDSUB.OBJ
 0001:000bd39b       _qricalc_                  004c139b f   BUDSUB.OBJ
 0001:000bd57a       _allt_                     004c157a f   BUDSUB.OBJ
 0001:000bdb68       _leftadj_                  004c1b68 f   BUDSUB.OBJ
 0001:000be17c       _brent_                    004c217c f   BUDSUB.OBJ
 0001:000bee4d       _simul_                    004c2e4d f   BUDSUB.OBJ
 0001:000c20a8       _centerit_                 004c60a8 f   BUDSUB.OBJ
 0001:000c246c       _f90sqldisconnect_         004c646c f   f90sql:f90SQLLF95.dll
 0001:000c2472       _f90sqlfreehandle_         004c6472 f   f90sql:f90SQLLF95.dll
 0001:000c2478       _f90sqlfetch_              004c6478 f   f90sql:f90SQLLF95.dll
 0001:000c247e       _f90sqlbindcolsmllint_     004c647e f   f90sql:f90SQLLF95.dll
 0001:000c2484       _f90sqlbindcolstr_         004c6484 f   f90sql:f90SQLLF95.dll
 0001:000c248a       _f90sqlbindcolint_         004c648a f   f90sql:f90SQLLF95.dll
 0001:000c2490       _f90sqlexecute_            004c6490 f   f90sql:f90SQLLF95.dll
 0001:000c2496       _f90sqlpreparestr_         004c6496 f   f90sql:f90SQLLF95.dll
 0001:000c249c       _f90sqldriverconnectstr_   004c649c f   f90sql:f90SQLLF95.dll
 0001:000c24a2       _f90sqlsetenvattrint_      004c64a2 f   f90sql:f90SQLLF95.dll
 0001:000c24a8       _f90sqlallochandle_        004c64a8 f   f90sql:f90SQLLF95.dll
 0001:000c24ae       _f90sqlbindcoltimestmp_    004c64ae f   f90sql:f90SQLLF95.dll
 0001:000c24b4       _f90sqlbindcoldouble_      004c64b4 f   f90sql:f90SQLLF95.dll
 0001:000c24ba       _f90sqlexecdirectstr_      004c64ba f   f90sql:f90SQLLF95.dll
 0001:000c24c0       _f90sqlgetdiagrecstr_      004c64c0 f   f90sql:f90SQLLF95.dll
 0001:000c24c6       _f90sqlbindparameterint_   004c64c6 f   f90sql:f90SQLLF95.dll
 0001:000c24cc       _f90sqlbindparametertimestmp_ 004c64cc f   f90sql:f90SQLLF95.dll
 0001:000c24d2       _f90sqlbindparameterstr_   004c64d2 f   f90sql:f90SQLLF95.dll
 0001:000c24d8       _f90sqlbindparameterdouble_ 004c64d8 f   f90sql:f90SQLLF95.dll
 0001:000c24de       _f90sqlsetconnectattint_   004c64de f   f90sql:f90SQLLF95.dll
 0001:000c24e4       _f90sqlconnectstr_         004c64e4 f   f90sql:f90SQLLF95.dll
 0001:000c24f0       _f_dnint                   004c64f0 f   fj90f:jwe_fdni.obj
 0001:000c2600       _l_charnb                  004c6600 f   fj90f:jwe_fcnb.obj
 0001:000c2660       _f_trim                    004c6660 f   fj90f:jwe_ftrm.obj
 0001:000c26b0       _f_index                   004c66b0 f   fj90f:jwe_fidx.obj
 0001:000c2720       _f_indexa                  004c6720 f   fj90f:jwe_fidx.obj
 0001:000c2800       _f_indexj                  004c6800 f   fj90f:jwe_fidx.obj
 0001:000c28a0       _f_indxaj                  004c68a0 f   fj90f:jwe_fidx.obj
 0001:000c29e0       _f_lntrm                   004c69e0 f   fj90f:jwe_fltm.obj
 0001:000c2a00       _f_lntrmj                  004c6a00 f   fj90f:jwe_fltm.obj
 0001:000c2a40       _f_lgea                    004c6a40 f   fj90f:jwe_flge.obj
 0001:000c2a80       _f_lgea8                   004c6a80 f   fj90f:jwe_flge.obj
 0001:000c2ae0       _f_llea                    004c6ae0 f   fj90f:jwe_flle.obj
 0001:000c2b20       _f_llea8                   004c6b20 f   fj90f:jwe_flle.obj
 0001:000c2b80       _f_datim                   004c6b80 f   fj90f:jwe_fdat.obj
 0001:000c31b0       _f_scmov                   004c71b0 f   fj90f:jwe_fcmv.obj
 0001:000c3210       _f_cmove                   004c7210 f   fj90f:jwe_fcmv.obj
 0001:000c3270       _f_ccomp                   004c7270 f   fj90f:jwe_fccm.obj
 0001:000c3310       _jwe_fasc                  004c7310 f   fj90f:jwe_fasc.obj
 0001:000c3820       _g_dlog10                  004c7820 f   fj90g:jwe_gdl1.obj
 0001:000c3940       _g_arxi                    004c7940 f   fj90g:jwe_grxi.obj
 0001:000c3bc0       _g_adxi                    004c7bc0 f   fj90g:jwe_gdxi.obj
 0001:000c3e10       _g_adxd                    004c7e10 f   fj90g:jwe_gdxd.obj
 0001:000c42f0       _jwe_gpwd                  004c82f0 f   fj90g:jwe_gdxd.obj
 0001:000c4550       _jwe_debg                  004c8550 f   fj90i:jwe_debg.obj
 0001:000c5030       _jwe_xadt                  004c9030 f   fj90i:jwe_xadt.obj
 0001:000c5210       _jwe_xddt                  004c9210 f   fj90i:jwe_xadt.obj
 0001:000c5450       _l_getcl                   004c9450 f   fj90i:jwe_sgcl.obj
 0001:000c54a0       _jwe_sgcl                  004c94a0 f   fj90i:jwe_sgcl.obj
 0001:000c5600       _jwe_iinf                  004c9600 f   fj90i:jwe_iinf.obj
 0001:000c60a0       _jwe_ilst                  004ca0a0 f   fj90i:jwe_ilst.obj
 0001:000c6660       _jwe_isfm                  004ca660 f   fj90i:jwe_isfm.obj
 0001:000c6ef0       _jwe_iocf                  004caef0 f   fj90i:jwe_iocf.obj
 0001:000c96c0       _jwe_ifac                  004cd6c0 f   fj90i:jwe_iocf.obj
 0001:000c98d0       _jwe_xopt                  004cd8d0 f   fj90i:jwe_xopt.obj
 0001:000ca890       _jwe_xcop                  004ce890 f   fj90i:jwe_xopt.obj
 0001:000caaf0       _jwe_xrcp                  004ceaf0 f   fj90i:jwe_xopt.obj
 0001:000cab00       _jwe_xstp                  004ceb00 f   fj90i:jwe_xstp.obj
 0001:000cac50       _jwe_xalc                  004cec50 f   fj90i:jwe_xalc.obj
 0001:000cb0b0       _jwe_x_alloc_trace         004cf0b0 f   fj90i:jwe_xalc.obj
 0001:000cb1e0       _jwe_xdal                  004cf1e0 f   fj90i:jwe_xdal.obj
 0001:000cb590       _jwe_xpau                  004cf590 f   fj90i:jwe_xpau.obj
 0001:000cb890       _jwe_xilc                  004cf890 f   fj90i:jwe_xilc.obj
 0001:000cb8d0       _jwe_xint                  004cf8d0 f   fj90i:jwe_xint.obj
 0001:000cb950       _jwe_dsha                  004cf950 f   fj90i:jwe_dsha.obj
 0001:000cbb80       _jwe_dren                  004cfb80 f   fj90i:jwe_dren.obj
 0001:000cbce0       _jwe_dpme                  004cfce0 f   fj90i:jwe_dpme.obj
 0001:000cbdb0       _jwe_ddou                  004cfdb0 f   fj90i:jwe_ddou.obj
 0001:000cbf40       _jwe_ddoa                  004cff40 f   fj90i:jwe_ddoa.obj
 0001:000cc120       _jwe_dpck                  004d0120 f   fj90i:jwe_dpck.obj
 0001:000cc1b0       _jwe_dudf                  004d01b0 f   fj90i:jwe_dudf.obj
 0001:000cc2f0       _jwe_dudd                  004d02f0 f   fj90i:jwe_dudf.obj
 0001:000cca50       _jwe_duda                  004d0a50 f   fj90i:jwe_dudf.obj
 0001:000ccd20       _jwe_dudc                  004d0d20 f   fj90i:jwe_dudf.obj
 0001:000cd490       _jwe_dude                  004d1490 f   fj90i:jwe_dudf.obj
 0001:000cd6e0       _jwe_dudn                  004d16e0 f   fj90i:jwe_dudf.obj
 0001:000cd9c0       _jwe_dedc                  004d19c0 f   fj90i:jwe_dudf.obj
 0001:000cda30       _jwe_dvec                  004d1a30 f   fj90i:jwe_dudf.obj
 0001:000cdda0       _jwe_dsck                  004d1da0 f   fj90i:jwe_dsck.obj
 0001:000ce9d0       _jwe_dsce                  004d29d0 f   fj90i:jwe_dsck.obj
 0001:000cee80       _jwe_duis                  004d2e80 f   fj90i:jwe_duis.obj
 0001:000ceff0       _jwe_duid                  004d2ff0 f   fj90i:jwe_duis.obj
 0001:000cf400       _jwe_dack                  004d3400 f   fj90i:jwe_dack.obj
 0001:000cfc80       _jwe_dacd                  004d3c80 f   fj90i:jwe_dack.obj
 0001:000d0b50       _jwe_xalc_fast             004d4b50 f   fj90i:jwe_xdta.obj
 0001:000d0d60       _jwe_xdal_fast             004d4d60 f   fj90i:jwe_xdta.obj
 0001:000d1000       _jwe_xget_align            004d5000 f   fj90i:jwe_xdta.obj
 0001:000d1070       _jwe_xfree_align           004d5070 f   fj90i:jwe_xdta.obj
 0001:000d1090       _jwe_xarg                  004d5090 f   fj90i:jwe_xarg.obj
 0001:000d11d0       _jwe_ifct                  004d51d0 f   fj90i:jwe_ifct.obj
 0001:000d32f0       _jwe_isob                  004d72f0 f   fj90i:jwe_isob.obj
 0001:000d3420       _jwe_ifmt                  004d7420 f   fj90i:jwe_ifmt.obj
 0001:000d4990       _jwe_inao                  004d8990 f   fj90i:jwe_inao.obj
 0001:000d5ff0       _jwe_inai                  004d9ff0 f   fj90i:jwe_inai.obj
 0001:000d7460       _jwe_inkw                  004db460 f   fj90i:jwe_inai.obj
 0001:000d7c10       _jwe_inch                  004dbc10 f   fj90i:jwe_inai.obj
 0001:000d7c80       _jwe_inc2                  004dbc80 f   fj90i:jwe_inai.obj
 0001:000d7cc0       _jwe_inhx                  004dbcc0 f   fj90i:jwe_inai.obj
 0001:000d7e90       _jwe_inex                  004dbe90 f   fj90i:jwe_inai.obj
 0001:000d7ee0       _jwe_inhc                  004dbee0 f   fj90i:jwe_inai.obj
 0001:000d8c30       _jwe_ine1                  004dcc30 f   fj90i:jwe_inai.obj
 0001:000d8e10       _jwe_ine2                  004dce10 f   fj90i:jwe_inai.obj
 0001:000d9030       _jwe_ine3                  004dd030 f   fj90i:jwe_inai.obj
 0001:000d9160       _jwe_in_g                  004dd160 f   fj90i:jwe_inai.obj
 0001:000d9350       _jwe_insf                  004dd350 f   fj90i:jwe_inai.obj
 0001:000d93d0       _jwe_inah                  004dd3d0 f   fj90i:jwe_inai.obj
 0001:000d9430       _jwe_ilni                  004dd430 f   fj90i:jwe_ilni.obj
 0001:000da820       _jwe_igad                  004de820 f   fj90i:jwe_igad.obj
 0001:000da840       _jwe_ipid                  004de840 f   fj90i:jwe_ipid.obj
 0001:000da8d0       _jwe_iipg                  004de8d0 f   fj90i:jwe_iipg.obj
 0001:000dac20       _jwe_iedo                  004dec20 f   fj90i:jwe_iedo.obj
 0001:000ddcb0       _jwe_iedi                  004e1cb0 f   fj90i:jwe_iedi.obj
 0001:000e12e0       _jwe_icui                  004e52e0 f   fj90i:jwe_icui.obj
 0001:000e1750       _jwe_iist                  004e5750 f   fj90i:jwe_icui.obj
 0001:000e17a0       _jwe_ildo                  004e57a0 f   fj90i:jwe_ildo.obj
 0001:000e2fe0       _jwe_illd                  004e6fe0 f   fj90i:jwe_ildo.obj
 0001:000e3110       _jwe_ildi                  004e7110 f   fj90i:jwe_ildi.obj
 0001:000e3db0       _jwe_iscf                  004e7db0 f   fj90i:jwe_iscf.obj
 0001:000e4970       _jwe_iadc                  004e8970 f   fj90i:jwe_iadc.obj
 0001:000e4bd0       _jwe_idfm                  004e8bd0 f   fj90i:jwe_idfm.obj
 0001:000e5000       _jwe_isui                  004e9000 f   fj90i:jwe_isui.obj
 0001:000e5130       _jwe_isu1                  004e9130 f   fj90i:jwe_isui.obj
 0001:000e51e0       _jwe_icep                  004e91e0 f   fj90i:jwe_icep.obj
 0001:000e52a0       _jwe_ifcf                  004e92a0 f   fj90i:jwe_ifcf.obj
 0001:000e5420       _jwe_ifcc                  004e9420 f   fj90i:jwe_ifcc.obj
 0001:000e54e0       _jwe_iflc                  004e94e0 f   fj90i:jwe_iflc.obj
 0001:000e5740       _jwe_iflo                  004e9740 f   fj90i:jwe_iflo.obj
 0001:000e57d0       _jwe_ienv                  004e97d0 f   fj90i:jwe_ienv.obj
 0001:000e5950       _jwe_isss                  004e9950 f   fj90i:jwe_isss.obj
 0001:000e5960       _jwe_ifnc                  004e9960 f   fj90i:jwe_ifnc.obj
 0001:000e5c10       _jwe_ifck                  004e9c10 f   fj90i:jwe_ifck.obj
 0001:000e5ce0       _jwe_igfn                  004e9ce0 f   fj90i:jwe_igfn.obj
 0001:000e5d90       _jwe_iftx                  004e9d90 f   fj90i:jwe_iftx.obj
 0001:000e5ef0       _jwe_xsns                  004e9ef0 f   fj90i:jwe_xsns.obj
 0001:000e5f78       _jwe_xscr                  004e9f78 f   fj90i:jwe_xsns.obj
 0001:000e600c       _jwe_xgsr                  004ea00c f   fj90i:jwe_xsns.obj
 0001:000e60b0       _jwe_xexi                  004ea0b0 f   fj90i:jwe_xexi.obj
 0001:000e6110       _jwe_epmp                  004ea110 f   fj90i:jwe_eprt.obj
 0001:000e61d0       _jwe_eprt                  004ea1d0 f   fj90i:jwe_eprt.obj
 0001:000e6670       _jwe_etpt                  004ea670 f   fj90i:jwe_etpt.obj
 0001:000e66a0       _jwe_iluc                  004ea6a0 f   fj90i:jwe_iluc.obj
 0001:000e67b0       _jwe_ioef                  004ea7b0 f   fj90i:jwe_ioef.obj
 0001:000e6830       _jwe_iosf                  004ea830 f   fj90i:jwe_iosf.obj
 0001:000e69f0       _jwe_eerm                  004ea9f0 f   fj90i:jwe_eerm.obj
 0001:000e6e40       _jwe_xbfh                  004eae40 f   fj90i:jwe_xbfh.obj
 0001:000e6e60       _jwe_xbsg                  004eae60 f   fj90i:jwe_xbsg.obj
 0001:000e6eb0       _jwe_xend                  004eaeb0 f   fj90i:jwe_xend.obj
 0001:000e6fd0       _jwe_xtim                  004eafd0 f   fj90i:jwe_xtim.obj
 0001:000e7090       _jwe_ifss                  004eb090 f   fj90i:jwe_ifss.obj
 0001:000e7180       _jwe_icfc                  004eb180 f   fj90i:jwe_icfc.obj
 0001:000e71b0       _jwe_xexs                  004eb1b0 f   fj90i:jwe_xexs.obj
 0001:000e71d0       _jwe_xets                  004eb1d0 f   fj90i:jwe_xexs.obj
 0001:000e73e0       _jwe_xacp                  004eb3e0 f   fj90i:jwe_xacp.obj
 0001:000e7420       _jwe_eset                  004eb420 f   fj90i:jwe_eset.obj
 0001:000e7430       _jwe_dgui                  004eb430 f   fj90i:jwe_dgui.obj
 0001:000e7440       _jwe_irpp                  004eb440 f   fj90i:jwe_irpp.obj
 0001:000e7ab0       _jwe_isdp                  004ebab0 f   fj90i:jwe_isdp.obj
 0001:000e7c90       _jwe_isd1                  004ebc90 f   fj90i:jwe_isdp.obj
 0001:000e7d70       _jwe_isd2                  004ebd70 f   fj90i:jwe_isdp.obj
 0001:000e7ed0       _jwe_isls                  004ebed0 f   fj90i:jwe_isdp.obj
 0001:000e7f20       _jwe_ielo                  004ebf20 f   fj90i:jwe_ielo.obj
 0001:000e84c0       _jwe_inad                  004ec4c0 f   fj90i:jwe_inad.obj
 0001:000ea790       _jwe_inas                  004ee790 f   fj90i:jwe_inas.obj
 0001:000ebd70       _jwe_indi                  004efd70 f   fj90i:jwe_inas.obj
 0001:000ecab0       _jwe_icft                  004f0ab0 f   fj90i:jwe_icft.obj
 0001:000f0320       _jwe_iric                  004f4320 f   fj90i:jwe_irio.obj
 0001:000f1280       _jwe_iroc                  004f5280 f   fj90i:jwe_irio.obj
 0001:000f3240       _jwe_icbd                  004f7240 f   fj90i:jwe_icbd.obj
 0001:000f3340       _jwe_icbdu                 004f7340 f   fj90i:jwe_icbd.obj
 0001:000f33c0       _jwe_icbdr                 004f73c0 f   fj90i:jwe_icbd.obj
 0001:000f3490       _jwe_ibtd                  004f7490 f   fj90i:jwe_ibtd.obj
 0001:000f38f0       _jwe_ibtr                  004f78f0 f   fj90i:jwe_ibtr.obj
 0001:000f3ae0       _jwe_ibtru                 004f7ae0 f   fj90i:jwe_ibtr.obj
 0001:000f3c00       _jwe_ibtrr                 004f7c00 f   fj90i:jwe_ibtr.obj
 0001:000f3df0       _jwe_irms                  004f7df0 f   fj90i:jwe_irms.obj
 0001:000f3f40       _jwe_inis                  004f7f40 f   fj90i:jwe_inis.obj
 0001:000f4040       _jwe_iims                  004f8040 f   fj90i:jwe_iims.obj
 0001:000f40f0       _jwe_icdb                  004f80f0 f   fj90i:jwe_icdb.obj
 0001:000f4280       _jwe_icdbu                 004f8280 f   fj90i:jwe_icdb.obj
 0001:000f4350       _jwe_idtb                  004f8350 f   fj90i:jwe_idtb.obj
 0001:000f4580       _jwe_idtbu                 004f8580 f   fj90i:jwe_idtb.obj
 0001:000f4740       _jwe_idtr                  004f8740 f   fj90i:jwe_idtr.obj
 0001:000f48b0       _jwe_idtru                 004f88b0 f   fj90i:jwe_idtr.obj
 0001:000f49b0       _jwe_iczb                  004f89b0 f   fj90i:jwe_iczb.obj
 0001:000f4bf0       _jwe_icbb                  004f8bf0 f   fj90i:jwe_icbb.obj
 0001:000f4d20       _jwe_icob                  004f8d20 f   fj90i:jwe_icob.obj
 0001:000f5000       _jwe_igrr                  004f9000 f   fj90i:jwe_igrr.obj
 0001:000f55a0       _jwe_iedp                  004f95a0 f   fj90i:jwe_iedp.obj
 0001:000f57b0       _jwe_ifal                  004f97b0 f   fj90i:jwe_ifal.obj
 0001:000f5970       _jwe_ifch                  004f9970 f   fj90i:jwe_ifch.obj
 0001:000f5ad0       _jwe_ioec                  004f9ad0 f   fj90i:jwe_ioec.obj
 0001:000f5ed0       _jwe_idcf                  004f9ed0 f   fj90i:jwe_idcf.obj
 0001:000f6350       _jwe_icps                  004fa350 f   fj90i:jwe_icps.obj
 0001:000f6ac0       _jwe_icpt                  004faac0 f   fj90i:jwe_icpt.obj
 0001:000f7280       _jwe_ifps                  004fb280 f   fj90i:jwe_ifps.obj
 0001:000f77e0       _jwe_ifcr                  004fb7e0 f   fj90i:jwe_ifcr.obj
 0001:000f7880       _jwe_iefn                  004fb880 f   fj90i:jwe_iefn.obj
 0001:000f79f0       _jwe_ifcs                  004fb9f0 f   fj90i:jwe_ifcs.obj
 0001:000f7ae0       _jwe_ifcl                  004fbae0 f   fj90i:jwe_ifcl.obj
 0001:000f8880       _jwe_ifan                  004fc880 f   fj90i:jwe_ifan.obj
 0001:000f8a40       _jwe_xget_cpuid            004fca40 f   fj90i:jwe_xcpu.obj
 0001:000f8b40       _jwe_ecnv                  004fcb40 f   fj90i:jwe_ecnv.obj
 0001:000f8c70       _jwe_xtyp                  004fcc70 f   fj90i:jwe_xtyp.obj
 0001:000f8f10       _jwe_errr                  004fcf10 f   fj90i:jwe_errr.obj
 0001:000f9750       _jwe_einf                  004fd750 f   fj90i:jwe_einf.obj
 0001:000f9aa0       _jwe_eitm                  004fdaa0 f   fj90i:jwe_eitm.obj
 0001:000f9ad0       _jwe_xpac                  004fdad0 f   fj90i:jwe_xpac.obj
 0001:000f9cd0       _jwe_iged                  004fdcd0 f   fj90i:jwe_iend.obj
 0001:000f9f10       _jwe_ieed                  004fdf10 f   fj90i:jwe_iend.obj
 0001:000f9fb0       _jwe_xfpe                  004fdfb0 f   fj90i:jwe_xfpe.obj
 0001:000fa090       _jwe_xsko                  004fe090 f   fj90i:jwe_xsko.obj
 0001:000fa0c0       _jwe_xacv                  004fe0c0 f   fj90i:jwe_xacv.obj
 0001:000fa0f0       _jwe_xacd                  004fe0f0 f   fj90i:jwe_xacd.obj
 0001:000fa100       _jwe_xesm                  004fe100 f   fj90i:jwe_xesm.obj
 0001:000fa1a0       _jwe_etbm                  004fe1a0 f   fj90i:jwe_etbm.obj
 0001:000fb480       _jwe_xill                  004ff480 f   fj90i:jwe_xill.obj
 0001:000fb4b0       _jwe_xrdy                  004ff4b0 f   fj90i:jwe_xrdy.obj
 0001:000fb4c0       _jwe_iicn                  004ff4c0 f   fj90i:jwe_iicn.obj
 0001:000fb800       _jwe_irpd                  004ff800 f   fj90i:jwe_irpd.obj
 0001:000fbd80       _jwe_irp1                  004ffd80 f   fj90i:jwe_irpd.obj
 0001:000fbe40       _jwe_irp2                  004ffe40 f   fj90i:jwe_irpd.obj
 0001:000fc010       _jwe_ijdj                  00500010 f   fj90i:jwe_ijdj.obj
 0001:000fc270       _jwe_imdj                  00500270 f   fj90i:jwe_imdj.obj
 0001:000fc2c0       _jwe_imdju                 005002c0 f   fj90i:jwe_imdj.obj
 0001:000fc320       _jwe_ifvsv                 00500320 f   fj90i:jwe_imdj.obj
 0001:000fc380       _jwe_ifvdu                 00500380 f   fj90i:jwe_imdj.obj
 0001:000fc4c0       _jwe_ifvdv                 005004c0 f   fj90i:jwe_imdj.obj
 0001:000fc640       _jwe_ijad                  00500640 f   fj90i:jwe_ijad.obj
 0001:000fc6c0       _jwe_ijmj                  005006c0 f   fj90i:jwe_ijmj.obj
 0001:000fc810       _jwe_ifop                  00500810 f   fj90i:jwe_ifop.obj
 0001:000fd6c0       _jwe_emsg                  005016c0 f   fj90i:jwe_emsg.obj
 0001:000fe620       _jwe_egtb                  00502620 f   fj90i:jwe_ertb.obj
 0001:000fe630       _jwe_ebtl                  00502630 f   fj90i:jwe_ertb.obj
 0001:000fe640       _jwe_etbl                  00502640 f   fj90i:jwe_etbl.obj
 0001:000fe670       _jwe_etbe                  00502670 f   fj90i:jwe_etbe.obj
 0001:000fe770       _jwe_etbn                  00502770 f   fj90i:jwe_etbn.obj
 0001:000fe890       _jwe_etbg                  00502890 f   fj90i:jwe_etbg.obj
 0001:000fe9f0       _jwe_etbs_dll              005029f0 f   fj90i:jwe_etbs.obj
 0001:000fed70       _jwe_etbs                  00502d70 f   fj90i:jwe_etbs.obj
 0001:000ff120       _jwe_ijsb                  00503120 f   fj90i:jwe_ijsb.obj
 0001:000ff190       _jwe_idpa                  00503190 f   fj90i:jwe_idpa.obj
 0001:000fff40       _jwe_idpb                  00503f40 f   fj90i:jwe_idpa.obj
 0001:00100130       _jwe_idpe                  00504130 f   fj90i:jwe_idpa.obj
 0001:00100250       _jwe_idga                  00504250 f   fj90i:jwe_idga.obj
 0001:00100910       _jwe_idpt                  00504910 f   fj90i:jwe_idpt.obj
 0001:00101530       _jwe_idft                  00505530 f   fj90i:jwe_idpt.obj
 0001:00101710       _jwe_idgt                  00505710 f   fj90i:jwe_idgt.obj
 0001:00101dd0       _jwe_iupd                  00505dd0 f   fj90i:jwe_iupd.obj
 0001:00102480       _jwe_iupd_error            00506480 f   fj90i:jwe_iupd.obj
 0001:00102520       _jwe_iugd                  00506520 f   fj90i:jwe_iugd.obj
 0001:00102980       _jwe_ibpd                  00506980 f   fj90i:jwe_ibpd.obj
 0001:00102c90       _jwe_ibgd                  00506c90 f   fj90i:jwe_ibgd.obj
 0001:00102e30       _jwe_ifpf                  00506e30 f   fj90i:jwe_ifpf.obj
 0001:00103a60       _jwe_icpf                  00507a60 f   fj90i:jwe_icpf.obj
 0001:001049b0       _jwe_ifgf                  005089b0 f   fj90i:jwe_ifgf.obj
 0001:00105130       _jwe_ipfd                  00509130 f   fj90i:jwe_ipfd.obj
 0001:00105e50       _jwe_itfn                  00509e50 f   fj90i:jwe_itfn.obj
 0001:00106190       _jwe_iifd                  0050a190 f   fj90i:jwe_iifd.obj
 0001:001064a0       _jwe_igfd                  0050a4a0 f   fj90i:jwe_igfd.obj
 0001:00106820       _jwe_itfd                  0050a820 f   fj90i:jwe_itfd.obj
 0001:00106cf0       _jwe_isfd                  0050acf0 f   fj90i:jwe_isfd.obj
 0001:00106e70       _jwe_irfd                  0050ae70 f   fj90i:jwe_irfd.obj
 0001:00106f60       _jwe_ibfd                  0050af60 f   fj90i:jwe_ibfd.obj
 0001:00107c70       _jwe_ifgs                  0050bc70 f   fj90i:jwe_ifgs.obj
 0001:00107e40       _jwe_ifga                  0050be40 f   fj90i:jwe_ifga.obj
 0001:00107ef0       _jwe_ipsd                  0050bef0 f   fj90i:jwe_ipsd.obj
 0001:00108600       _jwe_ipad                  0050c600 f   fj90i:jwe_ipad.obj
 0001:00108630       _jwe_itsn                  0050c630 f   fj90i:jwe_itsn.obj
 0001:00108720       _jwe_ifpa                  0050c720 f   fj90i:jwe_ifpa.obj
 0001:00108800       _jwe_igsd                  0050c800 f   fj90i:jwe_igsd.obj
 0001:001089a0       _jwe_itsd                  0050c9a0 f   fj90i:jwe_itsd.obj
 0001:00108ab0       _jwe_issd                  0050cab0 f   fj90i:jwe_issd.obj
 0001:00108b10       _jwe_irsd                  0050cb10 f   fj90i:jwe_irsd.obj
 0001:00108b60       _jwe_ibsd                  0050cb60 f   fj90i:jwe_ibsd.obj
 0001:00108d80       _jwe_etxt                  0050cd80 f   fj90i:jwe_etxt.obj
 0001:00108de0       _jwe_etbf                  0050cde0 f   fj90i:jwe_etbf.obj
 0001:001091e0       _jwe_itpt                  0050d1e0 f   fj90i:jwe_itpt.obj
 0001:00109270       _jwe_emso                  0050d270 f   fj90i:jwe_emso.obj
 0001:00109280       _jwe_emss                  0050d280 f   fj90i:jwe_emss.obj
 0001:00109290       _jwe_emsf                  0050d290 f   fj90i:jwe_emsf.obj
 0001:001092a0       _jwe_emsi                  0050d2a0 f   fj90i:jwe_emsi.obj
 0001:001092b0       _jwe_emsx                  0050d2b0 f   fj90i:jwe_emsx.obj
 0001:001092c0       _jwe_ems5                  0050d2c0 f   fj90i:jwe_ems5.obj
 0001:001092d0       _jwe_ems4                  0050d2d0 f   fj90i:jwe_ems4.obj
 0001:001092e0       _jwe_ems3                  0050d2e0 f   fj90i:jwe_ems3.obj
 0001:001092f0       _jwe_ems2                  0050d2f0 f   fj90i:jwe_ems2.obj
 0001:00109300       _jwe_ems1                  0050d300 f   fj90i:jwe_ems1.obj
 0001:00109310       __chkstk                   0050d310 f   libc:chkstk.obj
 0001:00109310       __alloca_probe             0050d310 f   libc:chkstk.obj
 0001:00109340       __ftol                     0050d340 f   libc:ftol.obj
 0001:00109367       _mainCRTStartup            0050d367 f   libc:crt0.obj
 0001:00109446       __amsg_exit                0050d446 f   libc:crt0.obj
 0001:0010948f       __fpmath                   0050d48f f   libc:fpinit.obj
 0001:001094a6       __fpclear                  0050d4a6 f   libc:fpinit.obj
 0001:001094a7       __cfltcvt_init             0050d4a7 f   libc:fpinit.obj
 0001:001094df       ___setfflag                0050d4df f   libc:fpinit.obj
 0001:001094ef       _strtol                    0050d4ef f   libc:strtol.obj
 0001:0010970e       _strtoul                   0050d70e f   libc:strtol.obj
 0001:00109725       _getenv                    0050d725 f   libc:getenv.obj
 0001:001097a2       __statusfp                 0050d7a2 f   libc:ieee87.obj
 0001:001097b5       __clearfp                  0050d7b5 f   libc:ieee87.obj
 0001:001097c9       __control87                0050d7c9 f   libc:ieee87.obj
 0001:001097fe       __controlfp                0050d7fe f   libc:ieee87.obj
 0001:00109814       __fpreset                  0050d814 f   libc:ieee87.obj
 0001:0010998e       ___initstdio               0050d98e f   libc:_file.obj
 0001:00109a33       ___endstdio                0050da33 f   libc:_file.obj
 0001:00109a47       __stati64                  0050da47 f   libc:stati64.obj
 0001:00109d86       _fflush                    0050dd86 f   libc:fflush.obj
 0001:00109dc1       __flush                    0050ddc1 f   libc:fflush.obj
 0001:00109e1d       __flushall                 0050de1d f   libc:fflush.obj
 0001:00109e93       _printf                    0050de93 f   libc:printf.obj
 0001:00109ec4       __isctype                  0050dec4 f   libc:isctype.obj
 0001:00109f40       _strncpy                   0050df40 f   libc:strncpy.obj
 0001:0010a03e       _free                      0050e03e f   libc:free.obj
 0001:0010a0a7       _malloc                    0050e0a7 f   libc:malloc.obj
 0001:0010a0b9       __nh_malloc                0050e0b9 f   libc:malloc.obj
 0001:0010a0e5       __heap_alloc               0050e0e5 f   libc:malloc.obj
 0001:0010a159       _realloc                   0050e159 f   libc:realloc.obj
 0001:0010a400       _memmove                   0050e400 f   libc:memmove.obj
 0001:0010a740       __CIpow                    0050e740 f   libc:pow.obj
 0001:0010a759       _pow                       0050e759 f   libc:pow.obj
 0001:0010a95d       __tolower                  0050e95d f   libc:tolower.obj
 0001:0010a965       _tolower                   0050e965 f   libc:tolower.obj
 0001:0010aa30       _fputc                     0050ea30 f   libc:fputc.obj
 0001:0010aa54       _putc                      0050ea54 f   libc:fputc.obj
 0001:0010aa64       _sprintf                   0050ea64 f   libc:sprintf.obj
 0001:0010aab6       _fgets                     0050eab6 f   libc:fgets.obj
 0001:0010ab0d       _fclose                    0050eb0d f   libc:fclose.obj
 0001:0010ab63       _fputs                     0050eb63 f   libc:fputs.obj
 0001:0010aba6       __fsopen                   0050eba6 f   libc:fopen.obj
 0001:0010abc6       _fopen                     0050ebc6 f   libc:fopen.obj
 0001:0010abd9       _abort                     0050ebd9 f   libc:abort.obj
 0001:0010abf0       __cinit                    0050ebf0 f   libc:crt0dat.obj
 0001:0010ac1d       _exit                      0050ec1d f   libc:crt0dat.obj
 0001:0010ac2e       __exit                     0050ec2e f   libc:crt0dat.obj
 0001:0010ac3f       __cexit                    0050ec3f f   libc:crt0dat.obj
 0001:0010ac4e       __c_exit                   0050ec4e f   libc:crt0dat.obj
 0001:0010ad10       _isalpha                   0050ed10 f   libc:_ctype.obj
 0001:0010ad3e       _isupper                   0050ed3e f   libc:_ctype.obj
 0001:0010ad66       _islower                   0050ed66 f   libc:_ctype.obj
 0001:0010ad8e       _isdigit                   0050ed8e f   libc:_ctype.obj
 0001:0010adb6       _isxdigit                  0050edb6 f   libc:_ctype.obj
 0001:0010ade3       _isspace                   0050ede3 f   libc:_ctype.obj
 0001:0010ae0b       _ispunct                   0050ee0b f   libc:_ctype.obj
 0001:0010ae33       _isalnum                   0050ee33 f   libc:_ctype.obj
 0001:0010ae61       _isprint                   0050ee61 f   libc:_ctype.obj
 0001:0010ae8f       _isgraph                   0050ee8f f   libc:_ctype.obj
 0001:0010aebd       _iscntrl                   0050eebd f   libc:_ctype.obj
 0001:0010aee5       ___isascii                 0050eee5 f   libc:_ctype.obj
 0001:0010aef2       ___toascii                 0050eef2 f   libc:_ctype.obj
 0001:0010aefa       ___iscsymf                 0050eefa f   libc:_ctype.obj
 0001:0010af37       ___iscsym                  0050ef37 f   libc:_ctype.obj
 0001:0010af74       __lseeki64                 0050ef74 f   libc:lseeki64.obj
 0001:0010b025       _fseek                     0050f025 f   libc:fseek.obj
 0001:0010b0b1       _fread                     0050f0b1 f   libc:fread.obj
 0001:0010b199       _ftell                     0050f199 f   libc:ftell.obj
 0001:0010b2f1       _strerror                  0050f2f1 f   libc:strerror.obj
 0001:0010b31d       _fwrite                    0050f31d f   libc:fwrite.obj
 0001:0010b427       __fstati64                 0050f427 f   libc:fstati64.obj
 0001:0010b6c0       _memcmp                    0050f6c0 f   libc:memcmp.obj
 0001:0010b76c       __toupper                  0050f76c f   libc:toupper.obj
 0001:0010b774       _toupper                   0050f774 f   libc:toupper.obj
 0001:0010b840       _strncat                   0050f840 f   libc:strncat.obj
 0001:0010b970       _strncmp                   0050f970 f   libc:strncmp.obj
 0001:0010b9a8       _atol                      0050f9a8 f   libc:atox.obj
 0001:0010ba33       _atoi                      0050fa33 f   libc:atox.obj
 0001:0010ba3e       __atoi64                   0050fa3e f   libc:atox.obj
 0001:0010baf8       _setvbuf                   0050faf8 f   libc:setvbuf.obj
 0001:0010bba0       __allrem                   0050fba0 f   libc:llrem.obj
 0001:0010bc60       __alldiv                   0050fc60 f   libc:lldiv.obj
 0001:0010bd10       __allmul                   0050fd10 f   libc:llmul.obj
 0001:0010bd44       __flsbuf                   0050fd44 f   libc:_flsbuf.obj
 0001:0010be59       _clearerr                  0050fe59 f   libc:clearerr.obj
 0001:0010be87       _rewind                    0050fe87 f   libc:rewind.obj
 0001:0010bedb       __XcptFilter               0050fedb f   libc:winxfltr.obj
 0001:0010c05f       __setenvp                  0051005f f   libc:stdenvp.obj
 0001:0010c118       __setargv                  00510118 f   libc:stdargv.obj
 0001:0010c365       ___crtGetEnvironmentStringsA 00510365 f   libc:a_env.obj
 0001:0010c497       __ioinit                   00510497 f   libc:ioinit.obj
 0001:0010c642       __ioterm                   00510642 f   libc:ioinit.obj
 0001:0010c665       __GetLinkerVersion         00510665 f   libc:heapinit.obj
 0001:0010c692       ___heap_select             00510692 f   libc:heapinit.obj
 0001:0010c7da       __heap_init                005107da f   libc:heapinit.obj
 0001:0010c837       __heap_term                00510837 f   libc:heapinit.obj
 0001:0010c8e0       __global_unwind2           005108e0 f   libc:exsup.obj
 0001:0010c922       __local_unwind2            00510922 f   libc:exsup.obj
 0001:0010c97a       __NLG_Return2              0051097a f   libc:exsup.obj
 0001:0010c98a       __abnormal_termination     0051098a f   libc:exsup.obj
 0001:0010c9ad       __NLG_Notify1              005109ad f   libc:exsup.obj
 0001:0010c9b6       __NLG_Notify               005109b6 f   libc:exsup.obj
 0001:0010c9c9       __NLG_Dispatch             005109c9 f   libc:exsup.obj
 0001:0010c9d8       __except_handler3          005109d8 f   libc:exsup3.obj
 0001:0010ca95       __seh_longjmp_unwind@4     00510a95 f   libc:exsup3.obj
 0001:0010cab0       __FF_MSGBANNER             00510ab0 f   libc:crt0msg.obj
 0001:0010cae9       __NMSG_WRITE               00510ae9 f   libc:crt0msg.obj
 0001:0010cc3c       __GET_RTERRMSG             00510c3c f   libc:crt0msg.obj
 0001:0010cc6d       __setdefaultprecision      00510c6d f   libc:fp8.obj
 0001:0010cc7f       __ms_p5_test_fdiv          00510c7f f   libc:testfdiv.obj
 0001:0010ccbd       __ms_p5_mp_test_fdiv       00510cbd f   libc:testfdiv.obj
 0001:0010cce6       __forcdecpt                00510ce6 f   libc:cvt.obj
 0001:0010cd40       __cropzeros                00510d40 f   libc:cvt.obj
 0001:0010cd8e       __positive                 00510d8e f   libc:cvt.obj
 0001:0010cda6       __fassign                  00510da6 f   libc:cvt.obj
 0001:0010cde4       __cftoe                    00510de4 f   libc:cvt.obj
 0001:0010cee8       __cftof                    00510ee8 f   libc:cvt.obj
 0001:0010cfc6       __cftog                    00510fc6 f   libc:cvt.obj
 0001:0010d0ab       __cfltcvt                  005110ab f   libc:cvt.obj
 0001:0010d121       __mbsnbicoll               00511121 f   libc:mbsnbico.obj
 0001:0010d160       _strlen                    00511160 f   libc:strlen.obj
 0001:0010d1db       ___wtomb_environ           005111db f   libc:wtombenv.obj
 0001:0010d249       _calloc                    00511249 f   libc:calloc.obj
 0001:0010d2fa       __fcloseall                005112fa f   libc:closeall.obj
 0001:0010d352       __dosmaperr                00511352 f   libc:dosmap.obj
 0001:0010d3b9       ___dtoxmode                005113b9 f   libc:stat.obj
 0001:0010d471       __stat                     00511471 f   libc:stat.obj
 0001:0010d794       ___loctotime_t             00511794 f   libc:dtoxtime.obj
 0001:0010d856       __fullpath                 00511856 f   libc:fullpath.obj
 0001:0010d8f9       __getdrive                 005118f9 f   libc:drive.obj
 0001:0010d93c       __chdrive                  0051193c f   libc:drive.obj
 0001:0010d993       __mbctolower               00511993 f   libc:mbtolwr.obj
 0001:0010da0e       __mbspbrk                  00511a0e f   libc:mbspbrk.obj
 0001:0010da93       __commit                   00511a93 f   libc:commit.obj
 0001:0010daea       _write                     00511aea f   libc:write.obj
 0001:0010daea       __write                    00511aea f   libc:write.obj
 0001:0010dc97       __stbuf                    00511c97 f   libc:_sftbuf.obj
 0001:0010dd24       __ftbuf                    00511d24 f   libc:_sftbuf.obj
 0001:0010dd61       __output                   00511d61 f   libc:output.obj
 0001:0010e56b       ___crtGetStringTypeA       0051256b f   libc:a_str.obj
 0001:0010e6b4       __get_sbh_threshold        005126b4 f   libc:sbheap.obj
 0001:0010e6d3       __set_sbh_threshold        005126d3 f   libc:sbheap.obj
 0001:0010e786       ___sbh_heap_init           00512786 f   libc:sbheap.obj
 0001:0010e7ce       ___sbh_find_block          005127ce f   libc:sbheap.obj
 0001:0010e7f9       ___sbh_free_block          005127f9 f   libc:sbheap.obj
 0001:0010eb22       ___sbh_alloc_block         00512b22 f   libc:sbheap.obj
 0001:0010ee2b       ___sbh_alloc_new_region    00512e2b f   libc:sbheap.obj
 0001:0010eedc       ___sbh_alloc_new_group     00512edc f   libc:sbheap.obj
 0001:0010efd7       ___sbh_resize_block        00512fd7 f   libc:sbheap.obj
 0001:0010f2cd       ___sbh_heapmin             005132cd f   libc:sbheap.obj
 0001:0010f39e       ___sbh_heap_check          0051339e f   libc:sbheap.obj
 0001:0010f6cd       __get_old_sbh_threshold    005136cd f   libc:sbheap.obj
 0001:0010f6d3       __set_old_sbh_threshold    005136d3 f   libc:sbheap.obj
 0001:0010f6ef       ___old_sbh_new_region      005136ef f   libc:sbheap.obj
 0001:0010f833       ___old_sbh_release_region  00513833 f   libc:sbheap.obj
 0001:0010f889       ___old_sbh_decommit_pages  00513889 f   libc:sbheap.obj
 0001:0010f94b       ___old_sbh_find_block      0051394b f   libc:sbheap.obj
 0001:0010f9a2       ___old_sbh_free_block      005139a2 f   libc:sbheap.obj
 0001:0010f9e7       ___old_sbh_alloc_block     005139e7 f   libc:sbheap.obj
 0001:0010fbef       ___old_sbh_alloc_block_from_page 00513bef f   libc:sbheap.obj
 0001:0010fd13       ___old_sbh_resize_block    00513d13 f   libc:sbheap.obj
 0001:0010fdbc       ___old_sbh_heap_check      00513dbc f   libc:sbheap.obj
 0001:0010ff1a       ?_set_new_handler@@YAP6AHI@ZP6AHI@Z@Z 00513f1a f   libc:handler.obj
 0001:0010ff2a       ?_query_new_handler@@YAP6AHI@ZXZ 00513f2a f   libc:handler.obj
 0001:0010ff30       __callnewh                 00513f30 f   libc:handler.obj
 0001:0010ff50       _memcpy                    00513f50 f   libc:memcpy.obj
 0001:001102a1       __fFEXP                    005142a1 f   libc:87tran.obj
 0001:00110308       __rtinfpopse               00514308 f   libc:87tran.obj
 0001:0011030a       __rtinfnpopse              0051430a f   libc:87tran.obj
 0001:0011031a       __fFLN                     0051431a f   libc:87tran.obj
 0001:001103cf       __rtinfpop                 005143cf f   libc:87tran.obj
 0001:001103d1       __rtinfnpop                005143d1 f   libc:87tran.obj
 0001:001103ee       __ffexpm1                  005143ee f   libc:87tran.obj
 0001:001104a0       __trandisp1                005144a0 f   libc:87disp.obj
 0001:00110507       __trandisp2                00514507 f   libc:87disp.obj
 0001:00110593       __rttospopde               00514593 f   libc:87disp.obj
 0001:00110598       __rttospop                 00514598 f   libc:87disp.obj
 0001:0011059a       __rtnospop                 0051459a f   libc:87disp.obj
 0001:0011059c       __rttosnpop                0051459c f   libc:87disp.obj
 0001:0011059d       __rtnospopde               0051459d f   libc:87disp.obj
 0001:001105a4       __rtzeropop                005145a4 f   libc:87disp.obj
 0001:001105a6       __rtzeronpop               005145a6 f   libc:87disp.obj
 0001:001105ab       __rtonepop                 005145ab f   libc:87disp.obj
 0001:001105ad       __rtonenpop                005145ad f   libc:87disp.obj
 0001:001105b2       __tosnan1                  005145b2 f   libc:87disp.obj
 0001:001105dd       __nosnan2                  005145dd f   libc:87disp.obj
 0001:001105df       __tosnan2                  005145df f   libc:87disp.obj
 0001:00110607       __nan2                     00514607 f   libc:87disp.obj
 0001:00110646       __rtindfpop                00514646 f   libc:87disp.obj
 0001:00110648       __rtindfnpop               00514648 f   libc:87disp.obj
 0001:00110659       __rttosnpopde              00514659 f   libc:87disp.obj
 0001:00110663       __rtchsifneg               00514663 f   libc:87disp.obj
 0001:00110670       __startTwoArgErrorHandling 00514670 f   libc:genexcep.obj
 0001:00110687       __startOneArgErrorHandling 00514687 f   libc:genexcep.obj
 0001:001106d0       __twoToTOS                 005146d0 f   libc:common.obj
 0001:001106e5       __load_CW                  005146e5 f   libc:common.obj
 0001:001106fc       __convertTOStoQNaN         005146fc f   libc:common.obj
 0001:00110715       __fload_withFB             00514715 f   libc:common.obj
 0001:00110758       __checkTOS_withFB          00514758 f   libc:common.obj
 0001:0011076e       __fast_exit                0051476e f   libc:common.obj
 0001:0011077b       __math_exit                0051477b f   libc:common.obj
 0001:001107a5       __check_overflow_exit      005147a5 f   libc:common.obj
 0001:001107b9       __check_range_exit         005147b9 f   libc:common.obj
 0001:0011085c       __powhlp                   0051485c f   libc:powhlp.obj
 0001:0011098c       __d_inttype                0051498c f   libc:powhlp.obj
 0001:001109f1       ___crtLCMapStringA         005149f1 f   libc:a_map.obj
 0001:00110c40       __filbuf                   00514c40 f   libc:_filbuf.obj
 0001:00110d19       __close                    00514d19 f   libc:close.obj
 0001:00110d19       _close                     00514d19 f   libc:close.obj
 0001:00110dcc       __freebuf                  00514dcc f   libc:_freebuf.obj
 0001:00110df7       __openfile                 00514df7 f   libc:_open.obj
 0001:00110f67       __getstream                00514f67 f   libc:stream.obj
 0001:00110fdf       _signal                    00514fdf f   libc:winsig.obj
 0001:00111123       _raise                     00515123 f   libc:winsig.obj
 0001:00111295       __alloc_osfhnd             00515295 f   libc:osfinfo.obj
 0001:0011132a       __set_osfhnd               0051532a f   libc:osfinfo.obj
 0001:001113a1       __free_osfhnd              005153a1 f   libc:osfinfo.obj
 0001:0011141b       __get_osfhandle            0051541b f   libc:osfinfo.obj
 0001:00111458       __open_osfhandle           00515458 f   libc:osfinfo.obj
 0001:001114f5       __lseek                    005154f5 f   libc:lseek.obj
 0001:001114f5       _lseek                     005154f5 f   libc:lseek.obj
 0001:0011158f       __read                     0051558f f   libc:read.obj
 0001:0011158f       _read                      0051558f f   libc:read.obj
 0001:00111790       _strcpy                    00515790 f   libc:strcat.obj
 0001:001117a0       _strcat                    005157a0 f   libc:strcat.obj
 0001:00111880       __getbuf                   00515880 f   libc:_getbuf.obj
 0001:001118c4       __isatty                   005158c4 f   libc:isatty.obj
 0001:001118c4       _isatty                    005158c4 f   libc:isatty.obj
 0001:001118ea       __setmbcp                  005158ea f   libc:mbctype.obj
 0001:00111cae       __getmbcp                  00515cae f   libc:mbctype.obj
 0001:00111cbe       ___initmbctable            00515cbe f   libc:mbctype.obj
 0001:00111cf0       _strchr                    00515cf0 f   libc:strchr.obj
 0001:00111cf6       ___from_strstr_to_strchr   00515cf6 f   libc:strchr.obj
 0001:00111db0       _strstr                    00515db0 f   libc:strstr.obj
 0001:00111e30       ___crtMessageBoxA          00515e30 f   libc:crtmbox.obj
 0001:00111eb9       __ZeroTail                 00515eb9 f   libc:intrncvt.obj
 0001:00111f02       __IncMan                   00515f02 f   libc:intrncvt.obj
 0001:00111f58       __RoundMan                 00515f58 f   libc:intrncvt.obj
 0001:00111fe4       __CopyMan                  00515fe4 f   libc:intrncvt.obj
 0001:00111fff       __FillZeroMan              00515fff f   libc:intrncvt.obj
 0001:0011200b       __IsZeroMan                0051600b f   libc:intrncvt.obj
 0001:00112026       __ShrMan                   00516026 f   libc:intrncvt.obj
 0001:001120b3       __ld12cvt                  005160b3 f   libc:intrncvt.obj
 0001:0011221f       __ld12tod                  0051621f f   libc:intrncvt.obj
 0001:00112235       __ld12tof                  00516235 f   libc:intrncvt.obj
 0001:0011224b       __ld12told                 0051624b f   libc:intrncvt.obj
 0001:001122c5       __atodbl                   005162c5 f   libc:intrncvt.obj
 0001:001122f2       __atoldbl                  005162f2 f   libc:intrncvt.obj
 0001:00112320       __atoflt                   00516320 f   libc:intrncvt.obj
 0001:0011234d       __fptostr                  0051634d f   libc:_fptostr.obj
 0001:001123c4       __fltout                   005163c4 f   libc:cfout.obj
 0001:00112428       ___dtold                   00516428 f   libc:cfout.obj
 0001:001124e0       _memset                    005164e0 f   libc:memset.obj
 0001:00112538       __fptrap                   00516538 f   libc:crt0fp.obj
 0001:00112541       ___crtCompareStringA       00516541 f   libc:a_cmp.obj
 0001:001127e9       ___crtsetenv               005167e9 f   libc:setenv.obj
 0001:00112a2f       __mbsicmp                  00516a2f f   libc:mbsicmp.obj
 0001:00112b9d       __mbsrchr                  00516b9d f   libc:mbsrchr.obj
 0001:00112bfd       ___tzset                   00516bfd f   libc:tzset.obj
 0001:00112c12       __tzset                    00516c12 f   libc:tzset.obj
 0001:00112e70       __isindst                  00516e70 f   libc:tzset.obj
 0001:0011315c       _getcwd                    0051715c f   libc:getcwd.obj
 0001:0011315c       __getcwd                   0051715c f   libc:getcwd.obj
 0001:0011316f       __getdcwd                  0051716f f   libc:getcwd.obj
 0001:00113240       __validdrive               00517240 f   libc:getcwd.obj
 0001:00113280       _strpbrk                   00517280 f   libc:strpbrk.obj
 0001:001132ba       _wctomb                    005172ba f   libc:wctomb.obj
 0001:00113330       __aulldiv                  00517330 f   libc:ulldiv.obj
 0001:001133a0       __aullrem                  005173a0 f   libc:ullrem.obj
 0001:00113420       _fdiv_main_routine         00517420 f   libc:adj_fdiv.obj
 0001:00113537       __adj_fdiv_r               00517537 f   libc:adj_fdiv.obj
 0001:001139d6       __fdivp_sti_st             005179d6 f   libc:adj_fdiv.obj
 0001:001139e9       __fdivrp_sti_st            005179e9 f   libc:adj_fdiv.obj
 0001:001139fc       __adj_fdiv_m32             005179fc f   libc:adj_fdiv.obj
 0001:00113a48       __adj_fdiv_m64             00517a48 f   libc:adj_fdiv.obj
 0001:00113a94       __adj_fdiv_m16i            00517a94 f   libc:adj_fdiv.obj
 0001:00113ac8       __adj_fdiv_m32i            00517ac8 f   libc:adj_fdiv.obj
 0001:00113afc       __adj_fdivr_m32            00517afc f   libc:adj_fdiv.obj
 0001:00113b48       __adj_fdivr_m64            00517b48 f   libc:adj_fdiv.obj
 0001:00113b94       __adj_fdivr_m16i           00517b94 f   libc:adj_fdiv.obj
 0001:00113bc8       __adj_fdivr_m32i           00517bc8 f   libc:adj_fdiv.obj
 0001:00113bfc       __safe_fdiv                00517bfc f   libc:adj_fdiv.obj
 0001:00113c11       __safe_fdivr               00517c11 f   libc:adj_fdiv.obj
 0001:00113c26       __fprem_common             00517c26 f   libc:adj_fdiv.obj
 0001:00113e2c       __adj_fprem                00517e2c f   libc:adj_fdiv.obj
 0001:00113ede       __fprem1_common            00517ede f   libc:adj_fdiv.obj
 0001:001140e4       __adj_fprem1               005180e4 f   libc:adj_fdiv.obj
 0001:00114199       __safe_fprem               00518199 f   libc:adj_fdiv.obj
 0001:0011419f       __safe_fprem1              0051819f f   libc:adj_fdiv.obj
 0001:001141a5       __adj_fpatan               005181a5 f   libc:adj_fdiv.obj
 0001:001141a8       __adj_fptan                005181a8 f   libc:adj_fdiv.obj
 0001:001141ab       __87except                 005181ab f   libc:87except.obj
 0001:0011427b       __set_exp                  0051827b f   libc:util.obj
 0001:001142a4       __get_exp                  005182a4 f   libc:util.obj
 0001:001142b8       __add_exp                  005182b8 f   libc:util.obj
 0001:001142e4       __set_bexp                 005182e4 f   libc:util.obj
 0001:00114308       __sptype                   00518308 f   libc:util.obj
 0001:00114362       __decomp                   00518362 f   libc:util.obj
 0001:00114423       __frnd                     00518423 f   libc:frnd.obj
 0001:00114435       __copysign                 00518435 f   libc:ieeemisc.obj
 0001:00114456       __chgsign                  00518456 f   libc:ieeemisc.obj
 0001:0011447b       __scalb                    0051847b f   libc:ieeemisc.obj
 0001:00114491       __logb                     00518491 f   libc:ieeemisc.obj
 0001:00114578       __nextafter                00518578 f   libc:ieeemisc.obj
 0001:0011480d       __finite                   0051880d f   libc:ieeemisc.obj
 0001:00114821       __isnan                    00518821 f   libc:ieeemisc.obj
 0001:0011484f       __fpclass                  0051884f f   libc:ieeemisc.obj
 0001:001148e1       __open                     005188e1 f   libc:open.obj
 0001:001148e1       _open                      005188e1 f   libc:open.obj
 0001:001148f8       __sopen                    005188f8 f   libc:open.obj
 0001:00114bb1       ___addl                    00518bb1 f   libc:mantold.obj
 0001:00114bd2       ___add_12                  00518bd2 f   libc:mantold.obj
 0001:00114c30       ___shl_12                  00518c30 f   libc:mantold.obj
 0001:00114c5e       ___shr_12                  00518c5e f   libc:mantold.obj
 0001:00114c8b       ___mtold12                 00518c8b f   libc:mantold.obj
 0001:00114d52       ___strgtold12              00518d52 f   libc:strgtold.obj
 0001:00115223       ___STRINGTOLD              00519223 f   libc:strgtold.obj
 0001:0011525f       _$I10_OUTPUT               0051925f f   libc:x10fout.obj
 0001:001154f2       __mbschr                   005194f2 f   libc:mbschr.obj
 0001:00115565       __strdup                   00519565 f   libc:strdup.obj
 0001:00115590       __stricmp                  00519590 f   libc:stricmp.obj
 0001:00115590       __strcmpi                  00519590 f   libc:stricmp.obj
 0001:00115620       _strrchr                   00519620 f   libc:strrchr.obj
 0001:00115650       _strcmp                    00519650 f   libc:strcmp.obj
 0001:001156d4       __handle_qnan1             005196d4 f   libc:fpexcept.obj
 0001:00115727       __handle_qnan2             00519727 f   libc:fpexcept.obj
 0001:00115786       __except1                  00519786 f   libc:fpexcept.obj
 0001:0011581e       __except2                  0051981e f   libc:fpexcept.obj
 0001:001158c3       __raise_exc                005198c3 f   libc:fpexcept.obj
 0001:00115b76       __handle_exc               00519b76 f   libc:fpexcept.obj
 0001:00115d8d       __umatherr                 00519d8d f   libc:fpexcept.obj
 0001:00115e15       __set_errno                00519e15 f   libc:fpexcept.obj
 0001:00115e60       __errcode                  00519e60 f   libc:fpexcept.obj
 0001:00115e8d       __matherr                  00519e8d f   libc:matherr.obj
 0001:00115e90       __statfp                   00519e90 f   libc:fpctrl.obj
 0001:00115e9e       __clrfp                    00519e9e f   libc:fpctrl.obj
 0001:00115ead       __ctrlfp                   00519ead f   libc:fpctrl.obj
 0001:00115ed0       __set_statfp               00519ed0 f   libc:fpctrl.obj
 0001:00115f26       _ldexp                     00519f26 f   libc:ldexp.obj
 0001:0011610c       __chsize                   0051a10c f   libc:chsize.obj
 0001:00116252       ___ld12mul                 0051a252 f   libc:tenpow.obj
 0001:00116472       ___multtenpow12            0051a472 f   libc:tenpow.obj
 0001:001164ee       __setmode                  0051a4ee f   libc:setmode.obj
 0001:00116564       _MessageBoxA@16            0051a564 f   user32:USER32.dll
 0001:00116570       _GetTimeZoneInformation@4  0051a570 f   kernel32:KERNEL32.dll
 0001:00116576       _GetLocalTime@4            0051a576 f   kernel32:KERNEL32.dll
 0001:0011657c       _GetCommandLineA@0         0051a57c f   kernel32:KERNEL32.dll
 0001:00116582       _AllocConsole@0            0051a582 f   kernel32:KERNEL32.dll
 0001:00116588       _GetStdHandle@4            0051a588 f   kernel32:KERNEL32.dll
 0001:0011658e       _QueryPerformanceCounter@4 0051a58e f   kernel32:KERNEL32.dll
 0001:00116594       _QueryPerformanceFrequency@4 0051a594 f   kernel32:KERNEL32.dll
 0001:0011659a       _GetVersionExA@4           0051a59a f   kernel32:KERNEL32.dll
 0001:001165a0       _GetProcAddress@8          0051a5a0 f   kernel32:KERNEL32.dll
 0001:001165a6       _GetModuleHandleA@4        0051a5a6 f   kernel32:KERNEL32.dll
 0001:001165ac       _ReadFile@20               0051a5ac f   kernel32:KERNEL32.dll
 0001:001165b2       _GetLastError@0            0051a5b2 f   kernel32:KERNEL32.dll
 0001:001165b8       _SetFilePointer@16         0051a5b8 f   kernel32:KERNEL32.dll
 0001:001165be       _FormatMessageA@28         0051a5be f   kernel32:KERNEL32.dll
 0001:001165c4       _DeleteFileA@4             0051a5c4 f   kernel32:KERNEL32.dll
 0001:001165ca       _WriteFile@20              0051a5ca f   kernel32:KERNEL32.dll
 0001:001165d0       _CreateFileA@28            0051a5d0 f   kernel32:KERNEL32.dll
 0001:001165d6       _CloseHandle@4             0051a5d6 f   kernel32:KERNEL32.dll
 0001:001165dc       _GetFileSize@8             0051a5dc f   kernel32:KERNEL32.dll
 0001:001165e2       _UnmapViewOfFile@4         0051a5e2 f   kernel32:KERNEL32.dll
 0001:001165e8       _IsBadReadPtr@8            0051a5e8 f   kernel32:KERNEL32.dll
 0001:001165ee       _MapViewOfFile@20          0051a5ee f   kernel32:KERNEL32.dll
 0001:001165f4       _CreateFileMappingA@24     0051a5f4 f   kernel32:KERNEL32.dll
 0001:001165fa       _GetFileType@4             0051a5fa f   kernel32:KERNEL32.dll
 0001:00116600       _GetFileAttributesA@4      0051a600 f   kernel32:KERNEL32.dll
 0001:00116606       _SearchPathA@24            0051a606 f   kernel32:KERNEL32.dll
 0001:0011660c       _LoadLibraryExA@12         0051a60c f   kernel32:KERNEL32.dll
 0001:00116612       _GetVersion@0              0051a612 f   kernel32:KERNEL32.dll
 0001:00116618       _ExitProcess@4             0051a618 f   kernel32:KERNEL32.dll
 0001:0011661e       _FindClose@4               0051a61e f   kernel32:KERNEL32.dll
 0001:00116624       _FileTimeToSystemTime@8    0051a624 f   kernel32:KERNEL32.dll
 0001:0011662a       _FileTimeToLocalFileTime@8 0051a62a f   kernel32:KERNEL32.dll
 0001:00116630       _GetDriveTypeA@4           0051a630 f   kernel32:KERNEL32.dll
 0001:00116636       _FindFirstFileA@8          0051a636 f   kernel32:KERNEL32.dll
 0001:0011663c       _HeapFree@12               0051a63c f   kernel32:KERNEL32.dll
 0001:00116642       _HeapAlloc@12              0051a642 f   kernel32:KERNEL32.dll
 0001:00116648       _HeapReAlloc@16            0051a648 f   kernel32:KERNEL32.dll
 0001:0011664e       _TerminateProcess@8        0051a64e f   kernel32:KERNEL32.dll
 0001:00116654       _GetCurrentProcess@0       0051a654 f   kernel32:KERNEL32.dll
 0001:0011665a       _GetFileInformationByHandle@8 0051a65a f   kernel32:KERNEL32.dll
 0001:00116660       _PeekNamedPipe@24          0051a660 f   kernel32:KERNEL32.dll
 0001:00116666       _UnhandledExceptionFilter@4 0051a666 f   kernel32:KERNEL32.dll
 0001:0011666c       _GetModuleFileNameA@12     0051a66c f   kernel32:KERNEL32.dll
 0001:00116672       _FreeEnvironmentStringsA@4 0051a672 f   kernel32:KERNEL32.dll
 0001:00116678       _FreeEnvironmentStringsW@4 0051a678 f   kernel32:KERNEL32.dll
 0001:0011667e       _WideCharToMultiByte@32    0051a67e f   kernel32:KERNEL32.dll
 0001:00116684       _GetEnvironmentStrings@0   0051a684 f   kernel32:KERNEL32.dll
 0001:0011668a       _GetEnvironmentStringsW@0  0051a68a f   kernel32:KERNEL32.dll
 0001:00116690       _SetHandleCount@4          0051a690 f   kernel32:KERNEL32.dll
 0001:00116696       _GetStartupInfoA@4         0051a696 f   kernel32:KERNEL32.dll
 0001:0011669c       _GetEnvironmentVariableA@12 0051a69c f   kernel32:KERNEL32.dll
 0001:001166a2       _HeapDestroy@4             0051a6a2 f   kernel32:KERNEL32.dll
 0001:001166a8       _HeapCreate@12             0051a6a8 f   kernel32:KERNEL32.dll
 0001:001166ae       _VirtualFree@12            0051a6ae f   kernel32:KERNEL32.dll
 0001:001166b4       _RtlUnwind@16              0051a6b4 f   kernel32:KERNEL32.dll
 0001:001166ba       _GetFullPathNameA@16       0051a6ba f   kernel32:KERNEL32.dll
 0001:001166c0       _GetCurrentDirectoryA@8    0051a6c0 f   kernel32:KERNEL32.dll
 0001:001166c6       _SetCurrentDirectoryA@4    0051a6c6 f   kernel32:KERNEL32.dll
 0001:001166cc       _FlushFileBuffers@4        0051a6cc f   kernel32:KERNEL32.dll
 0001:001166d2       _MultiByteToWideChar@24    0051a6d2 f   kernel32:KERNEL32.dll
 0001:001166d8       _GetStringTypeA@20         0051a6d8 f   kernel32:KERNEL32.dll
 0001:001166de       _GetStringTypeW@16         0051a6de f   kernel32:KERNEL32.dll
 0001:001166e4       _VirtualAlloc@16           0051a6e4 f   kernel32:KERNEL32.dll
 0001:001166ea       _IsBadWritePtr@8           0051a6ea f   kernel32:KERNEL32.dll
 0001:001166f0       _LCMapStringA@24           0051a6f0 f   kernel32:KERNEL32.dll
 0001:001166f6       _LCMapStringW@24           0051a6f6 f   kernel32:KERNEL32.dll
 0001:001166fc       _SetConsoleCtrlHandler@8   0051a6fc f   kernel32:KERNEL32.dll
 0001:00116702       _SetStdHandle@8            0051a702 f   kernel32:KERNEL32.dll
 0001:00116708       _GetCPInfo@8               0051a708 f   kernel32:KERNEL32.dll
 0001:0011670e       _GetACP@0                  0051a70e f   kernel32:KERNEL32.dll
 0001:00116714       _GetOEMCP@0                0051a714 f   kernel32:KERNEL32.dll
 0001:0011671a       _LoadLibraryA@4            0051a71a f   kernel32:KERNEL32.dll
 0001:00116720       _CompareStringA@24         0051a720 f   kernel32:KERNEL32.dll
 0001:00116726       _CompareStringW@24         0051a726 f   kernel32:KERNEL32.dll
 0001:0011672c       _SetEnvironmentVariableA@8 0051a72c f   kernel32:KERNEL32.dll
 0001:00116732       _RaiseException@16         0051a732 f   kernel32:KERNEL32.dll
 0001:00116738       _SetEndOfFile@4            0051a738 f   kernel32:KERNEL32.dll
 0001:00116740       _f_dint                    0051a740 f   fj90f:jwe_fdin.obj
 0001:001167b0       _jwe_fjci                  0051a7b0 f   fj90f:jwe_fjci.obj
 0001:001167e0       _jwe_fvav                  0051a7e0 f   fj90f:jwe_fu8f.obj
 0001:00116830       _jwe_fumu                  0051a830 f   fj90f:jwe_fu8f.obj
 0001:001168c0       _jwe_fvvv                  0051a8c0 f   fj90f:jwe_fu8f.obj
 0001:00116910       _jwe_fjcv                  0051a910 f   fj90f:jwe_fjcv.obj
 0001:00116930       _jwe_fjdu                  0051a930 f   fj90f:jwe_fjdu.obj
 0001:00116ad0       _jwe_fnzb                  0051aad0 f   fj90f:jwe_fnzb.obj
 0001:00116c10       _f_a8sb                    0051ac10 f   fj90f:jwe_fjsb.obj
 0001:00116d80       _g_dbleq                   0051ad80 f   fj90g:jwe_gdbq.obj
 0001:00116f50       _g_aqcj                    0051af50 f   fj90g:jwe_gqcj.obj
 0001:001170e0       _main                      0051b0e0 f   fj90i:jwe_xrt0.obj
 0001:001171d0       __fstat                    0051b1d0 f   libc:fstat.obj
 0001:001171d0       _fstat                     0051b1d0 f   libc:fstat.obj
 0001:00117448       _fileno                    0051b448 f   libc:fileno.obj
 0001:00117448       __fileno                   0051b448 f   libc:fileno.obj
 0001:00117450       _cprintf                   0051b450 f   libc:cprintf.obj
 0001:00117450       __cprintf                  0051b450 f   libc:cprintf.obj
 0001:00117c32       _tempnam                   0051bc32 f   libc:tempnam.obj
 0001:00117c32       __tempnam                  0051bc32 f   libc:tempnam.obj
 0001:00117e19       _remove                    0051be19 f   libc:unlink.obj
 0001:00117e43       _unlink                    0051be43 f   libc:unlink.obj
 0001:00117e43       __unlink                   0051be43 f   libc:unlink.obj
 0001:00117e50       _strnicmp                  0051be50 f   libc:strnicmp.obj
 0001:00117e50       __strnicmp                 0051be50 f   libc:strnicmp.obj
 0001:00117efd       __putch                    0051befd f   libc:putch.obj
 0001:00117f41       __itoa                     0051bf41 f   libc:xtoa.obj
 0001:00117fca       __ltoa                     0051bfca f   libc:xtoa.obj
 0001:00117ff4       __ultoa                    0051bff4 f   libc:xtoa.obj
 0001:0011800f       __i64toa                   0051c00f f   libc:xtoa.obj
 0001:001180c6       __ui64toa                  0051c0c6 f   libc:xtoa.obj
 0001:001180e1       __rmtmp                    0051c0e1 f   libc:rmtmp.obj
 0001:0011811d       __access                   0051c11d f   libc:access.obj
 0001:00118161       ___initconin               0051c161 f   libc:initcon.obj
 0001:00118180       ___initconout              0051c180 f   libc:initcon.obj
 0001:0011819f       ___termcon                 0051c19f f   libc:initcon.obj
 0001:001181cc       _WriteConsoleA@20          0051c1cc f   kernel32:KERNEL32.dll
 0002:00000000       __imp__GetVersion@0        0051d000     kernel32:KERNEL32.dll
 0002:00000004       __imp__SetEndOfFile@4      0051d004     kernel32:KERNEL32.dll
 0002:00000008       __imp__RaiseException@16   0051d008     kernel32:KERNEL32.dll
 0002:0000000c       __imp__SetEnvironmentVariableA@8 0051d00c     kernel32:KERNEL32.dll
 0002:00000010       __imp__CompareStringW@24   0051d010     kernel32:KERNEL32.dll
 0002:00000014       __imp__CompareStringA@24   0051d014     kernel32:KERNEL32.dll
 0002:00000018       __imp__LoadLibraryA@4      0051d018     kernel32:KERNEL32.dll
 0002:0000001c       __imp__GetOEMCP@0          0051d01c     kernel32:KERNEL32.dll
 0002:00000020       __imp__GetACP@0            0051d020     kernel32:KERNEL32.dll
 0002:00000024       __imp__GetCPInfo@8         0051d024     kernel32:KERNEL32.dll
 0002:00000028       __imp__SetStdHandle@8      0051d028     kernel32:KERNEL32.dll
 0002:0000002c       __imp__SetConsoleCtrlHandler@8 0051d02c     kernel32:KERNEL32.dll
 0002:00000030       __imp__LCMapStringW@24     0051d030     kernel32:KERNEL32.dll
 0002:00000034       __imp__LCMapStringA@24     0051d034     kernel32:KERNEL32.dll
 0002:00000038       __imp__IsBadWritePtr@8     0051d038     kernel32:KERNEL32.dll
 0002:0000003c       __imp__VirtualAlloc@16     0051d03c     kernel32:KERNEL32.dll
 0002:00000040       __imp__GetStringTypeW@16   0051d040     kernel32:KERNEL32.dll
 0002:00000044       __imp__GetStringTypeA@20   0051d044     kernel32:KERNEL32.dll
 0002:00000048       __imp__MultiByteToWideChar@24 0051d048     kernel32:KERNEL32.dll
 0002:0000004c       __imp__FlushFileBuffers@4  0051d04c     kernel32:KERNEL32.dll
 0002:00000050       __imp__SetCurrentDirectoryA@4 0051d050     kernel32:KERNEL32.dll
 0002:00000054       __imp__GetCurrentDirectoryA@8 0051d054     kernel32:KERNEL32.dll
 0002:00000058       __imp__GetFullPathNameA@16 0051d058     kernel32:KERNEL32.dll
 0002:0000005c       __imp__GetTimeZoneInformation@4 0051d05c     kernel32:KERNEL32.dll
 0002:00000060       __imp__GetLocalTime@4      0051d060     kernel32:KERNEL32.dll
 0002:00000064       __imp__GetCommandLineA@0   0051d064     kernel32:KERNEL32.dll
 0002:00000068       __imp__AllocConsole@0      0051d068     kernel32:KERNEL32.dll
 0002:0000006c       __imp__GetStdHandle@4      0051d06c     kernel32:KERNEL32.dll
 0002:00000070       __imp__QueryPerformanceCounter@4 0051d070     kernel32:KERNEL32.dll
 0002:00000074       __imp__QueryPerformanceFrequency@4 0051d074     kernel32:KERNEL32.dll
 0002:00000078       __imp__GetVersionExA@4     0051d078     kernel32:KERNEL32.dll
 0002:0000007c       __imp__GetProcAddress@8    0051d07c     kernel32:KERNEL32.dll
 0002:00000080       __imp__GetModuleHandleA@4  0051d080     kernel32:KERNEL32.dll
 0002:00000084       __imp__ReadFile@20         0051d084     kernel32:KERNEL32.dll
 0002:00000088       __imp__GetLastError@0      0051d088     kernel32:KERNEL32.dll
 0002:0000008c       __imp__SetFilePointer@16   0051d08c     kernel32:KERNEL32.dll
 0002:00000090       __imp__FormatMessageA@28   0051d090     kernel32:KERNEL32.dll
 0002:00000094       __imp__DeleteFileA@4       0051d094     kernel32:KERNEL32.dll
 0002:00000098       __imp__WriteFile@20        0051d098     kernel32:KERNEL32.dll
 0002:0000009c       __imp__CreateFileA@28      0051d09c     kernel32:KERNEL32.dll
 0002:000000a0       __imp__CloseHandle@4       0051d0a0     kernel32:KERNEL32.dll
 0002:000000a4       __imp__GetFileSize@8       0051d0a4     kernel32:KERNEL32.dll
 0002:000000a8       __imp__UnmapViewOfFile@4   0051d0a8     kernel32:KERNEL32.dll
 0002:000000ac       __imp__IsBadReadPtr@8      0051d0ac     kernel32:KERNEL32.dll
 0002:000000b0       __imp__MapViewOfFile@20    0051d0b0     kernel32:KERNEL32.dll
 0002:000000b4       __imp__CreateFileMappingA@24 0051d0b4     kernel32:KERNEL32.dll
 0002:000000b8       __imp__GetFileType@4       0051d0b8     kernel32:KERNEL32.dll
 0002:000000bc       __imp__GetFileAttributesA@4 0051d0bc     kernel32:KERNEL32.dll
 0002:000000c0       __imp__SearchPathA@24      0051d0c0     kernel32:KERNEL32.dll
 0002:000000c4       __imp__LoadLibraryExA@12   0051d0c4     kernel32:KERNEL32.dll
 0002:000000c8       __imp__WriteConsoleA@20    0051d0c8     kernel32:KERNEL32.dll
 0002:000000cc       __imp__ExitProcess@4       0051d0cc     kernel32:KERNEL32.dll
 0002:000000d0       __imp__FindClose@4         0051d0d0     kernel32:KERNEL32.dll
 0002:000000d4       __imp__FileTimeToSystemTime@8 0051d0d4     kernel32:KERNEL32.dll
 0002:000000d8       __imp__FileTimeToLocalFileTime@8 0051d0d8     kernel32:KERNEL32.dll
 0002:000000dc       __imp__GetDriveTypeA@4     0051d0dc     kernel32:KERNEL32.dll
 0002:000000e0       __imp__FindFirstFileA@8    0051d0e0     kernel32:KERNEL32.dll
 0002:000000e4       __imp__HeapFree@12         0051d0e4     kernel32:KERNEL32.dll
 0002:000000e8       __imp__HeapAlloc@12        0051d0e8     kernel32:KERNEL32.dll
 0002:000000ec       __imp__HeapReAlloc@16      0051d0ec     kernel32:KERNEL32.dll
 0002:000000f0       __imp__TerminateProcess@8  0051d0f0     kernel32:KERNEL32.dll
 0002:000000f4       __imp__GetCurrentProcess@0 0051d0f4     kernel32:KERNEL32.dll
 0002:000000f8       __imp__GetFileInformationByHandle@8 0051d0f8     kernel32:KERNEL32.dll
 0002:000000fc       __imp__PeekNamedPipe@24    0051d0fc     kernel32:KERNEL32.dll
 0002:00000100       __imp__UnhandledExceptionFilter@4 0051d100     kernel32:KERNEL32.dll
 0002:00000104       __imp__GetModuleFileNameA@12 0051d104     kernel32:KERNEL32.dll
 0002:00000108       __imp__FreeEnvironmentStringsA@4 0051d108     kernel32:KERNEL32.dll
 0002:0000010c       __imp__FreeEnvironmentStringsW@4 0051d10c     kernel32:KERNEL32.dll
 0002:00000110       __imp__WideCharToMultiByte@32 0051d110     kernel32:KERNEL32.dll
 0002:00000114       __imp__GetEnvironmentStrings@0 0051d114     kernel32:KERNEL32.dll
 0002:00000118       __imp__GetEnvironmentStringsW@0 0051d118     kernel32:KERNEL32.dll
 0002:0000011c       __imp__SetHandleCount@4    0051d11c     kernel32:KERNEL32.dll
 0002:00000120       __imp__GetStartupInfoA@4   0051d120     kernel32:KERNEL32.dll
 0002:00000124       __imp__GetEnvironmentVariableA@12 0051d124     kernel32:KERNEL32.dll
 0002:00000128       __imp__HeapDestroy@4       0051d128     kernel32:KERNEL32.dll
 0002:0000012c       __imp__HeapCreate@12       0051d12c     kernel32:KERNEL32.dll
 0002:00000130       __imp__VirtualFree@12      0051d130     kernel32:KERNEL32.dll
 0002:00000134       __imp__RtlUnwind@16        0051d134     kernel32:KERNEL32.dll
 0002:00000138       \177KERNEL32_NULL_THUNK_DATA 0051d138     kernel32:KERNEL32.dll
 0002:0000013c       __imp__MessageBoxA@16      0051d13c     user32:USER32.dll
 0002:00000140       \177USER32_NULL_THUNK_DATA 0051d140     user32:USER32.dll
 0002:00000144       __imp__f90sqlconnectstr_   0051d144     f90sql:f90SQLLF95.dll
 0002:00000148       __imp__f90sqlsetconnectattint_ 0051d148     f90sql:f90SQLLF95.dll
 0002:0000014c       __imp__f90sqlbindparameterdouble_ 0051d14c     f90sql:f90SQLLF95.dll
 0002:00000150       __imp__f90sqlbindparameterstr_ 0051d150     f90sql:f90SQLLF95.dll
 0002:00000154       __imp__f90sqlbindparametertimestmp_ 0051d154     f90sql:f90SQLLF95.dll
 0002:00000158       __imp__f90sqlbindparameterint_ 0051d158     f90sql:f90SQLLF95.dll
 0002:0000015c       __imp__f90sqlgetdiagrecstr_ 0051d15c     f90sql:f90SQLLF95.dll
 0002:00000160       __imp__f90sqlexecdirectstr_ 0051d160     f90sql:f90SQLLF95.dll
 0002:00000164       __imp__f90sqlbindcoldouble_ 0051d164     f90sql:f90SQLLF95.dll
 0002:00000168       __imp__f90sqlbindcoltimestmp_ 0051d168     f90sql:f90SQLLF95.dll
 0002:0000016c       __imp__f90sqlallochandle_  0051d16c     f90sql:f90SQLLF95.dll
 0002:00000170       __imp__f90sqlsetenvattrint_ 0051d170     f90sql:f90SQLLF95.dll
 0002:00000174       __imp__f90sqldriverconnectstr_ 0051d174     f90sql:f90SQLLF95.dll
 0002:00000178       __imp__f90sqlpreparestr_   0051d178     f90sql:f90SQLLF95.dll
 0002:0000017c       __imp__f90sqlexecute_      0051d17c     f90sql:f90SQLLF95.dll
 0002:00000180       __imp__f90sqlbindcolint_   0051d180     f90sql:f90SQLLF95.dll
 0002:00000184       __imp__f90sqlbindcolstr_   0051d184     f90sql:f90SQLLF95.dll
 0002:00000188       __imp__f90sqlbindcolsmllint_ 0051d188     f90sql:f90SQLLF95.dll
 0002:0000018c       __imp__f90sqlfetch_        0051d18c     f90sql:f90SQLLF95.dll
 0002:00000190       __imp__f90sqlfreehandle_   0051d190     f90sql:f90SQLLF95.dll
 0002:00000194       __imp__f90sqldisconnect_   0051d194     f90sql:f90SQLLF95.dll
 0002:00000198       \177f90SQLLF95_NULL_THUNK_DATA 0051d198     f90sql:f90SQLLF95.dll
 0002:000001f8       _jwe_sz__lndclc_           0051d1f8     DesolationCanyon.OBJ
 0002:000001fc       _jwe_ssn__lndclc_          0051d1fc     DesolationCanyon.OBJ
 0002:000002c4       _jwe_sz__errorfunc_        0051d2c4     DesolationCanyon.OBJ
 0002:000002c8       _jwe_ssn__errorfunc_       0051d2c8     DesolationCanyon.OBJ
 0002:000003d8       _jwe_sz__paramdim_         0051d3d8     BUDGET.obj
 0002:000003dc       _jwe_sz__commo_            0051d3dc     BUDGET.obj
 0002:000003e0       _jwe_sz__subvars_          0051d3e0     BUDGET.obj
 0002:000003e4       _jwe_sz__printstuff_       0051d3e4     BUDGET.obj
 0002:000003e8       _jwe_sz__f90sqlvariables_  0051d3e8     BUDGET.obj
 0002:000003ec       _jwe_sz__MAIN__            0051d3ec     BUDGET.obj
 0002:000003f0       _jwe_ssn__MAIN__           0051d3f0     BUDGET.obj
 0002:00007ab4       _jwe_sz__inq_              00524ab4     BUDGET.obj
 0002:00007ab8       _jwe_ssn__cby_             00524ab8     BUDGET.obj
 0002:00007ab8       _jwe_ssn__iou_             00524ab8     BUDGET.obj
 0002:00007ab8       _jwe_ssn__inq_             00524ab8     BUDGET.obj
 0002:00007ab8       _jwe_ssn__cgw_             00524ab8     BUDGET.obj
 0002:00007ab8       _jwe_ssn__upc_             00524ab8     BUDGET.obj
 0002:00007ab8       _jwe_ssn__rck_             00524ab8     BUDGET.obj
 0002:00007c64       _jwe_sz__errprt_           00524c64     BUDGET.obj
 0002:00007c68       _jwe_ssn__errprt_          00524c68     BUDGET.obj
 0002:00007d14       _jwe_sz__getpat_           00524d14     BUDGET.obj
 0002:00007d18       _jwe_ssn__getpat_          00524d18     BUDGET.obj
 0002:00007dd4       _jwe_sz__justem_           00524dd4     BUDGET.obj
 0002:00007dd8       _jwe_ssn__justem_          00524dd8     BUDGET.obj
 0002:00007eac       _jwe_sz__nonull_           00524eac     BUDGET.obj
 0002:00007eb0       _jwe_ssn__nonull_          00524eb0     BUDGET.obj
 0002:00007f44       _jwe_sz__prntit_           00524f44     BUDGET.obj
 0002:00007f48       _jwe_ssn__prntit_          00524f48     BUDGET.obj
 0002:00007fec       _jwe_sz__round_            00524fec     BUDGET.obj
 0002:00007ff0       _jwe_ssn__round_           00524ff0     BUDGET.obj
 0002:0000803c       _jwe_sz__alltrim_          0052503c     BUDGET.obj
 0002:00008040       _jwe_ssn__alltrim_         00525040     BUDGET.obj
 0002:0000813c       _jwe_sz__justext_          0052513c     BUDGET.obj
 0002:00008140       _jwe_ssn__justext_         00525140     BUDGET.obj
 0002:000081b4       _jwe_sz__strcomp_          005251b4     BUDGET.obj
 0002:000081b8       _jwe_ssn__strcomp_         005251b8     BUDGET.obj
 0002:00008284       _jwe_sz__initializeaccessvars_ 00525284     BUDGET.obj
 0002:00008288       _jwe_ssn__initializeaccessvars_ 00525288     BUDGET.obj
 0002:0000830c       _jwe_sz__swap_             0052530c     BUDGET.obj
 0002:00008310       _jwe_ssn__swap_            00525310     BUDGET.obj
 0002:00008364       _jwe_sz__writecrop_        00525364     BUDGET.obj
 0002:00008368       _jwe_ssn__writecrop_       00525368     BUDGET.obj
 0002:000083fc       _jwe_sz__storemonvar_      005253fc     BUDGET.obj
 0002:00008400       _jwe_ssn__storemonvar_     00525400     BUDGET.obj
 0002:00008684       _jwe_sz__storemonvarxi_    00525684     BUDGET.obj
 0002:00008688       _jwe_ssn__storemonvarxi_   00525688     BUDGET.obj
 0002:0000890c       _jwe_sz__storemon_         0052590c     BUDGET.obj
 0002:00008910       _jwe_ssn__storemon_        00525910     BUDGET.obj
 0002:00008b24       _jwe_sz__justright_        00525b24     BUDGET.obj
 0002:00008b28       _jwe_ssn__justright_       00525b28     BUDGET.obj
 0002:00008ba4       _jwe_sz__nocomma_          00525ba4     BUDGET.obj
 0002:00008ba8       _jwe_ssn__nocomma_         00525ba8     BUDGET.obj
 0002:00008c24       _jwe_sz__MODULE@printstuff_ 00525c24     BUDGET.obj
 0002:00008c28       _jwe_sz__MODULE@commo_     00525c28     BUDGET.obj
 0002:0000d750       _jwe_sz__fsql_data_        0052a750     AccessSubs.OBJ
 0002:0000d754       _jwe_sz__accessread_       0052a754     AccessSubs.OBJ
 0002:0000d758       _jwe_ssn__accessread_      0052a758     AccessSubs.OBJ
 0002:0000dad8       _jwe_sz__showdiags_        0052aad8     AccessSubs.OBJ
 0002:0000dadc       _jwe_ssn__showdiags_       0052aadc     AccessSubs.OBJ
 0002:0000db6c       _jwe_sz__accessupdate_     0052ab6c     AccessSubs.OBJ
[...]
 0001:000db9c0       _jwe_ioni                  004df9c0 f   fj90i:jwe_iedo.obj
 0001:000dba80       _jwe_ioic                  004dfa80 f   fj90i:jwe_iedo.obj
 0001:000dbca0       _jwe_ioge                  004dfca0 f   fj90i:jwe_iedo.obj
 0001:000dbce0       _jwe_iocl                  004dfce0 f   fj90i:jwe_iedo.obj
 0001:000dbd10       _jwe_ioie                  004dfd10 f   fj90i:jwe_iedo.obj
 0001:000dbfd0       _jwe_ioig                  004dffd0 f   fj90i:jwe_iedo.obj
 0001:000dc270       _jwe_iole                  004e0270 f   fj90i:jwe_iedo.obj
 0001:000dc350       _jwe_ioaw                  004e0350 f   fj90i:jwe_iedo.obj
 0001:000dc3e0       _jwe_ioae                  004e03e0 f   fj90i:jwe_iedo.obj
 0001:000dc410       _jwe_iozs                  004e0410 f   fj90i:jwe_iedo.obj
 0001:000dc660       _jwe_ioze                  004e0660 f   fj90i:jwe_iedo.obj
 0001:000dc860       _jwe_ioen                  004e0860 f   fj90i:jwe_iedo.obj
 0001:000dcd10       _jwe_ioes                  004e0d10 f   fj90i:jwe_iedo.obj
 0001:000dd0b0       _jwe_iore                  004e10b0 f   fj90i:jwe_iedo.obj
 0001:000dd140       _jwe_iobs                  004e1140 f   fj90i:jwe_iedo.obj
 0001:000dd430       _jwe_iobe                  004e1430 f   fj90i:jwe_iedo.obj
 0001:000dd6e0       _jwe_ioos                  004e16e0 f   fj90i:jwe_iedo.obj
 0001:000dda90       _jwe_iooe                  004e1a90 f   fj90i:jwe_iedo.obj
 0001:000ddca0       _jwe_ione                  004e1ca0 f   fj90i:jwe_iedo.obj
 0001:000daba0       _jwe_iife                  004deba0 f   fj90i:jwe_iipg.obj
 0001:000d9450       _jwe_ilno                  004dd450 f   fj90i:jwe_ilni.obj
 0001:000d9550       _jwe_iln1                  004dd550 f   fj90i:jwe_ilni.obj
 0001:000d9680       _jwe_iln2                  004dd680 f   fj90i:jwe_ilni.obj
 0001:000d96a0       _jwe_ilnp                  004dd6a0 f   fj90i:jwe_ilni.obj
 0001:000da040       _jwe_ilnr                  004de040 f   fj90i:jwe_ilni.obj
 0001:000da110       _jwe_ilng                  004de110 f   fj90i:jwe_ilni.obj
 0001:000da180       _jwe_ilnc                  004de180 f   fj90i:jwe_ilni.obj
 0001:000da2a0       _jwe_ilns                  004de2a0 f   fj90i:jwe_ilni.obj
 0001:000da380       _jwe_ilnl                  004de380 f   fj90i:jwe_ilni.obj
 0001:000da580       _jwe_ilne                  004de580 f   fj90i:jwe_ilni.obj
 0001:000da7b0       _jwe_ilnf                  004de7b0 f   fj90i:jwe_ilni.obj
 0001:000d80b0       _jwe_inip                  004dc0b0 f   fj90i:jwe_inai.obj
 0001:000d8210       _jwe_inss                  004dc210 f   fj90i:jwe_inai.obj
 0001:000d84f0       _jwe_inar                  004dc4f0 f   fj90i:jwe_inai.obj
 0001:000d88f0       _jwe_insb                  004dc8f0 f   fj90i:jwe_inai.obj
 0001:000d8b70       _jwe_inst                  004dcb70 f   fj90i:jwe_inai.obj
 0001:000d4bb0       _jwe_incs                  004d8bb0 f   fj90i:jwe_inao.obj
 0001:000d4d40       _jwe_inct                  004d8d40 f   fj90i:jwe_inao.obj
 0001:000d4f10       _jwe_inon                  004d8f10 f   fj90i:jwe_inao.obj
 0001:000d4fe0       _jwe_invo                  004d8fe0 f   fj90i:jwe_inao.obj
 0001:000d5b80       _jwe_inop                  004d9b80 f   fj90i:jwe_inao.obj
 0001:000d5c50       _jwe_in_n                  004d9c50 f   fj90i:jwe_inao.obj
 0001:000d5cd0       _jwe_inoe                  004d9cd0 f   fj90i:jwe_inao.obj
 0001:000d5d70       _jwe_in_c                  004d9d70 f   fj90i:jwe_inao.obj
 0001:000d5e40       _jwe_in_r                  004d9e40 f   fj90i:jwe_inao.obj
 0001:000d4640       _jwe_imch                  004d8640 f   fj90i:jwe_ifmt.obj
 0001:000d4790       _jwe_imgp                  004d8790 f   fj90i:jwe_ifmt.obj
 0001:000d47f0       _jwe_impp                  004d87f0 f   fj90i:jwe_ifmt.obj
 0001:000d4880       _jwe_ifme                  004d8880 f   fj90i:jwe_ifmt.obj
 0001:000d1260       _jwe_isip                  004d5260 f   fj90i:jwe_ifct.obj
 0001:000d3020       _jwe_ifrp                  004d7020 f   fj90i:jwe_ifct.obj
 0001:000d3060       _jwe_ifer                  004d7060 f   fj90i:jwe_ifct.obj
 0001:000d3150       _jwe_ifcg                  004d7150 f   fj90i:jwe_ifct.obj
 0001:000d3230       _jwe_iftc                  004d7230 f   fj90i:jwe_ifct.obj
 0001:000d0ec0       _err_end                   004d4ec0 f   fj90i:jwe_xdta.obj
 0001:000cfe10       _jwe_dace                  004d3e10 f   fj90i:jwe_dack.obj
 0001:000d0640       _jwe_deat                  004d4640 f   fj90i:jwe_dack.obj
 0001:000d08a0       _jwe_deri                  004d48a0 f   fj90i:jwe_dack.obj
 0001:000d08d0       _jwe_dety                  004d48d0 f   fj90i:jwe_dack.obj
 0001:000cc010       _jwe_ddoe                  004d0010 f   fj90i:jwe_ddoa.obj
 0001:000cbeb0       _jwe_ddoe                  004cfeb0 f   fj90i:jwe_ddou.obj
 0001:000cb420       _jwe_error_call            004cf420 f   fj90i:jwe_xdal.obj
 0001:000cae60       _jwe_error_call            004cee60 f   fj90i:jwe_xalc.obj
 0001:000c9ae0       _jwe_xsch                  004cdae0 f   fj90i:jwe_xopt.obj
 0001:000c7560       _jwe_iop0                  004cb560 f   fj90i:jwe_iocf.obj
 0001:000c7a30       _jwe_iocl                  004cba30 f   fj90i:jwe_iocf.obj
 0001:000c7c50       _jwe_iop1                  004cbc50 f   fj90i:jwe_iocf.obj
 0001:000c8720       _jwe_iop2                  004cc720 f   fj90i:jwe_iocf.obj
 0001:000c88f0       _jwe_iop3                  004cc8f0 f   fj90i:jwe_iocf.obj
 0001:000c8960       _jwe_iop5                  004cc960 f   fj90i:jwe_iocf.obj
 0001:000c8a10       _jwe_iop4                  004cca10 f   fj90i:jwe_iocf.obj
 0001:000c8ad0       _jwe_iop6                  004ccad0 f   fj90i:jwe_iocf.obj
 0001:000c8b50       _jwe_iop7                  004ccb50 f   fj90i:jwe_iocf.obj
 0001:000c8d50       _jwe_iopc                  004ccd50 f   fj90i:jwe_iocf.obj
 0001:000c8e20       _jwe_iopw                  004cce20 f   fj90i:jwe_iocf.obj
 0001:000c90a0       _jwe_iope                  004cd0a0 f   fj90i:jwe_iocf.obj
 0001:000c92c0       _jwe_iops                  004cd2c0 f   fj90i:jwe_iocf.obj
 0001:000c9370       _jwe_iop8                  004cd370 f   fj90i:jwe_iocf.obj
 0001:000c6e60       _jwe_iser                  004cae60 f   fj90i:jwe_isfm.obj
 0001:000c5ed0       _jwe_iifg                  004c9ed0 f   fj90i:jwe_iinf.obj
 0001:000c5f90       _jwe_iifp                  004c9f90 f   fj90i:jwe_iinf.obj
 0001:000c5310       _err_end                   004c9310 f   fj90i:jwe_xadt.obj
 0001:000c4ef0       _jwe_debe                  004c8ef0 f   fj90i:jwe_debg.obj
 0001:00117f6e       _xtoa                      0051bf6e f   libc:xtoa.obj
 0001:00118040       _x64toa@20                 0051c040 f   libc:xtoa.obj
 0001:00117dcd       __stripquote               0051bdcd f   libc:tempnam.obj
 0001:00117461       _output                    0051b461 f   libc:cprintf.obj
 0001:00117b8e       _write_char                0051bb8e f   libc:cprintf.obj
 0001:00117ba8       _write_multi_char          0051bba8 f   libc:cprintf.obj
 0001:00117bd4       _write_string              0051bbd4 f   libc:cprintf.obj
 0001:00117c07       _get_int_arg               0051bc07 f   libc:cprintf.obj
 0001:00117c14       _get_int64_arg             0051bc14 f   libc:cprintf.obj
 0001:00117c24       _get_short_arg             0051bc24 f   libc:cprintf.obj
 0001:00115e3b       __get_fname                00519e3b f   libc:fpexcept.obj
 0001:00113544       label0                     00517544 f   libc:adj_fdiv.obj
 0001:0011354a       label1                     0051754a f   libc:adj_fdiv.obj
 0001:0011354f       label2                     0051754f f   libc:adj_fdiv.obj
 0001:00113555       label3                     00517555 f   libc:adj_fdiv.obj
 0001:0011355a       label4                     0051755a f   libc:adj_fdiv.obj
 0001:00113560       label5                     00517560 f   libc:adj_fdiv.obj
 0001:00113566       label6                     00517566 f   libc:adj_fdiv.obj
 0001:0011356c       label7                     0051756c f   libc:adj_fdiv.obj
 0001:00113572       label8                     00517572 f   libc:adj_fdiv.obj
 0001:0011358e       label9                     0051758e f   libc:adj_fdiv.obj
 0001:00113593       label10                    00517593 f   libc:adj_fdiv.obj
 0001:001135a9       label11                    005175a9 f   libc:adj_fdiv.obj
 0001:001135ae       label12                    005175ae f   libc:adj_fdiv.obj
 0001:001135ca       label13                    005175ca f   libc:adj_fdiv.obj
 0001:001135da       label14                    005175da f   libc:adj_fdiv.obj
 0001:001135ee       label15                    005175ee f   libc:adj_fdiv.obj
 0001:001135fe       label16                    005175fe f   libc:adj_fdiv.obj
 0001:0011361e       label17                    0051761e f   libc:adj_fdiv.obj
 0001:00113623       label18                    00517623 f   libc:adj_fdiv.obj
 0001:0011363d       label19                    0051763d f   libc:adj_fdiv.obj
 0001:00113642       label20                    00517642 f   libc:adj_fdiv.obj
 0001:00113662       label21                    00517662 f   libc:adj_fdiv.obj
 0001:00113676       label22                    00517676 f   libc:adj_fdiv.obj
 0001:0011368e       label23                    0051768e f   libc:adj_fdiv.obj
 0001:001136a2       label24                    005176a2 f   libc:adj_fdiv.obj
 0001:001136c2       label25                    005176c2 f   libc:adj_fdiv.obj
 0001:001136c7       label26                    005176c7 f   libc:adj_fdiv.obj
 0001:001136e1       label27                    005176e1 f   libc:adj_fdiv.obj
 0001:001136e6       label28                    005176e6 f   libc:adj_fdiv.obj
 0001:00113706       label29                    00517706 f   libc:adj_fdiv.obj
 0001:0011371a       label30                    0051771a f   libc:adj_fdiv.obj
 0001:00113732       label31                    00517732 f   libc:adj_fdiv.obj
 0001:00113746       label32                    00517746 f   libc:adj_fdiv.obj
 0001:00113766       label33                    00517766 f   libc:adj_fdiv.obj
 0001:0011376b       label34                    0051776b f   libc:adj_fdiv.obj
 0001:00113785       label35                    00517785 f   libc:adj_fdiv.obj
 0001:0011378a       label36                    0051778a f   libc:adj_fdiv.obj
 0001:001137aa       label37                    005177aa f   libc:adj_fdiv.obj
 0001:001137be       label38                    005177be f   libc:adj_fdiv.obj
 0001:001137d6       label39                    005177d6 f   libc:adj_fdiv.obj
 0001:001137ea       label40                    005177ea f   libc:adj_fdiv.obj
 0001:0011380a       label41                    0051780a f   libc:adj_fdiv.obj
 0001:0011380f       label42                    0051780f f   libc:adj_fdiv.obj
 0001:00113829       label43                    00517829 f   libc:adj_fdiv.obj
 0001:0011382e       label44                    0051782e f   libc:adj_fdiv.obj
 0001:0011384e       label45                    0051784e f   libc:adj_fdiv.obj
 0001:00113862       label46                    00517862 f   libc:adj_fdiv.obj
 0001:0011387a       label47                    0051787a f   libc:adj_fdiv.obj
 0001:0011388e       label48                    0051788e f   libc:adj_fdiv.obj
 0001:001138ae       label49                    005178ae f   libc:adj_fdiv.obj
 0001:001138b3       label50                    005178b3 f   libc:adj_fdiv.obj
 0001:001138cd       label51                    005178cd f   libc:adj_fdiv.obj
 0001:001138d2       label52                    005178d2 f   libc:adj_fdiv.obj
 0001:001138f2       label53                    005178f2 f   libc:adj_fdiv.obj
 0001:00113906       label54                    00517906 f   libc:adj_fdiv.obj
 0001:0011391e       label55                    0051791e f   libc:adj_fdiv.obj
 0001:00113932       label56                    00517932 f   libc:adj_fdiv.obj
 0001:00113952       label57                    00517952 f   libc:adj_fdiv.obj
 0001:00113957       label58                    00517957 f   libc:adj_fdiv.obj
 0001:00113971       label59                    00517971 f   libc:adj_fdiv.obj
 0001:00113976       label60                    00517976 f   libc:adj_fdiv.obj
 0001:00113996       label61                    00517996 f   libc:adj_fdiv.obj
 0001:001139aa       label62                    005179aa f   libc:adj_fdiv.obj
 0001:001139c2       label63                    005179c2 f   libc:adj_fdiv.obj
 0001:0011301c       _cvtdate                   0051701c f   libc:tzset.obj
 0001:00112970       _findenv                   00516970 f   libc:setenv.obj
 0001:001129c8       _copy_environ              005169c8 f   libc:setenv.obj
 0001:001127be       _strncnt                   005167be f   libc:a_cmp.obj
 0001:00111a83       _getSystemCP               00515a83 f   libc:mbctype.obj
 0001:00111acd       _CPtoLCID                  00515acd f   libc:mbctype.obj
 0001:00111b00       _setSBCS                   00515b00 f   libc:mbctype.obj
 0001:00111b29       _setSBUpLow                00515b29 f   libc:mbctype.obj
 0001:001110eb       _ctrlevent_capture@4       005150eb f   libc:winsig.obj
 0001:00111250       _siglookup                 00515250 f   libc:winsig.obj
 0001:00110c15       _strncnt                   00514c15 f   libc:a_map.obj
 0001:001102a1       fFEXP                      005142a1 f   libc:87tran.obj
 0001:001103e1       _rtforexpinf               005143e1 f   libc:87tran.obj
 0001:0010ffc0       LeadUp1                    00513fc0 f   libc:memcpy.obj
 0001:0010ffec       LeadUp2                    00513fec f   libc:memcpy.obj
 0001:00110010       LeadUp3                    00514010 f   libc:memcpy.obj
 0001:0011008f       UnwindUp0                  0051408f f   libc:memcpy.obj
 0001:0011007c       UnwindUp1                  0051407c f   libc:memcpy.obj
 0001:00110074       UnwindUp2                  00514074 f   libc:memcpy.obj
 0001:0011006c       UnwindUp3                  0051406c f   libc:memcpy.obj
 0001:00110064       UnwindUp4                  00514064 f   libc:memcpy.obj
 0001:0011005c       UnwindUp5                  0051405c f   libc:memcpy.obj
 0001:00110054       UnwindUp6                  00514054 f   libc:memcpy.obj
 0001:0011004c       UnwindUp7                  0051404c f   libc:memcpy.obj
 0001:001100a8       TrailUp0                   005140a8 f   libc:memcpy.obj
 0001:001100b0       TrailUp1                   005140b0 f   libc:memcpy.obj
 0001:001100bc       TrailUp2                   005140bc f   libc:memcpy.obj
 0001:001100d0       TrailUp3                   005140d0 f   libc:memcpy.obj
 0001:00110148       LeadDown1                  00514148 f   libc:memcpy.obj
 0001:00110168       LeadDown2                  00514168 f   libc:memcpy.obj
 0001:00110190       LeadDown3                  00514190 f   libc:memcpy.obj
 0001:001101e4       UnwindDown7                005141e4 f   libc:memcpy.obj
 0001:001101ec       UnwindDown6                005141ec f   libc:memcpy.obj
 0001:001101f4       UnwindDown5                005141f4 f   libc:memcpy.obj
 0001:001101fc       UnwindDown4                005141fc f   libc:memcpy.obj
 0001:00110204       UnwindDown3                00514204 f   libc:memcpy.obj
 0001:0011020c       UnwindDown2                0051420c f   libc:memcpy.obj
 0001:00110214       UnwindDown1                00514214 f   libc:memcpy.obj
 0001:00110227       UnwindDown0                00514227 f   libc:memcpy.obj
 0001:00110240       TrailDown0                 00514240 f   libc:memcpy.obj
 0001:00110248       TrailDown1                 00514248 f   libc:memcpy.obj
 0001:00110258       TrailDown2                 00514258 f   libc:memcpy.obj
 0001:0011026c       TrailDown3                 0051426c f   libc:memcpy.obj
 0001:0010e4a2       _write_char                005124a2 f   libc:output.obj
 0001:0010e4d7       _write_multi_char          005124d7 f   libc:output.obj
 0001:0010e508       _write_string              00512508 f   libc:output.obj
 0001:0010e540       _get_int_arg               00512540 f   libc:output.obj
 0001:0010e54d       _get_int64_arg             0051254d f   libc:output.obj
 0001:0010e55d       _get_short_arg             0051255d f   libc:output.obj
 0001:0010d724       _IsRootUNCName             00511724 f   libc:stat.obj
 0001:0010d061       __cftoe_g                  00511061 f   libc:cvt.obj
 0001:0010d088       __cftof_g                  00511088 f   libc:cvt.obj
 0001:0010d0fc       __shift                    005110fc f   libc:cvt.obj
 0001:0010c8f8       _gu_return                 005108f8 f   libc:exsup.obj
 0001:0010c900       __unwind_handler           00510900 f   libc:exsup.obj
 0001:0010c1b1       _parse_cmdline             005101b1 f   libc:stdargv.obj
 0001:0010c01c       _xcptlookup                0051001c f   libc:winxfltr.obj
 0001:0010ac5d       _doexit                    0050ec5d f   libc:crt0dat.obj
 0001:0010acf6       __initterm                 0050ecf6 f   libc:crt0dat.obj
 0001:0010a470       LeadUp1                    0050e470 f   libc:memmove.obj
 0001:0010a49c       LeadUp2                    0050e49c f   libc:memmove.obj
 0001:0010a4c0       LeadUp3                    0050e4c0 f   libc:memmove.obj
 0001:0010a53f       UnwindUp0                  0050e53f f   libc:memmove.obj
 0001:0010a52c       UnwindUp1                  0050e52c f   libc:memmove.obj
 0001:0010a524       UnwindUp2                  0050e524 f   libc:memmove.obj
 0001:0010a51c       UnwindUp3                  0050e51c f   libc:memmove.obj
 0001:0010a514       UnwindUp4                  0050e514 f   libc:memmove.obj
 0001:0010a50c       UnwindUp5                  0050e50c f   libc:memmove.obj
 0001:0010a504       UnwindUp6                  0050e504 f   libc:memmove.obj
 0001:0010a4fc       UnwindUp7                  0050e4fc f   libc:memmove.obj
 0001:0010a558       TrailUp0                   0050e558 f   libc:memmove.obj
 0001:0010a560       TrailUp1                   0050e560 f   libc:memmove.obj
 0001:0010a56c       TrailUp2                   0050e56c f   libc:memmove.obj
 0001:0010a580       TrailUp3                   0050e580 f   libc:memmove.obj
 0001:0010a5f8       LeadDown1                  0050e5f8 f   libc:memmove.obj
 0001:0010a618       LeadDown2                  0050e618 f   libc:memmove.obj
 0001:0010a640       LeadDown3                  0050e640 f   libc:memmove.obj
 0001:0010a694       UnwindDown7                0050e694 f   libc:memmove.obj
 0001:0010a69c       UnwindDown6                0050e69c f   libc:memmove.obj
 0001:0010a6a4       UnwindDown5                0050e6a4 f   libc:memmove.obj
 0001:0010a6ac       UnwindDown4                0050e6ac f   libc:memmove.obj
 0001:0010a6b4       UnwindDown3                0050e6b4 f   libc:memmove.obj
 0001:0010a6bc       UnwindDown2                0050e6bc f   libc:memmove.obj
 0001:0010a6c4       UnwindDown1                0050e6c4 f   libc:memmove.obj
 0001:0010a6d7       UnwindDown0                0050e6d7 f   libc:memmove.obj
 0001:0010a6f0       TrailDown0                 0050e6f0 f   libc:memmove.obj
 0001:0010a6f8       TrailDown1                 0050e6f8 f   libc:memmove.obj
 0001:0010a708       TrailDown2                 0050e708 f   libc:memmove.obj
 0001:0010a71c       TrailDown3                 0050e71c f   libc:memmove.obj
 0001:00109e26       _flsall                    0050de26 f   libc:fflush.obj
 0001:00109d16       _IsRootUNCName             0050dd16 f   libc:stati64.obj
 0001:0010983e       __abstract_cw              0050d83e f   libc:ieee87.obj
 0001:001098d0       __hw_cw                    0050d8d0 f   libc:ieee87.obj
 0001:00109959       __abstract_sw              0050d959 f   libc:ieee87.obj
 0001:00109506       _strtoxl                   0050d506 f   libc:strtol.obj
 0001:0010946b       _fast_error_exit           0050d46b f   libc:crt0.obj
