 JoesValley

 Timestamp is 544fabad (Tue Oct 28 08:43:57 2014)

 Preferred load address is 00400000

 Start         Length     Name                   Class
 0001:00000000 00118682H .text                   CODE
 0002:00000000 0000019cH .idata$5                DATA
 0002:000001a0 00022c38H .rdata                  DATA
 0002:00022dd8 0000003cH .idata$2                DATA
 0002:00022e14 00000014H .idata$3                DATA
 0002:00022e28 0000019cH .idata$4                DATA
 0002:00022fc4 000007aeH .idata$6                DATA
 0002:00023772 00000000H .edata                  DATA
 0003:00000000 00000004H .CRT$XCA                DATA
 0003:00000004 00000000H .CRT$XCU                DATA
 0003:00000004 00000004H .CRT$XCZ                DATA
 0003:00000008 00000004H .CRT$XIA                DATA
 0003:0000000c 00000008H .CRT$XIC                DATA
 0003:00000014 00000004H .CRT$XIZ                DATA
 0003:00000018 00000004H .CRT$XPA                DATA
 0003:0000001c 0000000cH .CRT$XPX                DATA
 0003:00000028 00000004H .CRT$XPZ                DATA
 0003:0000002c 00000004H .CRT$XTA                DATA
 0003:00000030 00000004H .CRT$XTZ                DATA
 0003:00000040 004870f0H .data                   DATA
 0003:00487130 02dd1e98H .bss                    DATA

  Address         Publics by Value              Rva+Base     Lib:Object

 0001:00000000       _lndclc_                   00404000 f   JoesValley.OBJ
 0001:00000f35       _errorfunc_                00404f35 f   JoesValley.OBJ
 0001:00000fb0       _paramdim_                 00404fb0 f   BUDGET.obj
 0001:00000fb7       _commo_                    00404fb7 f   BUDGET.obj
 0001:00000fbe       _subvars_                  00404fbe f   BUDGET.obj
 0001:00000fc5       _printstuff_               00404fc5 f   BUDGET.obj
 0001:00000fcc       _f90sqlvariables_          00404fcc f   BUDGET.obj
 0001:00000fd3       _MAIN__                    00404fd3 f   BUDGET.obj
 0001:00053053       _inq_                      00457053 f   BUDGET.obj
 0001:000530df       _iou_                      004570df f   BUDGET.obj
 0001:0005316c       _cby_                      0045716c f   BUDGET.obj
 0001:000531f9       _cgw_                      004571f9 f   BUDGET.obj
 0001:00053286       _upc_                      00457286 f   BUDGET.obj
 0001:00053313       _rck_                      00457313 f   BUDGET.obj
 0001:00053ef1       _errprt_                   00457ef1 f   BUDGET.obj
 0001:000545e2       _getpat_                   004585e2 f   BUDGET.obj
 0001:000548e0       _justem_                   004588e0 f   BUDGET.obj
 0001:00054d5d       _nonull_                   00458d5d f   BUDGET.obj
 0001:00054fd4       _prntit_                   00458fd4 f   BUDGET.obj
 0001:0005535a       _round_                    0045935a f   BUDGET.obj
 0001:00055478       _alltrim_                  00459478 f   BUDGET.obj
 0001:000559bb       _justext_                  004599bb f   BUDGET.obj
 0001:00055b6c       _strcomp_                  00459b6c f   BUDGET.obj
 0001:00056122       _initializeaccessvars_     0045a122 f   BUDGET.obj
 0001:00056345       _swap_                     0045a345 f   BUDGET.obj
 0001:000563e4       _writecrop_                0045a3e4 f   BUDGET.obj
 0001:00056605       _storemonvar_              0045a605 f   BUDGET.obj
 0001:00057edb       _storemonvarxi_            0045bedb f   BUDGET.obj
 0001:00059676       _storemon_                 0045d676 f   BUDGET.obj
 0001:0005a5cf       _justright_                0045e5cf f   BUDGET.obj
 0001:0005a8fe       _nocomma_                  0045e8fe f   BUDGET.obj
 0001:0005ab60       _fsql_data_                0045eb60 f   AccessSubs.OBJ
 0001:0005ab67       _accessread_               0045eb67 f   AccessSubs.OBJ
 0001:0005c557       _showdiags_                00460557 f   AccessSubs.OBJ
 0001:0005c7a9       _accessupdate_             004607a9 f   AccessSubs.OBJ
 0001:0005fc0a       _accesswrite_              00463c0a f   AccessSubs.OBJ
 0001:00061a48       _accessexecute_            00465a48 f   AccessSubs.OBJ
 0001:00061ed2       _accessexedsn_             00465ed2 f   AccessSubs.OBJ
 0001:000623c0       _arsub_                    004663c0 f   ARSUB.OBJ
 0001:00062433       _ardel_                    00466433 f   ARSUB.OBJ
 0001:000624a8       _arlim_                    004664a8 f   ARSUB.OBJ
 0001:0006a28e       _munsub_                   0046e28e f   ARSUB.OBJ
 0001:0006dd83       _wetlnd_                   00471d83 f   ARSUB.OBJ
 0001:0006e212       _wetdmd_                   00472212 f   ARSUB.OBJ
 0001:0006e327       _reini_                    00472327 f   ARSUB.OBJ
 0001:0006e382       _readd_                    00472382 f   ARSUB.OBJ
 0001:0006ed6c       _avclc_                    00472d6c f   ARSUB.OBJ
 0001:00070e85       _arbak_                    00474e85 f   ARSUB.OBJ
 0001:00071842       _munbak_                   00475842 f   ARSUB.OBJ
 0001:00072084       _rsbak_                    00476084 f   ARSUB.OBJ
 0001:00073cba       _rsout_                    00477cba f   ARSUB.OBJ
 0001:00073ebf       _resrel_                   00477ebf f   ARSUB.OBJ
 0001:00074b61       _ardem_                    00478b61 f   ARSUB.OBJ
 0001:00075034       _dmdmd_                    00479034 f   ARSUB.OBJ
 0001:00075148       _solve_                    00479148 f   ARSUB.OBJ
 0001:00075460       _flowdr_                   00479460 f   BUDSUB.OBJ
 0001:00075dff       _headin_                   00479dff f   BUDSUB.OBJ
 0001:00075fdb       _seep_                     00479fdb f   BUDSUB.OBJ
 0001:00076a38       _plmlpt_                   0047aa38 f   BUDSUB.OBJ
 0001:00076da1       _pltlpt_                   0047ada1 f   BUDSUB.OBJ
 0001:00077176       _pltmpt_                   0047b176 f   BUDSUB.OBJ
 0001:0007751f       _pltpts_                   0047b51f f   BUDSUB.OBJ
 0001:00077999       _printr_                   0047b999 f   BUDSUB.OBJ
 0001:000ac066       _prntqi_                   004b0066 f   BUDSUB.OBJ
 0001:000ac90c       _race_                     004b090c f   BUDSUB.OBJ
 0001:000ad750       _resr_                     004b1750 f   BUDSUB.OBJ
 0001:000adedf       _resrr_                    004b1edf f   BUDSUB.OBJ
 0001:000ae0c8       _resv_                     004b20c8 f   BUDSUB.OBJ
 0001:000b03c0       _rtflo_                    004b43c0 f   BUDSUB.OBJ
 0001:000b0aa7       _sort_                     004b4aa7 f   BUDSUB.OBJ
 0001:000b0ec2       _getqin_                   004b4ec2 f   BUDSUB.OBJ
 0001:000b3174       _readfile_                 004b7174 f   BUDSUB.OBJ
 0001:000b9d02       _crpuse_                   004bdd02 f   BUDSUB.OBJ
 0001:000ba134       _lndprt_                   004be134 f   BUDSUB.OBJ
 0001:000bb0b8       _fzer_                     004bf0b8 f   BUDSUB.OBJ
 0001:000bb175       _izer_                     004bf175 f   BUDSUB.OBJ
 0001:000bb22a       _tprin_                    004bf22a f   BUDSUB.OBJ
 0001:000bb7b0       _faver_                    004bf7b0 f   BUDSUB.OBJ
 0001:000bb978       _uline_                    004bf978 f   BUDSUB.OBJ
 0001:000bbb9c       _sprin_                    004bfb9c f   BUDSUB.OBJ
 0001:000bcd56       _addin_                    004c0d56 f   BUDSUB.OBJ
 0001:000bd0a5       _frost_                    004c10a5 f   BUDSUB.OBJ
 0001:000bd1f5       _aver2_                    004c11f5 f   BUDSUB.OBJ
 0001:000bd4f7       _arrang_                   004c14f7 f   BUDSUB.OBJ
 0001:000bd84b       _qricalc_                  004c184b f   BUDSUB.OBJ
 0001:000bda2a       _allt_                     004c1a2a f   BUDSUB.OBJ
 0001:000be018       _leftadj_                  004c2018 f   BUDSUB.OBJ
 0001:000be62c       _brent_                    004c262c f   BUDSUB.OBJ
 0001:000bf2fd       _simul_                    004c32fd f   BUDSUB.OBJ
 0001:000c2558       _centerit_                 004c6558 f   BUDSUB.OBJ
 0001:000c291c       _f90sqldisconnect_         004c691c f   f90sql:f90SQLLF95.dll
 0001:000c2922       _f90sqlfreehandle_         004c6922 f   f90sql:f90SQLLF95.dll
 0001:000c2928       _f90sqlfetch_              004c6928 f   f90sql:f90SQLLF95.dll
 0001:000c292e       _f90sqlbindcolsmllint_     004c692e f   f90sql:f90SQLLF95.dll
 0001:000c2934       _f90sqlbindcolstr_         004c6934 f   f90sql:f90SQLLF95.dll
 0001:000c293a       _f90sqlbindcolint_         004c693a f   f90sql:f90SQLLF95.dll
 0001:000c2940       _f90sqlexecute_            004c6940 f   f90sql:f90SQLLF95.dll
 0001:000c2946       _f90sqlpreparestr_         004c6946 f   f90sql:f90SQLLF95.dll
 0001:000c294c       _f90sqldriverconnectstr_   004c694c f   f90sql:f90SQLLF95.dll
 0001:000c2952       _f90sqlsetenvattrint_      004c6952 f   f90sql:f90SQLLF95.dll
 0001:000c2958       _f90sqlallochandle_        004c6958 f   f90sql:f90SQLLF95.dll
 0001:000c295e       _f90sqlbindcoltimestmp_    004c695e f   f90sql:f90SQLLF95.dll
 0001:000c2964       _f90sqlbindcoldouble_      004c6964 f   f90sql:f90SQLLF95.dll
 0001:000c296a       _f90sqlexecdirectstr_      004c696a f   f90sql:f90SQLLF95.dll
 0001:000c2970       _f90sqlgetdiagrecstr_      004c6970 f   f90sql:f90SQLLF95.dll
 0001:000c2976       _f90sqlbindparameterint_   004c6976 f   f90sql:f90SQLLF95.dll
 0001:000c297c       _f90sqlbindparametertimestmp_ 004c697c f   f90sql:f90SQLLF95.dll
 0001:000c2982       _f90sqlbindparameterstr_   004c6982 f   f90sql:f90SQLLF95.dll
 0001:000c2988       _f90sqlbindparameterdouble_ 004c6988 f   f90sql:f90SQLLF95.dll
 0001:000c298e       _f90sqlsetconnectattint_   004c698e f   f90sql:f90SQLLF95.dll
 0001:000c2994       _f90sqlconnectstr_         004c6994 f   f90sql:f90SQLLF95.dll
 0001:000c29a0       _f_dnint                   004c69a0 f   fj90f:jwe_fdni.obj
 0001:000c2ab0       _l_charnb                  004c6ab0 f   fj90f:jwe_fcnb.obj
 0001:000c2b10       _f_trim                    004c6b10 f   fj90f:jwe_ftrm.obj
 0001:000c2b60       _f_index                   004c6b60 f   fj90f:jwe_fidx.obj
 0001:000c2bd0       _f_indexa                  004c6bd0 f   fj90f:jwe_fidx.obj
 0001:000c2cb0       _f_indexj                  004c6cb0 f   fj90f:jwe_fidx.obj
 0001:000c2d50       _f_indxaj                  004c6d50 f   fj90f:jwe_fidx.obj
 0001:000c2e90       _f_lntrm                   004c6e90 f   fj90f:jwe_fltm.obj
 0001:000c2eb0       _f_lntrmj                  004c6eb0 f   fj90f:jwe_fltm.obj
 0001:000c2ef0       _f_lgea                    004c6ef0 f   fj90f:jwe_flge.obj
 0001:000c2f30       _f_lgea8                   004c6f30 f   fj90f:jwe_flge.obj
 0001:000c2f90       _f_llea                    004c6f90 f   fj90f:jwe_flle.obj
 0001:000c2fd0       _f_llea8                   004c6fd0 f   fj90f:jwe_flle.obj
 0001:000c3030       _f_datim                   004c7030 f   fj90f:jwe_fdat.obj
 0001:000c3660       _f_scmov                   004c7660 f   fj90f:jwe_fcmv.obj
 0001:000c36c0       _f_cmove                   004c76c0 f   fj90f:jwe_fcmv.obj
 0001:000c3720       _f_ccomp                   004c7720 f   fj90f:jwe_fccm.obj
 0001:000c37c0       _jwe_fasc                  004c77c0 f   fj90f:jwe_fasc.obj
 0001:000c3cd0       _g_dlog10                  004c7cd0 f   fj90g:jwe_gdl1.obj
 0001:000c3df0       _g_arxi                    004c7df0 f   fj90g:jwe_grxi.obj
 0001:000c4070       _g_adxi                    004c8070 f   fj90g:jwe_gdxi.obj
 0001:000c42c0       _g_adxd                    004c82c0 f   fj90g:jwe_gdxd.obj
 0001:000c47a0       _jwe_gpwd                  004c87a0 f   fj90g:jwe_gdxd.obj
 0001:000c4a00       _jwe_debg                  004c8a00 f   fj90i:jwe_debg.obj
 0001:000c54e0       _jwe_xadt                  004c94e0 f   fj90i:jwe_xadt.obj
 0001:000c56c0       _jwe_xddt                  004c96c0 f   fj90i:jwe_xadt.obj
 0001:000c5900       _l_getcl                   004c9900 f   fj90i:jwe_sgcl.obj
 0001:000c5950       _jwe_sgcl                  004c9950 f   fj90i:jwe_sgcl.obj
 0001:000c5ab0       _jwe_iinf                  004c9ab0 f   fj90i:jwe_iinf.obj
 0001:000c6550       _jwe_ilst                  004ca550 f   fj90i:jwe_ilst.obj
 0001:000c6b10       _jwe_isfm                  004cab10 f   fj90i:jwe_isfm.obj
 0001:000c73a0       _jwe_iocf                  004cb3a0 f   fj90i:jwe_iocf.obj
 0001:000c9b70       _jwe_ifac                  004cdb70 f   fj90i:jwe_iocf.obj
 0001:000c9d80       _jwe_xopt                  004cdd80 f   fj90i:jwe_xopt.obj
 0001:000cad40       _jwe_xcop                  004ced40 f   fj90i:jwe_xopt.obj
 0001:000cafa0       _jwe_xrcp                  004cefa0 f   fj90i:jwe_xopt.obj
 0001:000cafb0       _jwe_xstp                  004cefb0 f   fj90i:jwe_xstp.obj
 0001:000cb100       _jwe_xalc                  004cf100 f   fj90i:jwe_xalc.obj
 0001:000cb560       _jwe_x_alloc_trace         004cf560 f   fj90i:jwe_xalc.obj
 0001:000cb690       _jwe_xdal                  004cf690 f   fj90i:jwe_xdal.obj
 0001:000cba40       _jwe_xpau                  004cfa40 f   fj90i:jwe_xpau.obj
 0001:000cbd40       _jwe_xilc                  004cfd40 f   fj90i:jwe_xilc.obj
 0001:000cbd80       _jwe_xint                  004cfd80 f   fj90i:jwe_xint.obj
 0001:000cbe00       _jwe_dsha                  004cfe00 f   fj90i:jwe_dsha.obj
 0001:000cc030       _jwe_dren                  004d0030 f   fj90i:jwe_dren.obj
 0001:000cc190       _jwe_dpme                  004d0190 f   fj90i:jwe_dpme.obj
 0001:000cc260       _jwe_ddou                  004d0260 f   fj90i:jwe_ddou.obj
 0001:000cc3f0       _jwe_ddoa                  004d03f0 f   fj90i:jwe_ddoa.obj
 0001:000cc5d0       _jwe_dpck                  004d05d0 f   fj90i:jwe_dpck.obj
 0001:000cc660       _jwe_dudf                  004d0660 f   fj90i:jwe_dudf.obj
 0001:000cc7a0       _jwe_dudd                  004d07a0 f   fj90i:jwe_dudf.obj
 0001:000ccf00       _jwe_duda                  004d0f00 f   fj90i:jwe_dudf.obj
 0001:000cd1d0       _jwe_dudc                  004d11d0 f   fj90i:jwe_dudf.obj
 0001:000cd940       _jwe_dude                  004d1940 f   fj90i:jwe_dudf.obj
 0001:000cdb90       _jwe_dudn                  004d1b90 f   fj90i:jwe_dudf.obj
 0001:000cde70       _jwe_dedc                  004d1e70 f   fj90i:jwe_dudf.obj
 0001:000cdee0       _jwe_dvec                  004d1ee0 f   fj90i:jwe_dudf.obj
 0001:000ce250       _jwe_dsck                  004d2250 f   fj90i:jwe_dsck.obj
 0001:000cee80       _jwe_dsce                  004d2e80 f   fj90i:jwe_dsck.obj
 0001:000cf330       _jwe_duis                  004d3330 f   fj90i:jwe_duis.obj
 0001:000cf4a0       _jwe_duid                  004d34a0 f   fj90i:jwe_duis.obj
 0001:000cf8b0       _jwe_dack                  004d38b0 f   fj90i:jwe_dack.obj
 0001:000d0130       _jwe_dacd                  004d4130 f   fj90i:jwe_dack.obj
 0001:000d1000       _jwe_xalc_fast             004d5000 f   fj90i:jwe_xdta.obj
 0001:000d1210       _jwe_xdal_fast             004d5210 f   fj90i:jwe_xdta.obj
 0001:000d14b0       _jwe_xget_align            004d54b0 f   fj90i:jwe_xdta.obj
 0001:000d1520       _jwe_xfree_align           004d5520 f   fj90i:jwe_xdta.obj
 0001:000d1540       _jwe_xarg                  004d5540 f   fj90i:jwe_xarg.obj
 0001:000d1680       _jwe_ifct                  004d5680 f   fj90i:jwe_ifct.obj
 0001:000d37a0       _jwe_isob                  004d77a0 f   fj90i:jwe_isob.obj
 0001:000d38d0       _jwe_ifmt                  004d78d0 f   fj90i:jwe_ifmt.obj
 0001:000d4e40       _jwe_inao                  004d8e40 f   fj90i:jwe_inao.obj
 0001:000d64a0       _jwe_inai                  004da4a0 f   fj90i:jwe_inai.obj
 0001:000d7910       _jwe_inkw                  004db910 f   fj90i:jwe_inai.obj
 0001:000d80c0       _jwe_inch                  004dc0c0 f   fj90i:jwe_inai.obj
 0001:000d8130       _jwe_inc2                  004dc130 f   fj90i:jwe_inai.obj
 0001:000d8170       _jwe_inhx                  004dc170 f   fj90i:jwe_inai.obj
 0001:000d8340       _jwe_inex                  004dc340 f   fj90i:jwe_inai.obj
 0001:000d8390       _jwe_inhc                  004dc390 f   fj90i:jwe_inai.obj
 0001:000d90e0       _jwe_ine1                  004dd0e0 f   fj90i:jwe_inai.obj
 0001:000d92c0       _jwe_ine2                  004dd2c0 f   fj90i:jwe_inai.obj
 0001:000d94e0       _jwe_ine3                  004dd4e0 f   fj90i:jwe_inai.obj
 0001:000d9610       _jwe_in_g                  004dd610 f   fj90i:jwe_inai.obj
 0001:000d9800       _jwe_insf                  004dd800 f   fj90i:jwe_inai.obj
 0001:000d9880       _jwe_inah                  004dd880 f   fj90i:jwe_inai.obj
 0001:000d98e0       _jwe_ilni                  004dd8e0 f   fj90i:jwe_ilni.obj
 0001:000dacd0       _jwe_igad                  004decd0 f   fj90i:jwe_igad.obj
 0001:000dacf0       _jwe_ipid                  004decf0 f   fj90i:jwe_ipid.obj
 0001:000dad80       _jwe_iipg                  004ded80 f   fj90i:jwe_iipg.obj
 0001:000db0d0       _jwe_iedo                  004df0d0 f   fj90i:jwe_iedo.obj
 0001:000de160       _jwe_iedi                  004e2160 f   fj90i:jwe_iedi.obj
 0001:000e1790       _jwe_icui                  004e5790 f   fj90i:jwe_icui.obj
 0001:000e1c00       _jwe_iist                  004e5c00 f   fj90i:jwe_icui.obj
 0001:000e1c50       _jwe_ildo                  004e5c50 f   fj90i:jwe_ildo.obj
 0001:000e3490       _jwe_illd                  004e7490 f   fj90i:jwe_ildo.obj
 0001:000e35c0       _jwe_ildi                  004e75c0 f   fj90i:jwe_ildi.obj
 0001:000e4260       _jwe_iscf                  004e8260 f   fj90i:jwe_iscf.obj
 0001:000e4e20       _jwe_iadc                  004e8e20 f   fj90i:jwe_iadc.obj
 0001:000e5080       _jwe_idfm                  004e9080 f   fj90i:jwe_idfm.obj
 0001:000e54b0       _jwe_isui                  004e94b0 f   fj90i:jwe_isui.obj
 0001:000e55e0       _jwe_isu1                  004e95e0 f   fj90i:jwe_isui.obj
 0001:000e5690       _jwe_icep                  004e9690 f   fj90i:jwe_icep.obj
 0001:000e5750       _jwe_ifcf                  004e9750 f   fj90i:jwe_ifcf.obj
 0001:000e58d0       _jwe_ifcc                  004e98d0 f   fj90i:jwe_ifcc.obj
 0001:000e5990       _jwe_iflc                  004e9990 f   fj90i:jwe_iflc.obj
 0001:000e5bf0       _jwe_iflo                  004e9bf0 f   fj90i:jwe_iflo.obj
 0001:000e5c80       _jwe_ienv                  004e9c80 f   fj90i:jwe_ienv.obj
 0001:000e5e00       _jwe_isss                  004e9e00 f   fj90i:jwe_isss.obj
 0001:000e5e10       _jwe_ifnc                  004e9e10 f   fj90i:jwe_ifnc.obj
 0001:000e60c0       _jwe_ifck                  004ea0c0 f   fj90i:jwe_ifck.obj
 0001:000e6190       _jwe_igfn                  004ea190 f   fj90i:jwe_igfn.obj
 0001:000e6240       _jwe_iftx                  004ea240 f   fj90i:jwe_iftx.obj
 0001:000e63a0       _jwe_xsns                  004ea3a0 f   fj90i:jwe_xsns.obj
 0001:000e6428       _jwe_xscr                  004ea428 f   fj90i:jwe_xsns.obj
 0001:000e64bc       _jwe_xgsr                  004ea4bc f   fj90i:jwe_xsns.obj
 0001:000e6560       _jwe_xexi                  004ea560 f   fj90i:jwe_xexi.obj
 0001:000e65c0       _jwe_epmp                  004ea5c0 f   fj90i:jwe_eprt.obj
 0001:000e6680       _jwe_eprt                  004ea680 f   fj90i:jwe_eprt.obj
 0001:000e6b20       _jwe_etpt                  004eab20 f   fj90i:jwe_etpt.obj
 0001:000e6b50       _jwe_iluc                  004eab50 f   fj90i:jwe_iluc.obj
 0001:000e6c60       _jwe_ioef                  004eac60 f   fj90i:jwe_ioef.obj
 0001:000e6ce0       _jwe_iosf                  004eace0 f   fj90i:jwe_iosf.obj
 0001:000e6ea0       _jwe_eerm                  004eaea0 f   fj90i:jwe_eerm.obj
 0001:000e72f0       _jwe_xbfh                  004eb2f0 f   fj90i:jwe_xbfh.obj
 0001:000e7310       _jwe_xbsg                  004eb310 f   fj90i:jwe_xbsg.obj
 0001:000e7360       _jwe_xend                  004eb360 f   fj90i:jwe_xend.obj
 0001:000e7480       _jwe_xtim                  004eb480 f   fj90i:jwe_xtim.obj
 0001:000e7540       _jwe_ifss                  004eb540 f   fj90i:jwe_ifss.obj
 0001:000e7630       _jwe_icfc                  004eb630 f   fj90i:jwe_icfc.obj
 0001:000e7660       _jwe_xexs                  004eb660 f   fj90i:jwe_xexs.obj
 0001:000e7680       _jwe_xets                  004eb680 f   fj90i:jwe_xexs.obj
 0001:000e7890       _jwe_xacp                  004eb890 f   fj90i:jwe_xacp.obj
 0001:000e78d0       _jwe_eset                  004eb8d0 f   fj90i:jwe_eset.obj
 0001:000e78e0       _jwe_dgui                  004eb8e0 f   fj90i:jwe_dgui.obj
 0001:000e78f0       _jwe_irpp                  004eb8f0 f   fj90i:jwe_irpp.obj
 0001:000e7f60       _jwe_isdp                  004ebf60 f   fj90i:jwe_isdp.obj
 0001:000e8140       _jwe_isd1                  004ec140 f   fj90i:jwe_isdp.obj
 0001:000e8220       _jwe_isd2                  004ec220 f   fj90i:jwe_isdp.obj
 0001:000e8380       _jwe_isls                  004ec380 f   fj90i:jwe_isdp.obj
 0001:000e83d0       _jwe_ielo                  004ec3d0 f   fj90i:jwe_ielo.obj
 0001:000e8970       _jwe_inad                  004ec970 f   fj90i:jwe_inad.obj
 0001:000eac40       _jwe_inas                  004eec40 f   fj90i:jwe_inas.obj
 0001:000ec220       _jwe_indi                  004f0220 f   fj90i:jwe_inas.obj
 0001:000ecf60       _jwe_icft                  004f0f60 f   fj90i:jwe_icft.obj
 0001:000f07d0       _jwe_iric                  004f47d0 f   fj90i:jwe_irio.obj
 0001:000f1730       _jwe_iroc                  004f5730 f   fj90i:jwe_irio.obj
 0001:000f36f0       _jwe_icbd                  004f76f0 f   fj90i:jwe_icbd.obj
 0001:000f37f0       _jwe_icbdu                 004f77f0 f   fj90i:jwe_icbd.obj
 0001:000f3870       _jwe_icbdr                 004f7870 f   fj90i:jwe_icbd.obj
 0001:000f3940       _jwe_ibtd                  004f7940 f   fj90i:jwe_ibtd.obj
 0001:000f3da0       _jwe_ibtr                  004f7da0 f   fj90i:jwe_ibtr.obj
 0001:000f3f90       _jwe_ibtru                 004f7f90 f   fj90i:jwe_ibtr.obj
 0001:000f40b0       _jwe_ibtrr                 004f80b0 f   fj90i:jwe_ibtr.obj
 0001:000f42a0       _jwe_irms                  004f82a0 f   fj90i:jwe_irms.obj
 0001:000f43f0       _jwe_inis                  004f83f0 f   fj90i:jwe_inis.obj
 0001:000f44f0       _jwe_iims                  004f84f0 f   fj90i:jwe_iims.obj
 0001:000f45a0       _jwe_icdb                  004f85a0 f   fj90i:jwe_icdb.obj
 0001:000f4730       _jwe_icdbu                 004f8730 f   fj90i:jwe_icdb.obj
 0001:000f4800       _jwe_idtb                  004f8800 f   fj90i:jwe_idtb.obj
 0001:000f4a30       _jwe_idtbu                 004f8a30 f   fj90i:jwe_idtb.obj
 0001:000f4bf0       _jwe_idtr                  004f8bf0 f   fj90i:jwe_idtr.obj
 0001:000f4d60       _jwe_idtru                 004f8d60 f   fj90i:jwe_idtr.obj
 0001:000f4e60       _jwe_iczb                  004f8e60 f   fj90i:jwe_iczb.obj
 0001:000f50a0       _jwe_icbb                  004f90a0 f   fj90i:jwe_icbb.obj
 0001:000f51d0       _jwe_icob                  004f91d0 f   fj90i:jwe_icob.obj
 0001:000f54b0       _jwe_igrr                  004f94b0 f   fj90i:jwe_igrr.obj
 0001:000f5a50       _jwe_iedp                  004f9a50 f   fj90i:jwe_iedp.obj
 0001:000f5c60       _jwe_ifal                  004f9c60 f   fj90i:jwe_ifal.obj
 0001:000f5e20       _jwe_ifch                  004f9e20 f   fj90i:jwe_ifch.obj
 0001:000f5f80       _jwe_ioec                  004f9f80 f   fj90i:jwe_ioec.obj
 0001:000f6380       _jwe_idcf                  004fa380 f   fj90i:jwe_idcf.obj
 0001:000f6800       _jwe_icps                  004fa800 f   fj90i:jwe_icps.obj
 0001:000f6f70       _jwe_icpt                  004faf70 f   fj90i:jwe_icpt.obj
 0001:000f7730       _jwe_ifps                  004fb730 f   fj90i:jwe_ifps.obj
 0001:000f7c90       _jwe_ifcr                  004fbc90 f   fj90i:jwe_ifcr.obj
 0001:000f7d30       _jwe_iefn                  004fbd30 f   fj90i:jwe_iefn.obj
 0001:000f7ea0       _jwe_ifcs                  004fbea0 f   fj90i:jwe_ifcs.obj
 0001:000f7f90       _jwe_ifcl                  004fbf90 f   fj90i:jwe_ifcl.obj
 0001:000f8d30       _jwe_ifan                  004fcd30 f   fj90i:jwe_ifan.obj
 0001:000f8ef0       _jwe_xget_cpuid            004fcef0 f   fj90i:jwe_xcpu.obj
 0001:000f8ff0       _jwe_ecnv                  004fcff0 f   fj90i:jwe_ecnv.obj
 0001:000f9120       _jwe_xtyp                  004fd120 f   fj90i:jwe_xtyp.obj
 0001:000f93c0       _jwe_errr                  004fd3c0 f   fj90i:jwe_errr.obj
 0001:000f9c00       _jwe_einf                  004fdc00 f   fj90i:jwe_einf.obj
 0001:000f9f50       _jwe_eitm                  004fdf50 f   fj90i:jwe_eitm.obj
 0001:000f9f80       _jwe_xpac                  004fdf80 f   fj90i:jwe_xpac.obj
 0001:000fa180       _jwe_iged                  004fe180 f   fj90i:jwe_iend.obj
 0001:000fa3c0       _jwe_ieed                  004fe3c0 f   fj90i:jwe_iend.obj
 0001:000fa460       _jwe_xfpe                  004fe460 f   fj90i:jwe_xfpe.obj
 0001:000fa540       _jwe_xsko                  004fe540 f   fj90i:jwe_xsko.obj
 0001:000fa570       _jwe_xacv                  004fe570 f   fj90i:jwe_xacv.obj
 0001:000fa5a0       _jwe_xacd                  004fe5a0 f   fj90i:jwe_xacd.obj
 0001:000fa5b0       _jwe_xesm                  004fe5b0 f   fj90i:jwe_xesm.obj
 0001:000fa650       _jwe_etbm                  004fe650 f   fj90i:jwe_etbm.obj
 0001:000fb930       _jwe_xill                  004ff930 f   fj90i:jwe_xill.obj
 0001:000fb960       _jwe_xrdy                  004ff960 f   fj90i:jwe_xrdy.obj
 0001:000fb970       _jwe_iicn                  004ff970 f   fj90i:jwe_iicn.obj
 0001:000fbcb0       _jwe_irpd                  004ffcb0 f   fj90i:jwe_irpd.obj
 0001:000fc230       _jwe_irp1                  00500230 f   fj90i:jwe_irpd.obj
 0001:000fc2f0       _jwe_irp2                  005002f0 f   fj90i:jwe_irpd.obj
 0001:000fc4c0       _jwe_ijdj                  005004c0 f   fj90i:jwe_ijdj.obj
 0001:000fc720       _jwe_imdj                  00500720 f   fj90i:jwe_imdj.obj
 0001:000fc770       _jwe_imdju                 00500770 f   fj90i:jwe_imdj.obj
 0001:000fc7d0       _jwe_ifvsv                 005007d0 f   fj90i:jwe_imdj.obj
 0001:000fc830       _jwe_ifvdu                 00500830 f   fj90i:jwe_imdj.obj
 0001:000fc970       _jwe_ifvdv                 00500970 f   fj90i:jwe_imdj.obj
 0001:000fcaf0       _jwe_ijad                  00500af0 f   fj90i:jwe_ijad.obj
 0001:000fcb70       _jwe_ijmj                  00500b70 f   fj90i:jwe_ijmj.obj
 0001:000fccc0       _jwe_ifop                  00500cc0 f   fj90i:jwe_ifop.obj
 0001:000fdb70       _jwe_emsg                  00501b70 f   fj90i:jwe_emsg.obj
 0001:000fead0       _jwe_egtb                  00502ad0 f   fj90i:jwe_ertb.obj
 0001:000feae0       _jwe_ebtl                  00502ae0 f   fj90i:jwe_ertb.obj
 0001:000feaf0       _jwe_etbl                  00502af0 f   fj90i:jwe_etbl.obj
 0001:000feb20       _jwe_etbe                  00502b20 f   fj90i:jwe_etbe.obj
 0001:000fec20       _jwe_etbn                  00502c20 f   fj90i:jwe_etbn.obj
 0001:000fed40       _jwe_etbg                  00502d40 f   fj90i:jwe_etbg.obj
 0001:000feea0       _jwe_etbs_dll              00502ea0 f   fj90i:jwe_etbs.obj
 0001:000ff220       _jwe_etbs                  00503220 f   fj90i:jwe_etbs.obj
 0001:000ff5d0       _jwe_ijsb                  005035d0 f   fj90i:jwe_ijsb.obj
 0001:000ff640       _jwe_idpa                  00503640 f   fj90i:jwe_idpa.obj
 0001:001003f0       _jwe_idpb                  005043f0 f   fj90i:jwe_idpa.obj
 0001:001005e0       _jwe_idpe                  005045e0 f   fj90i:jwe_idpa.obj
 0001:00100700       _jwe_idga                  00504700 f   fj90i:jwe_idga.obj
 0001:00100dc0       _jwe_idpt                  00504dc0 f   fj90i:jwe_idpt.obj
 0001:001019e0       _jwe_idft                  005059e0 f   fj90i:jwe_idpt.obj
 0001:00101bc0       _jwe_idgt                  00505bc0 f   fj90i:jwe_idgt.obj
 0001:00102280       _jwe_iupd                  00506280 f   fj90i:jwe_iupd.obj
 0001:00102930       _jwe_iupd_error            00506930 f   fj90i:jwe_iupd.obj
 0001:001029d0       _jwe_iugd                  005069d0 f   fj90i:jwe_iugd.obj
 0001:00102e30       _jwe_ibpd                  00506e30 f   fj90i:jwe_ibpd.obj
 0001:00103140       _jwe_ibgd                  00507140 f   fj90i:jwe_ibgd.obj
 0001:001032e0       _jwe_ifpf                  005072e0 f   fj90i:jwe_ifpf.obj
 0001:00103f10       _jwe_icpf                  00507f10 f   fj90i:jwe_icpf.obj
 0001:00104e60       _jwe_ifgf                  00508e60 f   fj90i:jwe_ifgf.obj
 0001:001055e0       _jwe_ipfd                  005095e0 f   fj90i:jwe_ipfd.obj
 0001:00106300       _jwe_itfn                  0050a300 f   fj90i:jwe_itfn.obj
 0001:00106640       _jwe_iifd                  0050a640 f   fj90i:jwe_iifd.obj
 0001:00106950       _jwe_igfd                  0050a950 f   fj90i:jwe_igfd.obj
 0001:00106cd0       _jwe_itfd                  0050acd0 f   fj90i:jwe_itfd.obj
 0001:001071a0       _jwe_isfd                  0050b1a0 f   fj90i:jwe_isfd.obj
 0001:00107320       _jwe_irfd                  0050b320 f   fj90i:jwe_irfd.obj
 0001:00107410       _jwe_ibfd                  0050b410 f   fj90i:jwe_ibfd.obj
 0001:00108120       _jwe_ifgs                  0050c120 f   fj90i:jwe_ifgs.obj
 0001:001082f0       _jwe_ifga                  0050c2f0 f   fj90i:jwe_ifga.obj
 0001:001083a0       _jwe_ipsd                  0050c3a0 f   fj90i:jwe_ipsd.obj
 0001:00108ab0       _jwe_ipad                  0050cab0 f   fj90i:jwe_ipad.obj
 0001:00108ae0       _jwe_itsn                  0050cae0 f   fj90i:jwe_itsn.obj
 0001:00108bd0       _jwe_ifpa                  0050cbd0 f   fj90i:jwe_ifpa.obj
 0001:00108cb0       _jwe_igsd                  0050ccb0 f   fj90i:jwe_igsd.obj
 0001:00108e50       _jwe_itsd                  0050ce50 f   fj90i:jwe_itsd.obj
 0001:00108f60       _jwe_issd                  0050cf60 f   fj90i:jwe_issd.obj
 0001:00108fc0       _jwe_irsd                  0050cfc0 f   fj90i:jwe_irsd.obj
 0001:00109010       _jwe_ibsd                  0050d010 f   fj90i:jwe_ibsd.obj
 0001:00109230       _jwe_etxt                  0050d230 f   fj90i:jwe_etxt.obj
 0001:00109290       _jwe_etbf                  0050d290 f   fj90i:jwe_etbf.obj
 0001:00109690       _jwe_itpt                  0050d690 f   fj90i:jwe_itpt.obj
 0001:00109720       _jwe_emso                  0050d720 f   fj90i:jwe_emso.obj
 0001:00109730       _jwe_emss                  0050d730 f   fj90i:jwe_emss.obj
 0001:00109740       _jwe_emsf                  0050d740 f   fj90i:jwe_emsf.obj
 0001:00109750       _jwe_emsi                  0050d750 f   fj90i:jwe_emsi.obj
 0001:00109760       _jwe_emsx                  0050d760 f   fj90i:jwe_emsx.obj
 0001:00109770       _jwe_ems5                  0050d770 f   fj90i:jwe_ems5.obj
 0001:00109780       _jwe_ems4                  0050d780 f   fj90i:jwe_ems4.obj
 0001:00109790       _jwe_ems3                  0050d790 f   fj90i:jwe_ems3.obj
 0001:001097a0       _jwe_ems2                  0050d7a0 f   fj90i:jwe_ems2.obj
 0001:001097b0       _jwe_ems1                  0050d7b0 f   fj90i:jwe_ems1.obj
 0001:001097c0       __chkstk                   0050d7c0 f   libc:chkstk.obj
 0001:001097c0       __alloca_probe             0050d7c0 f   libc:chkstk.obj
 0001:001097f0       __ftol                     0050d7f0 f   libc:ftol.obj
 0001:00109817       _mainCRTStartup            0050d817 f   libc:crt0.obj
 0001:001098f6       __amsg_exit                0050d8f6 f   libc:crt0.obj
 0001:0010993f       __fpmath                   0050d93f f   libc:fpinit.obj
 0001:00109956       __fpclear                  0050d956 f   libc:fpinit.obj
 0001:00109957       __cfltcvt_init             0050d957 f   libc:fpinit.obj
 0001:0010998f       ___setfflag                0050d98f f   libc:fpinit.obj
 0001:0010999f       _strtol                    0050d99f f   libc:strtol.obj
 0001:00109bbe       _strtoul                   0050dbbe f   libc:strtol.obj
 0001:00109bd5       _getenv                    0050dbd5 f   libc:getenv.obj
 0001:00109c52       __statusfp                 0050dc52 f   libc:ieee87.obj
 0001:00109c65       __clearfp                  0050dc65 f   libc:ieee87.obj
 0001:00109c79       __control87                0050dc79 f   libc:ieee87.obj
 0001:00109cae       __controlfp                0050dcae f   libc:ieee87.obj
 0001:00109cc4       __fpreset                  0050dcc4 f   libc:ieee87.obj
 0001:00109e3e       ___initstdio               0050de3e f   libc:_file.obj
 0001:00109ee3       ___endstdio                0050dee3 f   libc:_file.obj
 0001:00109ef7       __stati64                  0050def7 f   libc:stati64.obj
 0001:0010a236       _fflush                    0050e236 f   libc:fflush.obj
 0001:0010a271       __flush                    0050e271 f   libc:fflush.obj
 0001:0010a2cd       __flushall                 0050e2cd f   libc:fflush.obj
 0001:0010a343       _printf                    0050e343 f   libc:printf.obj
 0001:0010a374       __isctype                  0050e374 f   libc:isctype.obj
 0001:0010a3f0       _strncpy                   0050e3f0 f   libc:strncpy.obj
 0001:0010a4ee       _free                      0050e4ee f   libc:free.obj
 0001:0010a557       _malloc                    0050e557 f   libc:malloc.obj
 0001:0010a569       __nh_malloc                0050e569 f   libc:malloc.obj
 0001:0010a595       __heap_alloc               0050e595 f   libc:malloc.obj
 0001:0010a609       _realloc                   0050e609 f   libc:realloc.obj
 0001:0010a8b0       _memmove                   0050e8b0 f   libc:memmove.obj
 0001:0010abf0       __CIpow                    0050ebf0 f   libc:pow.obj
 0001:0010ac09       _pow                       0050ec09 f   libc:pow.obj
 0001:0010ae0d       __tolower                  0050ee0d f   libc:tolower.obj
 0001:0010ae15       _tolower                   0050ee15 f   libc:tolower.obj
 0001:0010aee0       _fputc                     0050eee0 f   libc:fputc.obj
 0001:0010af04       _putc                      0050ef04 f   libc:fputc.obj
 0001:0010af14       _sprintf                   0050ef14 f   libc:sprintf.obj
 0001:0010af66       _fgets                     0050ef66 f   libc:fgets.obj
 0001:0010afbd       _fclose                    0050efbd f   libc:fclose.obj
 0001:0010b013       _fputs                     0050f013 f   libc:fputs.obj
 0001:0010b056       __fsopen                   0050f056 f   libc:fopen.obj
 0001:0010b076       _fopen                     0050f076 f   libc:fopen.obj
 0001:0010b089       _abort                     0050f089 f   libc:abort.obj
 0001:0010b0a0       __cinit                    0050f0a0 f   libc:crt0dat.obj
 0001:0010b0cd       _exit                      0050f0cd f   libc:crt0dat.obj
 0001:0010b0de       __exit                     0050f0de f   libc:crt0dat.obj
 0001:0010b0ef       __cexit                    0050f0ef f   libc:crt0dat.obj
 0001:0010b0fe       __c_exit                   0050f0fe f   libc:crt0dat.obj
 0001:0010b1c0       _isalpha                   0050f1c0 f   libc:_ctype.obj
 0001:0010b1ee       _isupper                   0050f1ee f   libc:_ctype.obj
 0001:0010b216       _islower                   0050f216 f   libc:_ctype.obj
 0001:0010b23e       _isdigit                   0050f23e f   libc:_ctype.obj
 0001:0010b266       _isxdigit                  0050f266 f   libc:_ctype.obj
 0001:0010b293       _isspace                   0050f293 f   libc:_ctype.obj
 0001:0010b2bb       _ispunct                   0050f2bb f   libc:_ctype.obj
 0001:0010b2e3       _isalnum                   0050f2e3 f   libc:_ctype.obj
 0001:0010b311       _isprint                   0050f311 f   libc:_ctype.obj
 0001:0010b33f       _isgraph                   0050f33f f   libc:_ctype.obj
 0001:0010b36d       _iscntrl                   0050f36d f   libc:_ctype.obj
 0001:0010b395       ___isascii                 0050f395 f   libc:_ctype.obj
 0001:0010b3a2       ___toascii                 0050f3a2 f   libc:_ctype.obj
 0001:0010b3aa       ___iscsymf                 0050f3aa f   libc:_ctype.obj
 0001:0010b3e7       ___iscsym                  0050f3e7 f   libc:_ctype.obj
 0001:0010b424       __lseeki64                 0050f424 f   libc:lseeki64.obj
 0001:0010b4d5       _fseek                     0050f4d5 f   libc:fseek.obj
 0001:0010b561       _fread                     0050f561 f   libc:fread.obj
 0001:0010b649       _ftell                     0050f649 f   libc:ftell.obj
 0001:0010b7a1       _strerror                  0050f7a1 f   libc:strerror.obj
 0001:0010b7cd       _fwrite                    0050f7cd f   libc:fwrite.obj
 0001:0010b8d7       __fstati64                 0050f8d7 f   libc:fstati64.obj
 0001:0010bb70       _memcmp                    0050fb70 f   libc:memcmp.obj
 0001:0010bc1c       __toupper                  0050fc1c f   libc:toupper.obj
 0001:0010bc24       _toupper                   0050fc24 f   libc:toupper.obj
 0001:0010bcf0       _strncat                   0050fcf0 f   libc:strncat.obj
 0001:0010be20       _strncmp                   0050fe20 f   libc:strncmp.obj
 0001:0010be58       _atol                      0050fe58 f   libc:atox.obj
 0001:0010bee3       _atoi                      0050fee3 f   libc:atox.obj
 0001:0010beee       __atoi64                   0050feee f   libc:atox.obj
 0001:0010bfa8       _setvbuf                   0050ffa8 f   libc:setvbuf.obj
 0001:0010c050       __allrem                   00510050 f   libc:llrem.obj
 0001:0010c110       __alldiv                   00510110 f   libc:lldiv.obj
 0001:0010c1c0       __allmul                   005101c0 f   libc:llmul.obj
 0001:0010c1f4       __flsbuf                   005101f4 f   libc:_flsbuf.obj
 0001:0010c309       _clearerr                  00510309 f   libc:clearerr.obj
 0001:0010c337       _rewind                    00510337 f   libc:rewind.obj
 0001:0010c38b       __XcptFilter               0051038b f   libc:winxfltr.obj
 0001:0010c50f       __setenvp                  0051050f f   libc:stdenvp.obj
 0001:0010c5c8       __setargv                  005105c8 f   libc:stdargv.obj
 0001:0010c815       ___crtGetEnvironmentStringsA 00510815 f   libc:a_env.obj
 0001:0010c947       __ioinit                   00510947 f   libc:ioinit.obj
 0001:0010caf2       __ioterm                   00510af2 f   libc:ioinit.obj
 0001:0010cb15       __GetLinkerVersion         00510b15 f   libc:heapinit.obj
 0001:0010cb42       ___heap_select             00510b42 f   libc:heapinit.obj
 0001:0010cc8a       __heap_init                00510c8a f   libc:heapinit.obj
 0001:0010cce7       __heap_term                00510ce7 f   libc:heapinit.obj
 0001:0010cd90       __global_unwind2           00510d90 f   libc:exsup.obj
 0001:0010cdd2       __local_unwind2            00510dd2 f   libc:exsup.obj
 0001:0010ce2a       __NLG_Return2              00510e2a f   libc:exsup.obj
 0001:0010ce3a       __abnormal_termination     00510e3a f   libc:exsup.obj
 0001:0010ce5d       __NLG_Notify1              00510e5d f   libc:exsup.obj
 0001:0010ce66       __NLG_Notify               00510e66 f   libc:exsup.obj
 0001:0010ce79       __NLG_Dispatch             00510e79 f   libc:exsup.obj
 0001:0010ce88       __except_handler3          00510e88 f   libc:exsup3.obj
 0001:0010cf45       __seh_longjmp_unwind@4     00510f45 f   libc:exsup3.obj
 0001:0010cf60       __FF_MSGBANNER             00510f60 f   libc:crt0msg.obj
 0001:0010cf99       __NMSG_WRITE               00510f99 f   libc:crt0msg.obj
 0001:0010d0ec       __GET_RTERRMSG             005110ec f   libc:crt0msg.obj
 0001:0010d11d       __setdefaultprecision      0051111d f   libc:fp8.obj
 0001:0010d12f       __ms_p5_test_fdiv          0051112f f   libc:testfdiv.obj
 0001:0010d16d       __ms_p5_mp_test_fdiv       0051116d f   libc:testfdiv.obj
 0001:0010d196       __forcdecpt                00511196 f   libc:cvt.obj
 0001:0010d1f0       __cropzeros                005111f0 f   libc:cvt.obj
 0001:0010d23e       __positive                 0051123e f   libc:cvt.obj
 0001:0010d256       __fassign                  00511256 f   libc:cvt.obj
 0001:0010d294       __cftoe                    00511294 f   libc:cvt.obj
 0001:0010d398       __cftof                    00511398 f   libc:cvt.obj
 0001:0010d476       __cftog                    00511476 f   libc:cvt.obj
 0001:0010d55b       __cfltcvt                  0051155b f   libc:cvt.obj
 0001:0010d5d1       __mbsnbicoll               005115d1 f   libc:mbsnbico.obj
 0001:0010d610       _strlen                    00511610 f   libc:strlen.obj
 0001:0010d68b       ___wtomb_environ           0051168b f   libc:wtombenv.obj
 0001:0010d6f9       _calloc                    005116f9 f   libc:calloc.obj
 0001:0010d7aa       __fcloseall                005117aa f   libc:closeall.obj
 0001:0010d802       __dosmaperr                00511802 f   libc:dosmap.obj
 0001:0010d869       ___dtoxmode                00511869 f   libc:stat.obj
 0001:0010d921       __stat                     00511921 f   libc:stat.obj
 0001:0010dc44       ___loctotime_t             00511c44 f   libc:dtoxtime.obj
 0001:0010dd06       __fullpath                 00511d06 f   libc:fullpath.obj
 0001:0010dda9       __getdrive                 00511da9 f   libc:drive.obj
 0001:0010ddec       __chdrive                  00511dec f   libc:drive.obj
 0001:0010de43       __mbctolower               00511e43 f   libc:mbtolwr.obj
 0001:0010debe       __mbspbrk                  00511ebe f   libc:mbspbrk.obj
 0001:0010df43       __commit                   00511f43 f   libc:commit.obj
 0001:0010df9a       _write                     00511f9a f   libc:write.obj
 0001:0010df9a       __write                    00511f9a f   libc:write.obj
 0001:0010e147       __stbuf                    00512147 f   libc:_sftbuf.obj
 0001:0010e1d4       __ftbuf                    005121d4 f   libc:_sftbuf.obj
 0001:0010e211       __output                   00512211 f   libc:output.obj
 0001:0010ea1b       ___crtGetStringTypeA       00512a1b f   libc:a_str.obj
 0001:0010eb64       __get_sbh_threshold        00512b64 f   libc:sbheap.obj
 0001:0010eb83       __set_sbh_threshold        00512b83 f   libc:sbheap.obj
 0001:0010ec36       ___sbh_heap_init           00512c36 f   libc:sbheap.obj
 0001:0010ec7e       ___sbh_find_block          00512c7e f   libc:sbheap.obj
 0001:0010eca9       ___sbh_free_block          00512ca9 f   libc:sbheap.obj
 0001:0010efd2       ___sbh_alloc_block         00512fd2 f   libc:sbheap.obj
 0001:0010f2db       ___sbh_alloc_new_region    005132db f   libc:sbheap.obj
 0001:0010f38c       ___sbh_alloc_new_group     0051338c f   libc:sbheap.obj
 0001:0010f487       ___sbh_resize_block        00513487 f   libc:sbheap.obj
 0001:0010f77d       ___sbh_heapmin             0051377d f   libc:sbheap.obj
 0001:0010f84e       ___sbh_heap_check          0051384e f   libc:sbheap.obj
 0001:0010fb7d       __get_old_sbh_threshold    00513b7d f   libc:sbheap.obj
 0001:0010fb83       __set_old_sbh_threshold    00513b83 f   libc:sbheap.obj
 0001:0010fb9f       ___old_sbh_new_region      00513b9f f   libc:sbheap.obj
 0001:0010fce3       ___old_sbh_release_region  00513ce3 f   libc:sbheap.obj
 0001:0010fd39       ___old_sbh_decommit_pages  00513d39 f   libc:sbheap.obj
 0001:0010fdfb       ___old_sbh_find_block      00513dfb f   libc:sbheap.obj
 0001:0010fe52       ___old_sbh_free_block      00513e52 f   libc:sbheap.obj
 0001:0010fe97       ___old_sbh_alloc_block     00513e97 f   libc:sbheap.obj
 0001:0011009f       ___old_sbh_alloc_block_from_page 0051409f f   libc:sbheap.obj
 0001:001101c3       ___old_sbh_resize_block    005141c3 f   libc:sbheap.obj
 0001:0011026c       ___old_sbh_heap_check      0051426c f   libc:sbheap.obj
 0001:001103ca       ?_set_new_handler@@YAP6AHI@ZP6AHI@Z@Z 005143ca f   libc:handler.obj
 0001:001103da       ?_query_new_handler@@YAP6AHI@ZXZ 005143da f   libc:handler.obj
 0001:001103e0       __callnewh                 005143e0 f   libc:handler.obj
 0001:00110400       _memcpy                    00514400 f   libc:memcpy.obj
 0001:00110751       __fFEXP                    00514751 f   libc:87tran.obj
 0001:001107b8       __rtinfpopse               005147b8 f   libc:87tran.obj
 0001:001107ba       __rtinfnpopse              005147ba f   libc:87tran.obj
 0001:001107ca       __fFLN                     005147ca f   libc:87tran.obj
 0001:0011087f       __rtinfpop                 0051487f f   libc:87tran.obj
 0001:00110881       __rtinfnpop                00514881 f   libc:87tran.obj
 0001:0011089e       __ffexpm1                  0051489e f   libc:87tran.obj
 0001:00110950       __trandisp1                00514950 f   libc:87disp.obj
 0001:001109b7       __trandisp2                005149b7 f   libc:87disp.obj
 0001:00110a43       __rttospopde               00514a43 f   libc:87disp.obj
 0001:00110a48       __rttospop                 00514a48 f   libc:87disp.obj
 0001:00110a4a       __rtnospop                 00514a4a f   libc:87disp.obj
 0001:00110a4c       __rttosnpop                00514a4c f   libc:87disp.obj
 0001:00110a4d       __rtnospopde               00514a4d f   libc:87disp.obj
 0001:00110a54       __rtzeropop                00514a54 f   libc:87disp.obj
 0001:00110a56       __rtzeronpop               00514a56 f   libc:87disp.obj
 0001:00110a5b       __rtonepop                 00514a5b f   libc:87disp.obj
 0001:00110a5d       __rtonenpop                00514a5d f   libc:87disp.obj
 0001:00110a62       __tosnan1                  00514a62 f   libc:87disp.obj
 0001:00110a8d       __nosnan2                  00514a8d f   libc:87disp.obj
 0001:00110a8f       __tosnan2                  00514a8f f   libc:87disp.obj
 0001:00110ab7       __nan2                     00514ab7 f   libc:87disp.obj
 0001:00110af6       __rtindfpop                00514af6 f   libc:87disp.obj
 0001:00110af8       __rtindfnpop               00514af8 f   libc:87disp.obj
 0001:00110b09       __rttosnpopde              00514b09 f   libc:87disp.obj
 0001:00110b13       __rtchsifneg               00514b13 f   libc:87disp.obj
 0001:00110b20       __startTwoArgErrorHandling 00514b20 f   libc:genexcep.obj
 0001:00110b37       __startOneArgErrorHandling 00514b37 f   libc:genexcep.obj
 0001:00110b80       __twoToTOS                 00514b80 f   libc:common.obj
 0001:00110b95       __load_CW                  00514b95 f   libc:common.obj
 0001:00110bac       __convertTOStoQNaN         00514bac f   libc:common.obj
 0001:00110bc5       __fload_withFB             00514bc5 f   libc:common.obj
 0001:00110c08       __checkTOS_withFB          00514c08 f   libc:common.obj
 0001:00110c1e       __fast_exit                00514c1e f   libc:common.obj
 0001:00110c2b       __math_exit                00514c2b f   libc:common.obj
 0001:00110c55       __check_overflow_exit      00514c55 f   libc:common.obj
 0001:00110c69       __check_range_exit         00514c69 f   libc:common.obj
 0001:00110d0c       __powhlp                   00514d0c f   libc:powhlp.obj
 0001:00110e3c       __d_inttype                00514e3c f   libc:powhlp.obj
 0001:00110ea1       ___crtLCMapStringA         00514ea1 f   libc:a_map.obj
 0001:001110f0       __filbuf                   005150f0 f   libc:_filbuf.obj
 0001:001111c9       __close                    005151c9 f   libc:close.obj
 0001:001111c9       _close                     005151c9 f   libc:close.obj
 0001:0011127c       __freebuf                  0051527c f   libc:_freebuf.obj
 0001:001112a7       __openfile                 005152a7 f   libc:_open.obj
 0001:00111417       __getstream                00515417 f   libc:stream.obj
 0001:0011148f       _signal                    0051548f f   libc:winsig.obj
 0001:001115d3       _raise                     005155d3 f   libc:winsig.obj
 0001:00111745       __alloc_osfhnd             00515745 f   libc:osfinfo.obj
 0001:001117da       __set_osfhnd               005157da f   libc:osfinfo.obj
 0001:00111851       __free_osfhnd              00515851 f   libc:osfinfo.obj
 0001:001118cb       __get_osfhandle            005158cb f   libc:osfinfo.obj
 0001:00111908       __open_osfhandle           00515908 f   libc:osfinfo.obj
 0001:001119a5       __lseek                    005159a5 f   libc:lseek.obj
 0001:001119a5       _lseek                     005159a5 f   libc:lseek.obj
 0001:00111a3f       __read                     00515a3f f   libc:read.obj
 0001:00111a3f       _read                      00515a3f f   libc:read.obj
 0001:00111c40       _strcpy                    00515c40 f   libc:strcat.obj
 0001:00111c50       _strcat                    00515c50 f   libc:strcat.obj
 0001:00111d30       __getbuf                   00515d30 f   libc:_getbuf.obj
 0001:00111d74       __isatty                   00515d74 f   libc:isatty.obj
 0001:00111d74       _isatty                    00515d74 f   libc:isatty.obj
 0001:00111d9a       __setmbcp                  00515d9a f   libc:mbctype.obj
 0001:0011215e       __getmbcp                  0051615e f   libc:mbctype.obj
 0001:0011216e       ___initmbctable            0051616e f   libc:mbctype.obj
 0001:001121a0       _strchr                    005161a0 f   libc:strchr.obj
 0001:001121a6       ___from_strstr_to_strchr   005161a6 f   libc:strchr.obj
 0001:00112260       _strstr                    00516260 f   libc:strstr.obj
 0001:001122e0       ___crtMessageBoxA          005162e0 f   libc:crtmbox.obj
 0001:00112369       __ZeroTail                 00516369 f   libc:intrncvt.obj
 0001:001123b2       __IncMan                   005163b2 f   libc:intrncvt.obj
 0001:00112408       __RoundMan                 00516408 f   libc:intrncvt.obj
 0001:00112494       __CopyMan                  00516494 f   libc:intrncvt.obj
 0001:001124af       __FillZeroMan              005164af f   libc:intrncvt.obj
 0001:001124bb       __IsZeroMan                005164bb f   libc:intrncvt.obj
 0001:001124d6       __ShrMan                   005164d6 f   libc:intrncvt.obj
 0001:00112563       __ld12cvt                  00516563 f   libc:intrncvt.obj
 0001:001126cf       __ld12tod                  005166cf f   libc:intrncvt.obj
 0001:001126e5       __ld12tof                  005166e5 f   libc:intrncvt.obj
 0001:001126fb       __ld12told                 005166fb f   libc:intrncvt.obj
 0001:00112775       __atodbl                   00516775 f   libc:intrncvt.obj
 0001:001127a2       __atoldbl                  005167a2 f   libc:intrncvt.obj
 0001:001127d0       __atoflt                   005167d0 f   libc:intrncvt.obj
 0001:001127fd       __fptostr                  005167fd f   libc:_fptostr.obj
 0001:00112874       __fltout                   00516874 f   libc:cfout.obj
 0001:001128d8       ___dtold                   005168d8 f   libc:cfout.obj
 0001:00112990       _memset                    00516990 f   libc:memset.obj
 0001:001129e8       __fptrap                   005169e8 f   libc:crt0fp.obj
 0001:001129f1       ___crtCompareStringA       005169f1 f   libc:a_cmp.obj
 0001:00112c99       ___crtsetenv               00516c99 f   libc:setenv.obj
 0001:00112edf       __mbsicmp                  00516edf f   libc:mbsicmp.obj
 0001:0011304d       __mbsrchr                  0051704d f   libc:mbsrchr.obj
 0001:001130ad       ___tzset                   005170ad f   libc:tzset.obj
 0001:001130c2       __tzset                    005170c2 f   libc:tzset.obj
 0001:00113320       __isindst                  00517320 f   libc:tzset.obj
 0001:0011360c       _getcwd                    0051760c f   libc:getcwd.obj
 0001:0011360c       __getcwd                   0051760c f   libc:getcwd.obj
 0001:0011361f       __getdcwd                  0051761f f   libc:getcwd.obj
 0001:001136f0       __validdrive               005176f0 f   libc:getcwd.obj
 0001:00113730       _strpbrk                   00517730 f   libc:strpbrk.obj
 0001:0011376a       _wctomb                    0051776a f   libc:wctomb.obj
 0001:001137e0       __aulldiv                  005177e0 f   libc:ulldiv.obj
 0001:00113850       __aullrem                  00517850 f   libc:ullrem.obj
 0001:001138d0       _fdiv_main_routine         005178d0 f   libc:adj_fdiv.obj
 0001:001139e7       __adj_fdiv_r               005179e7 f   libc:adj_fdiv.obj
 0001:00113e86       __fdivp_sti_st             00517e86 f   libc:adj_fdiv.obj
 0001:00113e99       __fdivrp_sti_st            00517e99 f   libc:adj_fdiv.obj
 0001:00113eac       __adj_fdiv_m32             00517eac f   libc:adj_fdiv.obj
 0001:00113ef8       __adj_fdiv_m64             00517ef8 f   libc:adj_fdiv.obj
 0001:00113f44       __adj_fdiv_m16i            00517f44 f   libc:adj_fdiv.obj
 0001:00113f78       __adj_fdiv_m32i            00517f78 f   libc:adj_fdiv.obj
 0001:00113fac       __adj_fdivr_m32            00517fac f   libc:adj_fdiv.obj
 0001:00113ff8       __adj_fdivr_m64            00517ff8 f   libc:adj_fdiv.obj
 0001:00114044       __adj_fdivr_m16i           00518044 f   libc:adj_fdiv.obj
 0001:00114078       __adj_fdivr_m32i           00518078 f   libc:adj_fdiv.obj
 0001:001140ac       __safe_fdiv                005180ac f   libc:adj_fdiv.obj
 0001:001140c1       __safe_fdivr               005180c1 f   libc:adj_fdiv.obj
 0001:001140d6       __fprem_common             005180d6 f   libc:adj_fdiv.obj
 0001:001142dc       __adj_fprem                005182dc f   libc:adj_fdiv.obj
 0001:0011438e       __fprem1_common            0051838e f   libc:adj_fdiv.obj
 0001:00114594       __adj_fprem1               00518594 f   libc:adj_fdiv.obj
 0001:00114649       __safe_fprem               00518649 f   libc:adj_fdiv.obj
 0001:0011464f       __safe_fprem1              0051864f f   libc:adj_fdiv.obj
 0001:00114655       __adj_fpatan               00518655 f   libc:adj_fdiv.obj
 0001:00114658       __adj_fptan                00518658 f   libc:adj_fdiv.obj
 0001:0011465b       __87except                 0051865b f   libc:87except.obj
 0001:0011472b       __set_exp                  0051872b f   libc:util.obj
 0001:00114754       __get_exp                  00518754 f   libc:util.obj
 0001:00114768       __add_exp                  00518768 f   libc:util.obj
 0001:00114794       __set_bexp                 00518794 f   libc:util.obj
 0001:001147b8       __sptype                   005187b8 f   libc:util.obj
 0001:00114812       __decomp                   00518812 f   libc:util.obj
 0001:001148d3       __frnd                     005188d3 f   libc:frnd.obj
 0001:001148e5       __copysign                 005188e5 f   libc:ieeemisc.obj
 0001:00114906       __chgsign                  00518906 f   libc:ieeemisc.obj
 0001:0011492b       __scalb                    0051892b f   libc:ieeemisc.obj
 0001:00114941       __logb                     00518941 f   libc:ieeemisc.obj
 0001:00114a28       __nextafter                00518a28 f   libc:ieeemisc.obj
 0001:00114cbd       __finite                   00518cbd f   libc:ieeemisc.obj
 0001:00114cd1       __isnan                    00518cd1 f   libc:ieeemisc.obj
 0001:00114cff       __fpclass                  00518cff f   libc:ieeemisc.obj
 0001:00114d91       __open                     00518d91 f   libc:open.obj
 0001:00114d91       _open                      00518d91 f   libc:open.obj
 0001:00114da8       __sopen                    00518da8 f   libc:open.obj
 0001:00115061       ___addl                    00519061 f   libc:mantold.obj
 0001:00115082       ___add_12                  00519082 f   libc:mantold.obj
 0001:001150e0       ___shl_12                  005190e0 f   libc:mantold.obj
 0001:0011510e       ___shr_12                  0051910e f   libc:mantold.obj
 0001:0011513b       ___mtold12                 0051913b f   libc:mantold.obj
 0001:00115202       ___strgtold12              00519202 f   libc:strgtold.obj
 0001:001156d3       ___STRINGTOLD              005196d3 f   libc:strgtold.obj
 0001:0011570f       _$I10_OUTPUT               0051970f f   libc:x10fout.obj
 0001:001159a2       __mbschr                   005199a2 f   libc:mbschr.obj
 0001:00115a15       __strdup                   00519a15 f   libc:strdup.obj
 0001:00115a40       __stricmp                  00519a40 f   libc:stricmp.obj
 0001:00115a40       __strcmpi                  00519a40 f   libc:stricmp.obj
 0001:00115ad0       _strrchr                   00519ad0 f   libc:strrchr.obj
 0001:00115b00       _strcmp                    00519b00 f   libc:strcmp.obj
 0001:00115b84       __handle_qnan1             00519b84 f   libc:fpexcept.obj
 0001:00115bd7       __handle_qnan2             00519bd7 f   libc:fpexcept.obj
 0001:00115c36       __except1                  00519c36 f   libc:fpexcept.obj
 0001:00115cce       __except2                  00519cce f   libc:fpexcept.obj
 0001:00115d73       __raise_exc                00519d73 f   libc:fpexcept.obj
 0001:00116026       __handle_exc               0051a026 f   libc:fpexcept.obj
 0001:0011623d       __umatherr                 0051a23d f   libc:fpexcept.obj
 0001:001162c5       __set_errno                0051a2c5 f   libc:fpexcept.obj
 0001:00116310       __errcode                  0051a310 f   libc:fpexcept.obj
 0001:0011633d       __matherr                  0051a33d f   libc:matherr.obj
 0001:00116340       __statfp                   0051a340 f   libc:fpctrl.obj
 0001:0011634e       __clrfp                    0051a34e f   libc:fpctrl.obj
 0001:0011635d       __ctrlfp                   0051a35d f   libc:fpctrl.obj
 0001:00116380       __set_statfp               0051a380 f   libc:fpctrl.obj
 0001:001163d6       _ldexp                     0051a3d6 f   libc:ldexp.obj
 0001:001165bc       __chsize                   0051a5bc f   libc:chsize.obj
 0001:00116702       ___ld12mul                 0051a702 f   libc:tenpow.obj
 0001:00116922       ___multtenpow12            0051a922 f   libc:tenpow.obj
 0001:0011699e       __setmode                  0051a99e f   libc:setmode.obj
 0001:00116a14       _MessageBoxA@16            0051aa14 f   user32:USER32.dll
 0001:00116a20       _GetTimeZoneInformation@4  0051aa20 f   kernel32:KERNEL32.dll
 0001:00116a26       _GetLocalTime@4            0051aa26 f   kernel32:KERNEL32.dll
 0001:00116a2c       _GetCommandLineA@0         0051aa2c f   kernel32:KERNEL32.dll
 0001:00116a32       _AllocConsole@0            0051aa32 f   kernel32:KERNEL32.dll
 0001:00116a38       _GetStdHandle@4            0051aa38 f   kernel32:KERNEL32.dll
 0001:00116a3e       _QueryPerformanceCounter@4 0051aa3e f   kernel32:KERNEL32.dll
 0001:00116a44       _QueryPerformanceFrequency@4 0051aa44 f   kernel32:KERNEL32.dll
 0001:00116a4a       _GetVersionExA@4           0051aa4a f   kernel32:KERNEL32.dll
 0001:00116a50       _GetProcAddress@8          0051aa50 f   kernel32:KERNEL32.dll
 0001:00116a56       _GetModuleHandleA@4        0051aa56 f   kernel32:KERNEL32.dll
 0001:00116a5c       _ReadFile@20               0051aa5c f   kernel32:KERNEL32.dll
 0001:00116a62       _GetLastError@0            0051aa62 f   kernel32:KERNEL32.dll
 0001:00116a68       _SetFilePointer@16         0051aa68 f   kernel32:KERNEL32.dll
 0001:00116a6e       _FormatMessageA@28         0051aa6e f   kernel32:KERNEL32.dll
 0001:00116a74       _DeleteFileA@4             0051aa74 f   kernel32:KERNEL32.dll
 0001:00116a7a       _WriteFile@20              0051aa7a f   kernel32:KERNEL32.dll
 0001:00116a80       _CreateFileA@28            0051aa80 f   kernel32:KERNEL32.dll
 0001:00116a86       _CloseHandle@4             0051aa86 f   kernel32:KERNEL32.dll
 0001:00116a8c       _GetFileSize@8             0051aa8c f   kernel32:KERNEL32.dll
 0001:00116a92       _UnmapViewOfFile@4         0051aa92 f   kernel32:KERNEL32.dll
 0001:00116a98       _IsBadReadPtr@8            0051aa98 f   kernel32:KERNEL32.dll
 0001:00116a9e       _MapViewOfFile@20          0051aa9e f   kernel32:KERNEL32.dll
 0001:00116aa4       _CreateFileMappingA@24     0051aaa4 f   kernel32:KERNEL32.dll
 0001:00116aaa       _GetFileType@4             0051aaaa f   kernel32:KERNEL32.dll
 0001:00116ab0       _GetFileAttributesA@4      0051aab0 f   kernel32:KERNEL32.dll
 0001:00116ab6       _SearchPathA@24            0051aab6 f   kernel32:KERNEL32.dll
 0001:00116abc       _LoadLibraryExA@12         0051aabc f   kernel32:KERNEL32.dll
 0001:00116ac2       _GetVersion@0              0051aac2 f   kernel32:KERNEL32.dll
 0001:00116ac8       _ExitProcess@4             0051aac8 f   kernel32:KERNEL32.dll
 0001:00116ace       _FindClose@4               0051aace f   kernel32:KERNEL32.dll
 0001:00116ad4       _FileTimeToSystemTime@8    0051aad4 f   kernel32:KERNEL32.dll
 0001:00116ada       _FileTimeToLocalFileTime@8 0051aada f   kernel32:KERNEL32.dll
 0001:00116ae0       _GetDriveTypeA@4           0051aae0 f   kernel32:KERNEL32.dll
 0001:00116ae6       _FindFirstFileA@8          0051aae6 f   kernel32:KERNEL32.dll
 0001:00116aec       _HeapFree@12               0051aaec f   kernel32:KERNEL32.dll
 0001:00116af2       _HeapAlloc@12              0051aaf2 f   kernel32:KERNEL32.dll
 0001:00116af8       _HeapReAlloc@16            0051aaf8 f   kernel32:KERNEL32.dll
 0001:00116afe       _TerminateProcess@8        0051aafe f   kernel32:KERNEL32.dll
 0001:00116b04       _GetCurrentProcess@0       0051ab04 f   kernel32:KERNEL32.dll
 0001:00116b0a       _GetFileInformationByHandle@8 0051ab0a f   kernel32:KERNEL32.dll
 0001:00116b10       _PeekNamedPipe@24          0051ab10 f   kernel32:KERNEL32.dll
 0001:00116b16       _UnhandledExceptionFilter@4 0051ab16 f   kernel32:KERNEL32.dll
 0001:00116b1c       _GetModuleFileNameA@12     0051ab1c f   kernel32:KERNEL32.dll
 0001:00116b22       _FreeEnvironmentStringsA@4 0051ab22 f   kernel32:KERNEL32.dll
 0001:00116b28       _FreeEnvironmentStringsW@4 0051ab28 f   kernel32:KERNEL32.dll
 0001:00116b2e       _WideCharToMultiByte@32    0051ab2e f   kernel32:KERNEL32.dll
 0001:00116b34       _GetEnvironmentStrings@0   0051ab34 f   kernel32:KERNEL32.dll
 0001:00116b3a       _GetEnvironmentStringsW@0  0051ab3a f   kernel32:KERNEL32.dll
 0001:00116b40       _SetHandleCount@4          0051ab40 f   kernel32:KERNEL32.dll
 0001:00116b46       _GetStartupInfoA@4         0051ab46 f   kernel32:KERNEL32.dll
 0001:00116b4c       _GetEnvironmentVariableA@12 0051ab4c f   kernel32:KERNEL32.dll
 0001:00116b52       _HeapDestroy@4             0051ab52 f   kernel32:KERNEL32.dll
 0001:00116b58       _HeapCreate@12             0051ab58 f   kernel32:KERNEL32.dll
 0001:00116b5e       _VirtualFree@12            0051ab5e f   kernel32:KERNEL32.dll
 0001:00116b64       _RtlUnwind@16              0051ab64 f   kernel32:KERNEL32.dll
 0001:00116b6a       _GetFullPathNameA@16       0051ab6a f   kernel32:KERNEL32.dll
 0001:00116b70       _GetCurrentDirectoryA@8    0051ab70 f   kernel32:KERNEL32.dll
 0001:00116b76       _SetCurrentDirectoryA@4    0051ab76 f   kernel32:KERNEL32.dll
 0001:00116b7c       _FlushFileBuffers@4        0051ab7c f   kernel32:KERNEL32.dll
 0001:00116b82       _MultiByteToWideChar@24    0051ab82 f   kernel32:KERNEL32.dll
 0001:00116b88       _GetStringTypeA@20         0051ab88 f   kernel32:KERNEL32.dll
 0001:00116b8e       _GetStringTypeW@16         0051ab8e f   kernel32:KERNEL32.dll
 0001:00116b94       _VirtualAlloc@16           0051ab94 f   kernel32:KERNEL32.dll
 0001:00116b9a       _IsBadWritePtr@8           0051ab9a f   kernel32:KERNEL32.dll
 0001:00116ba0       _LCMapStringA@24           0051aba0 f   kernel32:KERNEL32.dll
 0001:00116ba6       _LCMapStringW@24           0051aba6 f   kernel32:KERNEL32.dll
 0001:00116bac       _SetConsoleCtrlHandler@8   0051abac f   kernel32:KERNEL32.dll
 0001:00116bb2       _SetStdHandle@8            0051abb2 f   kernel32:KERNEL32.dll
 0001:00116bb8       _GetCPInfo@8               0051abb8 f   kernel32:KERNEL32.dll
 0001:00116bbe       _GetACP@0                  0051abbe f   kernel32:KERNEL32.dll
 0001:00116bc4       _GetOEMCP@0                0051abc4 f   kernel32:KERNEL32.dll
 0001:00116bca       _LoadLibraryA@4            0051abca f   kernel32:KERNEL32.dll
 0001:00116bd0       _CompareStringA@24         0051abd0 f   kernel32:KERNEL32.dll
 0001:00116bd6       _CompareStringW@24         0051abd6 f   kernel32:KERNEL32.dll
 0001:00116bdc       _SetEnvironmentVariableA@8 0051abdc f   kernel32:KERNEL32.dll
 0001:00116be2       _RaiseException@16         0051abe2 f   kernel32:KERNEL32.dll
 0001:00116be8       _SetEndOfFile@4            0051abe8 f   kernel32:KERNEL32.dll
 0001:00116bf0       _f_dint                    0051abf0 f   fj90f:jwe_fdin.obj
 0001:00116c60       _jwe_fjci                  0051ac60 f   fj90f:jwe_fjci.obj
 0001:00116c90       _jwe_fvav                  0051ac90 f   fj90f:jwe_fu8f.obj
 0001:00116ce0       _jwe_fumu                  0051ace0 f   fj90f:jwe_fu8f.obj
 0001:00116d70       _jwe_fvvv                  0051ad70 f   fj90f:jwe_fu8f.obj
 0001:00116dc0       _jwe_fjcv                  0051adc0 f   fj90f:jwe_fjcv.obj
 0001:00116de0       _jwe_fjdu                  0051ade0 f   fj90f:jwe_fjdu.obj
 0001:00116f80       _jwe_fnzb                  0051af80 f   fj90f:jwe_fnzb.obj
 0001:001170c0       _f_a8sb                    0051b0c0 f   fj90f:jwe_fjsb.obj
 0001:00117230       _g_dbleq                   0051b230 f   fj90g:jwe_gdbq.obj
 0001:00117400       _g_aqcj                    0051b400 f   fj90g:jwe_gqcj.obj
 0001:00117590       _main                      0051b590 f   fj90i:jwe_xrt0.obj
 0001:00117680       __fstat                    0051b680 f   libc:fstat.obj
 0001:00117680       _fstat                     0051b680 f   libc:fstat.obj
 0001:001178f8       _fileno                    0051b8f8 f   libc:fileno.obj
 0001:001178f8       __fileno                   0051b8f8 f   libc:fileno.obj
 0001:00117900       _cprintf                   0051b900 f   libc:cprintf.obj
 0001:00117900       __cprintf                  0051b900 f   libc:cprintf.obj
 0001:001180e2       _tempnam                   0051c0e2 f   libc:tempnam.obj
 0001:001180e2       __tempnam                  0051c0e2 f   libc:tempnam.obj
 0001:001182c9       _remove                    0051c2c9 f   libc:unlink.obj
 0001:001182f3       _unlink                    0051c2f3 f   libc:unlink.obj
 0001:001182f3       __unlink                   0051c2f3 f   libc:unlink.obj
 0001:00118300       _strnicmp                  0051c300 f   libc:strnicmp.obj
 0001:00118300       __strnicmp                 0051c300 f   libc:strnicmp.obj
 0001:001183ad       __putch                    0051c3ad f   libc:putch.obj
 0001:001183f1       __itoa                     0051c3f1 f   libc:xtoa.obj
 0001:0011847a       __ltoa                     0051c47a f   libc:xtoa.obj
 0001:001184a4       __ultoa                    0051c4a4 f   libc:xtoa.obj
 0001:001184bf       __i64toa                   0051c4bf f   libc:xtoa.obj
 0001:00118576       __ui64toa                  0051c576 f   libc:xtoa.obj
 0001:00118591       __rmtmp                    0051c591 f   libc:rmtmp.obj
 0001:001185cd       __access                   0051c5cd f   libc:access.obj
 0001:00118611       ___initconin               0051c611 f   libc:initcon.obj
 0001:00118630       ___initconout              0051c630 f   libc:initcon.obj
 0001:0011864f       ___termcon                 0051c64f f   libc:initcon.obj
 0001:0011867c       _WriteConsoleA@20          0051c67c f   kernel32:KERNEL32.dll
 0002:00000000       __imp__GetVersion@0        0051d000     kernel32:KERNEL32.dll
 0002:00000004       __imp__SetEndOfFile@4      0051d004     kernel32:KERNEL32.dll
 0002:00000008       __imp__RaiseException@16   0051d008     kernel32:KERNEL32.dll
 0002:0000000c       __imp__SetEnvironmentVariableA@8 0051d00c     kernel32:KERNEL32.dll
 0002:00000010       __imp__CompareStringW@24   0051d010     kernel32:KERNEL32.dll
 0002:00000014       __imp__CompareStringA@24   0051d014     kernel32:KERNEL32.dll
 0002:00000018       __imp__LoadLibraryA@4      0051d018     kernel32:KERNEL32.dll
 0002:0000001c       __imp__GetOEMCP@0          0051d01c     kernel32:KERNEL32.dll
 0002:00000020       __imp__GetACP@0            0051d020     kernel32:KERNEL32.dll
 0002:00000024       __imp__GetCPInfo@8         0051d024     kernel32:KERNEL32.dll
 0002:00000028       __imp__SetStdHandle@8      0051d028     kernel32:KERNEL32.dll
 0002:0000002c       __imp__SetConsoleCtrlHandler@8 0051d02c     kernel32:KERNEL32.dll
 0002:00000030       __imp__LCMapStringW@24     0051d030     kernel32:KERNEL32.dll
 0002:00000034       __imp__LCMapStringA@24     0051d034     kernel32:KERNEL32.dll
 0002:00000038       __imp__IsBadWritePtr@8     0051d038     kernel32:KERNEL32.dll
 0002:0000003c       __imp__VirtualAlloc@16     0051d03c     kernel32:KERNEL32.dll
 0002:00000040       __imp__GetStringTypeW@16   0051d040     kernel32:KERNEL32.dll
 0002:00000044       __imp__GetStringTypeA@20   0051d044     kernel32:KERNEL32.dll
 0002:00000048       __imp__MultiByteToWideChar@24 0051d048     kernel32:KERNEL32.dll
 0002:0000004c       __imp__FlushFileBuffers@4  0051d04c     kernel32:KERNEL32.dll
 0002:00000050       __imp__SetCurrentDirectoryA@4 0051d050     kernel32:KERNEL32.dll
 0002:00000054       __imp__GetCurrentDirectoryA@8 0051d054     kernel32:KERNEL32.dll
 0002:00000058       __imp__GetFullPathNameA@16 0051d058     kernel32:KERNEL32.dll
 0002:0000005c       __imp__GetTimeZoneInformation@4 0051d05c     kernel32:KERNEL32.dll
 0002:00000060       __imp__GetLocalTime@4      0051d060     kernel32:KERNEL32.dll
 0002:00000064       __imp__GetCommandLineA@0   0051d064     kernel32:KERNEL32.dll
 0002:00000068       __imp__AllocConsole@0      0051d068     kernel32:KERNEL32.dll
 0002:0000006c       __imp__GetStdHandle@4      0051d06c     kernel32:KERNEL32.dll
 0002:00000070       __imp__QueryPerformanceCounter@4 0051d070     kernel32:KERNEL32.dll
 0002:00000074       __imp__QueryPerformanceFrequency@4 0051d074     kernel32:KERNEL32.dll
 0002:00000078       __imp__GetVersionExA@4     0051d078     kernel32:KERNEL32.dll
 0002:0000007c       __imp__GetProcAddress@8    0051d07c     kernel32:KERNEL32.dll
 0002:00000080       __imp__GetModuleHandleA@4  0051d080     kernel32:KERNEL32.dll
 0002:00000084       __imp__ReadFile@20         0051d084     kernel32:KERNEL32.dll
 0002:00000088       __imp__GetLastError@0      0051d088     kernel32:KERNEL32.dll
 0002:0000008c       __imp__SetFilePointer@16   0051d08c     kernel32:KERNEL32.dll
 0002:00000090       __imp__FormatMessageA@28   0051d090     kernel32:KERNEL32.dll
 0002:00000094       __imp__DeleteFileA@4       0051d094     kernel32:KERNEL32.dll
 0002:00000098       __imp__WriteFile@20        0051d098     kernel32:KERNEL32.dll
 0002:0000009c       __imp__CreateFileA@28      0051d09c     kernel32:KERNEL32.dll
 0002:000000a0       __imp__CloseHandle@4       0051d0a0     kernel32:KERNEL32.dll
 0002:000000a4       __imp__GetFileSize@8       0051d0a4     kernel32:KERNEL32.dll
 0002:000000a8       __imp__UnmapViewOfFile@4   0051d0a8     kernel32:KERNEL32.dll
 0002:000000ac       __imp__IsBadReadPtr@8      0051d0ac     kernel32:KERNEL32.dll
 0002:000000b0       __imp__MapViewOfFile@20    0051d0b0     kernel32:KERNEL32.dll
 0002:000000b4       __imp__CreateFileMappingA@24 0051d0b4     kernel32:KERNEL32.dll
 0002:000000b8       __imp__GetFileType@4       0051d0b8     kernel32:KERNEL32.dll
 0002:000000bc       __imp__GetFileAttributesA@4 0051d0bc     kernel32:KERNEL32.dll
 0002:000000c0       __imp__SearchPathA@24      0051d0c0     kernel32:KERNEL32.dll
 0002:000000c4       __imp__LoadLibraryExA@12   0051d0c4     kernel32:KERNEL32.dll
 0002:000000c8       __imp__WriteConsoleA@20    0051d0c8     kernel32:KERNEL32.dll
 0002:000000cc       __imp__ExitProcess@4       0051d0cc     kernel32:KERNEL32.dll
 0002:000000d0       __imp__FindClose@4         0051d0d0     kernel32:KERNEL32.dll
 0002:000000d4       __imp__FileTimeToSystemTime@8 0051d0d4     kernel32:KERNEL32.dll
 0002:000000d8       __imp__FileTimeToLocalFileTime@8 0051d0d8     kernel32:KERNEL32.dll
 0002:000000dc       __imp__GetDriveTypeA@4     0051d0dc     kernel32:KERNEL32.dll
 0002:000000e0       __imp__FindFirstFileA@8    0051d0e0     kernel32:KERNEL32.dll
 0002:000000e4       __imp__HeapFree@12         0051d0e4     kernel32:KERNEL32.dll
 0002:000000e8       __imp__HeapAlloc@12        0051d0e8     kernel32:KERNEL32.dll
 0002:000000ec       __imp__HeapReAlloc@16      0051d0ec     kernel32:KERNEL32.dll
 0002:000000f0       __imp__TerminateProcess@8  0051d0f0     kernel32:KERNEL32.dll
 0002:000000f4       __imp__GetCurrentProcess@0 0051d0f4     kernel32:KERNEL32.dll
 0002:000000f8       __imp__GetFileInformationByHandle@8 0051d0f8     kernel32:KERNEL32.dll
 0002:000000fc       __imp__PeekNamedPipe@24    0051d0fc     kernel32:KERNEL32.dll
 0002:00000100       __imp__UnhandledExceptionFilter@4 0051d100     kernel32:KERNEL32.dll
 0002:00000104       __imp__GetModuleFileNameA@12 0051d104     kernel32:KERNEL32.dll
 0002:00000108       __imp__FreeEnvironmentStringsA@4 0051d108     kernel32:KERNEL32.dll
 0002:0000010c       __imp__FreeEnvironmentStringsW@4 0051d10c     kernel32:KERNEL32.dll
 0002:00000110       __imp__WideCharToMultiByte@32 0051d110     kernel32:KERNEL32.dll
 0002:00000114       __imp__GetEnvironmentStrings@0 0051d114     kernel32:KERNEL32.dll
 0002:00000118       __imp__GetEnvironmentStringsW@0 0051d118     kernel32:KERNEL32.dll
 0002:0000011c       __imp__SetHandleCount@4    0051d11c     kernel32:KERNEL32.dll
 0002:00000120       __imp__GetStartupInfoA@4   0051d120     kernel32:KERNEL32.dll
 0002:00000124       __imp__GetEnvironmentVariableA@12 0051d124     kernel32:KERNEL32.dll
 0002:00000128       __imp__HeapDestroy@4       0051d128     kernel32:KERNEL32.dll
 0002:0000012c       __imp__HeapCreate@12       0051d12c     kernel32:KERNEL32.dll
 0002:00000130       __imp__VirtualFree@12      0051d130     kernel32:KERNEL32.dll
 0002:00000134       __imp__RtlUnwind@16        0051d134     kernel32:KERNEL32.dll
 0002:00000138       \177KERNEL32_NULL_THUNK_DATA 0051d138     kernel32:KERNEL32.dll
 0002:0000013c       __imp__MessageBoxA@16      0051d13c     user32:USER32.dll
 0002:00000140       \177USER32_NULL_THUNK_DATA 0051d140     user32:USER32.dll
 0002:00000144       __imp__f90sqlconnectstr_   0051d144     f90sql:f90SQLLF95.dll
 0002:00000148       __imp__f90sqlsetconnectattint_ 0051d148     f90sql:f90SQLLF95.dll
 0002:0000014c       __imp__f90sqlbindparameterdouble_ 0051d14c     f90sql:f90SQLLF95.dll
 0002:00000150       __imp__f90sqlbindparameterstr_ 0051d150     f90sql:f90SQLLF95.dll
 0002:00000154       __imp__f90sqlbindparametertimestmp_ 0051d154     f90sql:f90SQLLF95.dll
 0002:00000158       __imp__f90sqlbindparameterint_ 0051d158     f90sql:f90SQLLF95.dll
 0002:0000015c       __imp__f90sqlgetdiagrecstr_ 0051d15c     f90sql:f90SQLLF95.dll
 0002:00000160       __imp__f90sqlexecdirectstr_ 0051d160     f90sql:f90SQLLF95.dll
 0002:00000164       __imp__f90sqlbindcoldouble_ 0051d164     f90sql:f90SQLLF95.dll
 0002:00000168       __imp__f90sqlbindcoltimestmp_ 0051d168     f90sql:f90SQLLF95.dll
 0002:0000016c       __imp__f90sqlallochandle_  0051d16c     f90sql:f90SQLLF95.dll
 0002:00000170       __imp__f90sqlsetenvattrint_ 0051d170     f90sql:f90SQLLF95.dll
 0002:00000174       __imp__f90sqldriverconnectstr_ 0051d174     f90sql:f90SQLLF95.dll
 0002:00000178       __imp__f90sqlpreparestr_   0051d178     f90sql:f90SQLLF95.dll
 0002:0000017c       __imp__f90sqlexecute_      0051d17c     f90sql:f90SQLLF95.dll
 0002:00000180       __imp__f90sqlbindcolint_   0051d180     f90sql:f90SQLLF95.dll
 0002:00000184       __imp__f90sqlbindcolstr_   0051d184     f90sql:f90SQLLF95.dll
 0002:00000188       __imp__f90sqlbindcolsmllint_ 0051d188     f90sql:f90SQLLF95.dll
 0002:0000018c       __imp__f90sqlfetch_        0051d18c     f90sql:f90SQLLF95.dll
 0002:00000190       __imp__f90sqlfreehandle_   0051d190     f90sql:f90SQLLF95.dll
 0002:00000194       __imp__f90sqldisconnect_   0051d194     f90sql:f90SQLLF95.dll
 0002:00000198       \177f90SQLLF95_NULL_THUNK_DATA 0051d198     f90sql:f90SQLLF95.dll
 0002:000001f8       _jwe_sz__lndclc_           0051d1f8     JoesValley.OBJ
 0002:000001fc       _jwe_ssn__lndclc_          0051d1fc     JoesValley.OBJ
 0002:0000033c       _jwe_sz__errorfunc_        0051d33c     JoesValley.OBJ
 0002:00000340       _jwe_ssn__errorfunc_       0051d340     JoesValley.OBJ
 0002:00000460       _jwe_sz__paramdim_         0051d460     BUDGET.obj
 0002:00000464       _jwe_sz__commo_            0051d464     BUDGET.obj
 0002:00000468       _jwe_sz__subvars_          0051d468     BUDGET.obj
 0002:0000046c       _jwe_sz__printstuff_       0051d46c     BUDGET.obj
 0002:00000470       _jwe_sz__f90sqlvariables_  0051d470     BUDGET.obj
 0002:00000474       _jwe_sz__MAIN__            0051d474     BUDGET.obj
 0002:00000478       _jwe_ssn__MAIN__           0051d478     BUDGET.obj
 0002:00007b3c       _jwe_sz__inq_              00524b3c     BUDGET.obj
 0002:00007b40       _jwe_ssn__cby_             00524b40     BUDGET.obj
 0002:00007b40       _jwe_ssn__iou_             00524b40     BUDGET.obj
 0002:00007b40       _jwe_ssn__inq_             00524b40     BUDGET.obj
 0002:00007b40       _jwe_ssn__cgw_             00524b40     BUDGET.obj
 0002:00007b40       _jwe_ssn__upc_             00524b40     BUDGET.obj
 0002:00007b40       _jwe_ssn__rck_             00524b40     BUDGET.obj
 0002:00007cec       _jwe_sz__errprt_           00524cec     BUDGET.obj
 0002:00007cf0       _jwe_ssn__errprt_          00524cf0     BUDGET.obj
 0002:00007d9c       _jwe_sz__getpat_           00524d9c     BUDGET.obj
 0002:00007da0       _jwe_ssn__getpat_          00524da0     BUDGET.obj
 0002:00007e5c       _jwe_sz__justem_           00524e5c     BUDGET.obj
 0002:00007e60       _jwe_ssn__justem_          00524e60     BUDGET.obj
 0002:00007f34       _jwe_sz__nonull_           00524f34     BUDGET.obj
 0002:00007f38       _jwe_ssn__nonull_          00524f38     BUDGET.obj
 0002:00007fcc       _jwe_sz__prntit_           00524fcc     BUDGET.obj
 0002:00007fd0       _jwe_ssn__prntit_          00524fd0     BUDGET.obj
 0002:00008074       _jwe_sz__round_            00525074     BUDGET.obj
 0002:00008078       _jwe_ssn__round_           00525078     BUDGET.obj
 0002:000080c4       _jwe_sz__alltrim_          005250c4     BUDGET.obj
 0002:000080c8       _jwe_ssn__alltrim_         005250c8     BUDGET.obj
 0002:000081c4       _jwe_sz__justext_          005251c4     BUDGET.obj
 0002:000081c8       _jwe_ssn__justext_         005251c8     BUDGET.obj
 0002:0000823c       _jwe_sz__strcomp_          0052523c     BUDGET.obj
 0002:00008240       _jwe_ssn__strcomp_         00525240     BUDGET.obj
 0002:0000830c       _jwe_sz__initializeaccessvars_ 0052530c     BUDGET.obj
 0002:00008310       _jwe_ssn__initializeaccessvars_ 00525310     BUDGET.obj
 0002:00008394       _jwe_sz__swap_             00525394     BUDGET.obj
 0002:00008398       _jwe_ssn__swap_            00525398     BUDGET.obj
 0002:000083ec       _jwe_sz__writecrop_        005253ec     BUDGET.obj
 0002:000083f0       _jwe_ssn__writecrop_       005253f0     BUDGET.obj
 0002:00008484       _jwe_sz__storemonvar_      00525484     BUDGET.obj
 0002:00008488       _jwe_ssn__storemonvar_     00525488     BUDGET.obj
 0002:0000870c       _jwe_sz__storemonvarxi_    0052570c     BUDGET.obj
 0002:00008710       _jwe_ssn__storemonvarxi_   00525710     BUDGET.obj
 0002:00008994       _jwe_sz__storemon_         00525994     BUDGET.obj
 0002:00008998       _jwe_ssn__storemon_        00525998     BUDGET.obj
 0002:00008bac       _jwe_sz__justright_        00525bac     BUDGET.obj
 0002:00008bb0       _jwe_ssn__justright_       00525bb0     BUDGET.obj
 0002:00008c2c       _jwe_sz__nocomma_          00525c2c     BUDGET.obj
 0002:00008c30       _jwe_ssn__nocomma_         00525c30     BUDGET.obj
 0002:00008cac       _jwe_sz__MODULE@printstuff_ 00525cac     BUDGET.obj
 0002:00008cb0       _jwe_sz__MODULE@commo_     00525cb0     BUDGET.obj
 0002:0000d7d8       _jwe_sz__fsql_data_        0052a7d8     AccessSubs.OBJ
 0002:0000d7dc       _jwe_sz__accessread_       0052a7dc     AccessSubs.OBJ
 0002:0000d7e0       _jwe_ssn__accessread_      0052a7e0     AccessSubs.OBJ
 0002:0000db60       _jwe_sz__showdiags_        0052ab60     AccessSubs.OBJ
 0002:0000db64       _jwe_ssn__showdiags_       0052ab64     AccessSubs.OBJ
 0002:0000dbf4       _jwe_sz__accessupdate_     0052abf4     AccessSubs.OBJ
 0002:0000dbf8       _jwe_ssn__accessupdate_    0052abf8     AccessSubs.OBJ
[...]
 0001:000dbe70       _jwe_ioni                  004dfe70 f   fj90i:jwe_iedo.obj
 0001:000dbf30       _jwe_ioic                  004dff30 f   fj90i:jwe_iedo.obj
 0001:000dc150       _jwe_ioge                  004e0150 f   fj90i:jwe_iedo.obj
 0001:000dc190       _jwe_iocl                  004e0190 f   fj90i:jwe_iedo.obj
 0001:000dc1c0       _jwe_ioie                  004e01c0 f   fj90i:jwe_iedo.obj
 0001:000dc480       _jwe_ioig                  004e0480 f   fj90i:jwe_iedo.obj
 0001:000dc720       _jwe_iole                  004e0720 f   fj90i:jwe_iedo.obj
 0001:000dc800       _jwe_ioaw                  004e0800 f   fj90i:jwe_iedo.obj
 0001:000dc890       _jwe_ioae                  004e0890 f   fj90i:jwe_iedo.obj
 0001:000dc8c0       _jwe_iozs                  004e08c0 f   fj90i:jwe_iedo.obj
 0001:000dcb10       _jwe_ioze                  004e0b10 f   fj90i:jwe_iedo.obj
 0001:000dcd10       _jwe_ioen                  004e0d10 f   fj90i:jwe_iedo.obj
 0001:000dd1c0       _jwe_ioes                  004e11c0 f   fj90i:jwe_iedo.obj
 0001:000dd560       _jwe_iore                  004e1560 f   fj90i:jwe_iedo.obj
 0001:000dd5f0       _jwe_iobs                  004e15f0 f   fj90i:jwe_iedo.obj
 0001:000dd8e0       _jwe_iobe                  004e18e0 f   fj90i:jwe_iedo.obj
 0001:000ddb90       _jwe_ioos                  004e1b90 f   fj90i:jwe_iedo.obj
 0001:000ddf40       _jwe_iooe                  004e1f40 f   fj90i:jwe_iedo.obj
 0001:000de150       _jwe_ione                  004e2150 f   fj90i:jwe_iedo.obj
 0001:000db050       _jwe_iife                  004df050 f   fj90i:jwe_iipg.obj
 0001:000d9900       _jwe_ilno                  004dd900 f   fj90i:jwe_ilni.obj
 0001:000d9a00       _jwe_iln1                  004dda00 f   fj90i:jwe_ilni.obj
 0001:000d9b30       _jwe_iln2                  004ddb30 f   fj90i:jwe_ilni.obj
 0001:000d9b50       _jwe_ilnp                  004ddb50 f   fj90i:jwe_ilni.obj
 0001:000da4f0       _jwe_ilnr                  004de4f0 f   fj90i:jwe_ilni.obj
 0001:000da5c0       _jwe_ilng                  004de5c0 f   fj90i:jwe_ilni.obj
 0001:000da630       _jwe_ilnc                  004de630 f   fj90i:jwe_ilni.obj
 0001:000da750       _jwe_ilns                  004de750 f   fj90i:jwe_ilni.obj
 0001:000da830       _jwe_ilnl                  004de830 f   fj90i:jwe_ilni.obj
 0001:000daa30       _jwe_ilne                  004dea30 f   fj90i:jwe_ilni.obj
 0001:000dac60       _jwe_ilnf                  004dec60 f   fj90i:jwe_ilni.obj
 0001:000d8560       _jwe_inip                  004dc560 f   fj90i:jwe_inai.obj
 0001:000d86c0       _jwe_inss                  004dc6c0 f   fj90i:jwe_inai.obj
 0001:000d89a0       _jwe_inar                  004dc9a0 f   fj90i:jwe_inai.obj
 0001:000d8da0       _jwe_insb                  004dcda0 f   fj90i:jwe_inai.obj
 0001:000d9020       _jwe_inst                  004dd020 f   fj90i:jwe_inai.obj
 0001:000d5060       _jwe_incs                  004d9060 f   fj90i:jwe_inao.obj
 0001:000d51f0       _jwe_inct                  004d91f0 f   fj90i:jwe_inao.obj
 0001:000d53c0       _jwe_inon                  004d93c0 f   fj90i:jwe_inao.obj
 0001:000d5490       _jwe_invo                  004d9490 f   fj90i:jwe_inao.obj
 0001:000d6030       _jwe_inop                  004da030 f   fj90i:jwe_inao.obj
 0001:000d6100       _jwe_in_n                  004da100 f   fj90i:jwe_inao.obj
 0001:000d6180       _jwe_inoe                  004da180 f   fj90i:jwe_inao.obj
 0001:000d6220       _jwe_in_c                  004da220 f   fj90i:jwe_inao.obj
 0001:000d62f0       _jwe_in_r                  004da2f0 f   fj90i:jwe_inao.obj
 0001:000d4af0       _jwe_imch                  004d8af0 f   fj90i:jwe_ifmt.obj
 0001:000d4c40       _jwe_imgp                  004d8c40 f   fj90i:jwe_ifmt.obj
 0001:000d4ca0       _jwe_impp                  004d8ca0 f   fj90i:jwe_ifmt.obj
 0001:000d4d30       _jwe_ifme                  004d8d30 f   fj90i:jwe_ifmt.obj
 0001:000d1710       _jwe_isip                  004d5710 f   fj90i:jwe_ifct.obj
 0001:000d34d0       _jwe_ifrp                  004d74d0 f   fj90i:jwe_ifct.obj
 0001:000d3510       _jwe_ifer                  004d7510 f   fj90i:jwe_ifct.obj
 0001:000d3600       _jwe_ifcg                  004d7600 f   fj90i:jwe_ifct.obj
 0001:000d36e0       _jwe_iftc                  004d76e0 f   fj90i:jwe_ifct.obj
 0001:000d1370       _err_end                   004d5370 f   fj90i:jwe_xdta.obj
 0001:000d02c0       _jwe_dace                  004d42c0 f   fj90i:jwe_dack.obj
 0001:000d0af0       _jwe_deat                  004d4af0 f   fj90i:jwe_dack.obj
 0001:000d0d50       _jwe_deri                  004d4d50 f   fj90i:jwe_dack.obj
 0001:000d0d80       _jwe_dety                  004d4d80 f   fj90i:jwe_dack.obj
 0001:000cc4c0       _jwe_ddoe                  004d04c0 f   fj90i:jwe_ddoa.obj
 0001:000cc360       _jwe_ddoe                  004d0360 f   fj90i:jwe_ddou.obj
 0001:000cb8d0       _jwe_error_call            004cf8d0 f   fj90i:jwe_xdal.obj
 0001:000cb310       _jwe_error_call            004cf310 f   fj90i:jwe_xalc.obj
 0001:000c9f90       _jwe_xsch                  004cdf90 f   fj90i:jwe_xopt.obj
 0001:000c7a10       _jwe_iop0                  004cba10 f   fj90i:jwe_iocf.obj
 0001:000c7ee0       _jwe_iocl                  004cbee0 f   fj90i:jwe_iocf.obj
 0001:000c8100       _jwe_iop1                  004cc100 f   fj90i:jwe_iocf.obj
 0001:000c8bd0       _jwe_iop2                  004ccbd0 f   fj90i:jwe_iocf.obj
 0001:000c8da0       _jwe_iop3                  004ccda0 f   fj90i:jwe_iocf.obj
 0001:000c8e10       _jwe_iop5                  004cce10 f   fj90i:jwe_iocf.obj
 0001:000c8ec0       _jwe_iop4                  004ccec0 f   fj90i:jwe_iocf.obj
 0001:000c8f80       _jwe_iop6                  004ccf80 f   fj90i:jwe_iocf.obj
 0001:000c9000       _jwe_iop7                  004cd000 f   fj90i:jwe_iocf.obj
 0001:000c9200       _jwe_iopc                  004cd200 f   fj90i:jwe_iocf.obj
 0001:000c92d0       _jwe_iopw                  004cd2d0 f   fj90i:jwe_iocf.obj
 0001:000c9550       _jwe_iope                  004cd550 f   fj90i:jwe_iocf.obj
 0001:000c9770       _jwe_iops                  004cd770 f   fj90i:jwe_iocf.obj
 0001:000c9820       _jwe_iop8                  004cd820 f   fj90i:jwe_iocf.obj
 0001:000c7310       _jwe_iser                  004cb310 f   fj90i:jwe_isfm.obj
 0001:000c6380       _jwe_iifg                  004ca380 f   fj90i:jwe_iinf.obj
 0001:000c6440       _jwe_iifp                  004ca440 f   fj90i:jwe_iinf.obj
 0001:000c57c0       _err_end                   004c97c0 f   fj90i:jwe_xadt.obj
 0001:000c53a0       _jwe_debe                  004c93a0 f   fj90i:jwe_debg.obj
 0001:0011841e       _xtoa                      0051c41e f   libc:xtoa.obj
 0001:001184f0       _x64toa@20                 0051c4f0 f   libc:xtoa.obj
 0001:0011827d       __stripquote               0051c27d f   libc:tempnam.obj
 0001:00117911       _output                    0051b911 f   libc:cprintf.obj
 0001:0011803e       _write_char                0051c03e f   libc:cprintf.obj
 0001:00118058       _write_multi_char          0051c058 f   libc:cprintf.obj
 0001:00118084       _write_string              0051c084 f   libc:cprintf.obj
 0001:001180b7       _get_int_arg               0051c0b7 f   libc:cprintf.obj
 0001:001180c4       _get_int64_arg             0051c0c4 f   libc:cprintf.obj
 0001:001180d4       _get_short_arg             0051c0d4 f   libc:cprintf.obj
 0001:001162eb       __get_fname                0051a2eb f   libc:fpexcept.obj
 0001:001139f4       label0                     005179f4 f   libc:adj_fdiv.obj
 0001:001139fa       label1                     005179fa f   libc:adj_fdiv.obj
 0001:001139ff       label2                     005179ff f   libc:adj_fdiv.obj
 0001:00113a05       label3                     00517a05 f   libc:adj_fdiv.obj
 0001:00113a0a       label4                     00517a0a f   libc:adj_fdiv.obj
 0001:00113a10       label5                     00517a10 f   libc:adj_fdiv.obj
 0001:00113a16       label6                     00517a16 f   libc:adj_fdiv.obj
 0001:00113a1c       label7                     00517a1c f   libc:adj_fdiv.obj
 0001:00113a22       label8                     00517a22 f   libc:adj_fdiv.obj
 0001:00113a3e       label9                     00517a3e f   libc:adj_fdiv.obj
 0001:00113a43       label10                    00517a43 f   libc:adj_fdiv.obj
 0001:00113a59       label11                    00517a59 f   libc:adj_fdiv.obj
 0001:00113a5e       label12                    00517a5e f   libc:adj_fdiv.obj
 0001:00113a7a       label13                    00517a7a f   libc:adj_fdiv.obj
 0001:00113a8a       label14                    00517a8a f   libc:adj_fdiv.obj
 0001:00113a9e       label15                    00517a9e f   libc:adj_fdiv.obj
 0001:00113aae       label16                    00517aae f   libc:adj_fdiv.obj
 0001:00113ace       label17                    00517ace f   libc:adj_fdiv.obj
 0001:00113ad3       label18                    00517ad3 f   libc:adj_fdiv.obj
 0001:00113aed       label19                    00517aed f   libc:adj_fdiv.obj
 0001:00113af2       label20                    00517af2 f   libc:adj_fdiv.obj
 0001:00113b12       label21                    00517b12 f   libc:adj_fdiv.obj
 0001:00113b26       label22                    00517b26 f   libc:adj_fdiv.obj
 0001:00113b3e       label23                    00517b3e f   libc:adj_fdiv.obj
 0001:00113b52       label24                    00517b52 f   libc:adj_fdiv.obj
 0001:00113b72       label25                    00517b72 f   libc:adj_fdiv.obj
 0001:00113b77       label26                    00517b77 f   libc:adj_fdiv.obj
 0001:00113b91       label27                    00517b91 f   libc:adj_fdiv.obj
 0001:00113b96       label28                    00517b96 f   libc:adj_fdiv.obj
 0001:00113bb6       label29                    00517bb6 f   libc:adj_fdiv.obj
 0001:00113bca       label30                    00517bca f   libc:adj_fdiv.obj
 0001:00113be2       label31                    00517be2 f   libc:adj_fdiv.obj
 0001:00113bf6       label32                    00517bf6 f   libc:adj_fdiv.obj
 0001:00113c16       label33                    00517c16 f   libc:adj_fdiv.obj
 0001:00113c1b       label34                    00517c1b f   libc:adj_fdiv.obj
 0001:00113c35       label35                    00517c35 f   libc:adj_fdiv.obj
 0001:00113c3a       label36                    00517c3a f   libc:adj_fdiv.obj
 0001:00113c5a       label37                    00517c5a f   libc:adj_fdiv.obj
 0001:00113c6e       label38                    00517c6e f   libc:adj_fdiv.obj
 0001:00113c86       label39                    00517c86 f   libc:adj_fdiv.obj
 0001:00113c9a       label40                    00517c9a f   libc:adj_fdiv.obj
 0001:00113cba       label41                    00517cba f   libc:adj_fdiv.obj
 0001:00113cbf       label42                    00517cbf f   libc:adj_fdiv.obj
 0001:00113cd9       label43                    00517cd9 f   libc:adj_fdiv.obj
 0001:00113cde       label44                    00517cde f   libc:adj_fdiv.obj
 0001:00113cfe       label45                    00517cfe f   libc:adj_fdiv.obj
 0001:00113d12       label46                    00517d12 f   libc:adj_fdiv.obj
 0001:00113d2a       label47                    00517d2a f   libc:adj_fdiv.obj
 0001:00113d3e       label48                    00517d3e f   libc:adj_fdiv.obj
 0001:00113d5e       label49                    00517d5e f   libc:adj_fdiv.obj
 0001:00113d63       label50                    00517d63 f   libc:adj_fdiv.obj
 0001:00113d7d       label51                    00517d7d f   libc:adj_fdiv.obj
 0001:00113d82       label52                    00517d82 f   libc:adj_fdiv.obj
 0001:00113da2       label53                    00517da2 f   libc:adj_fdiv.obj
 0001:00113db6       label54                    00517db6 f   libc:adj_fdiv.obj
 0001:00113dce       label55                    00517dce f   libc:adj_fdiv.obj
 0001:00113de2       label56                    00517de2 f   libc:adj_fdiv.obj
 0001:00113e02       label57                    00517e02 f   libc:adj_fdiv.obj
 0001:00113e07       label58                    00517e07 f   libc:adj_fdiv.obj
 0001:00113e21       label59                    00517e21 f   libc:adj_fdiv.obj
 0001:00113e26       label60                    00517e26 f   libc:adj_fdiv.obj
 0001:00113e46       label61                    00517e46 f   libc:adj_fdiv.obj
 0001:00113e5a       label62                    00517e5a f   libc:adj_fdiv.obj
 0001:00113e72       label63                    00517e72 f   libc:adj_fdiv.obj
 0001:001134cc       _cvtdate                   005174cc f   libc:tzset.obj
 0001:00112e20       _findenv                   00516e20 f   libc:setenv.obj
 0001:00112e78       _copy_environ              00516e78 f   libc:setenv.obj
 0001:00112c6e       _strncnt                   00516c6e f   libc:a_cmp.obj
 0001:00111f33       _getSystemCP               00515f33 f   libc:mbctype.obj
 0001:00111f7d       _CPtoLCID                  00515f7d f   libc:mbctype.obj
 0001:00111fb0       _setSBCS                   00515fb0 f   libc:mbctype.obj
 0001:00111fd9       _setSBUpLow                00515fd9 f   libc:mbctype.obj
 0001:0011159b       _ctrlevent_capture@4       0051559b f   libc:winsig.obj
 0001:00111700       _siglookup                 00515700 f   libc:winsig.obj
 0001:001110c5       _strncnt                   005150c5 f   libc:a_map.obj
 0001:00110751       fFEXP                      00514751 f   libc:87tran.obj
 0001:00110891       _rtforexpinf               00514891 f   libc:87tran.obj
 0001:00110470       LeadUp1                    00514470 f   libc:memcpy.obj
 0001:0011049c       LeadUp2                    0051449c f   libc:memcpy.obj
 0001:001104c0       LeadUp3                    005144c0 f   libc:memcpy.obj
 0001:0011053f       UnwindUp0                  0051453f f   libc:memcpy.obj
 0001:0011052c       UnwindUp1                  0051452c f   libc:memcpy.obj
 0001:00110524       UnwindUp2                  00514524 f   libc:memcpy.obj
 0001:0011051c       UnwindUp3                  0051451c f   libc:memcpy.obj
 0001:00110514       UnwindUp4                  00514514 f   libc:memcpy.obj
 0001:0011050c       UnwindUp5                  0051450c f   libc:memcpy.obj
 0001:00110504       UnwindUp6                  00514504 f   libc:memcpy.obj
 0001:001104fc       UnwindUp7                  005144fc f   libc:memcpy.obj
 0001:00110558       TrailUp0                   00514558 f   libc:memcpy.obj
 0001:00110560       TrailUp1                   00514560 f   libc:memcpy.obj
 0001:0011056c       TrailUp2                   0051456c f   libc:memcpy.obj
 0001:00110580       TrailUp3                   00514580 f   libc:memcpy.obj
 0001:001105f8       LeadDown1                  005145f8 f   libc:memcpy.obj
 0001:00110618       LeadDown2                  00514618 f   libc:memcpy.obj
 0001:00110640       LeadDown3                  00514640 f   libc:memcpy.obj
 0001:00110694       UnwindDown7                00514694 f   libc:memcpy.obj
 0001:0011069c       UnwindDown6                0051469c f   libc:memcpy.obj
 0001:001106a4       UnwindDown5                005146a4 f   libc:memcpy.obj
 0001:001106ac       UnwindDown4                005146ac f   libc:memcpy.obj
 0001:001106b4       UnwindDown3                005146b4 f   libc:memcpy.obj
 0001:001106bc       UnwindDown2                005146bc f   libc:memcpy.obj
 0001:001106c4       UnwindDown1                005146c4 f   libc:memcpy.obj
 0001:001106d7       UnwindDown0                005146d7 f   libc:memcpy.obj
 0001:001106f0       TrailDown0                 005146f0 f   libc:memcpy.obj
 0001:001106f8       TrailDown1                 005146f8 f   libc:memcpy.obj
 0001:00110708       TrailDown2                 00514708 f   libc:memcpy.obj
 0001:0011071c       TrailDown3                 0051471c f   libc:memcpy.obj
 0001:0010e952       _write_char                00512952 f   libc:output.obj
 0001:0010e987       _write_multi_char          00512987 f   libc:output.obj
 0001:0010e9b8       _write_string              005129b8 f   libc:output.obj
 0001:0010e9f0       _get_int_arg               005129f0 f   libc:output.obj
 0001:0010e9fd       _get_int64_arg             005129fd f   libc:output.obj
 0001:0010ea0d       _get_short_arg             00512a0d f   libc:output.obj
 0001:0010dbd4       _IsRootUNCName             00511bd4 f   libc:stat.obj
 0001:0010d511       __cftoe_g                  00511511 f   libc:cvt.obj
 0001:0010d538       __cftof_g                  00511538 f   libc:cvt.obj
 0001:0010d5ac       __shift                    005115ac f   libc:cvt.obj
 0001:0010cda8       _gu_return                 00510da8 f   libc:exsup.obj
 0001:0010cdb0       __unwind_handler           00510db0 f   libc:exsup.obj
 0001:0010c661       _parse_cmdline             00510661 f   libc:stdargv.obj
 0001:0010c4cc       _xcptlookup                005104cc f   libc:winxfltr.obj
 0001:0010b10d       _doexit                    0050f10d f   libc:crt0dat.obj
 0001:0010b1a6       __initterm                 0050f1a6 f   libc:crt0dat.obj
 0001:0010a920       LeadUp1                    0050e920 f   libc:memmove.obj
 0001:0010a94c       LeadUp2                    0050e94c f   libc:memmove.obj
 0001:0010a970       LeadUp3                    0050e970 f   libc:memmove.obj
 0001:0010a9ef       UnwindUp0                  0050e9ef f   libc:memmove.obj
 0001:0010a9dc       UnwindUp1                  0050e9dc f   libc:memmove.obj
 0001:0010a9d4       UnwindUp2                  0050e9d4 f   libc:memmove.obj
 0001:0010a9cc       UnwindUp3                  0050e9cc f   libc:memmove.obj
 0001:0010a9c4       UnwindUp4                  0050e9c4 f   libc:memmove.obj
 0001:0010a9bc       UnwindUp5                  0050e9bc f   libc:memmove.obj
 0001:0010a9b4       UnwindUp6                  0050e9b4 f   libc:memmove.obj
 0001:0010a9ac       UnwindUp7                  0050e9ac f   libc:memmove.obj
 0001:0010aa08       TrailUp0                   0050ea08 f   libc:memmove.obj
 0001:0010aa10       TrailUp1                   0050ea10 f   libc:memmove.obj
 0001:0010aa1c       TrailUp2                   0050ea1c f   libc:memmove.obj
 0001:0010aa30       TrailUp3                   0050ea30 f   libc:memmove.obj
 0001:0010aaa8       LeadDown1                  0050eaa8 f   libc:memmove.obj
 0001:0010aac8       LeadDown2                  0050eac8 f   libc:memmove.obj
 0001:0010aaf0       LeadDown3                  0050eaf0 f   libc:memmove.obj
 0001:0010ab44       UnwindDown7                0050eb44 f   libc:memmove.obj
 0001:0010ab4c       UnwindDown6                0050eb4c f   libc:memmove.obj
 0001:0010ab54       UnwindDown5                0050eb54 f   libc:memmove.obj
 0001:0010ab5c       UnwindDown4                0050eb5c f   libc:memmove.obj
 0001:0010ab64       UnwindDown3                0050eb64 f   libc:memmove.obj
 0001:0010ab6c       UnwindDown2                0050eb6c f   libc:memmove.obj
 0001:0010ab74       UnwindDown1                0050eb74 f   libc:memmove.obj
 0001:0010ab87       UnwindDown0                0050eb87 f   libc:memmove.obj
 0001:0010aba0       TrailDown0                 0050eba0 f   libc:memmove.obj
 0001:0010aba8       TrailDown1                 0050eba8 f   libc:memmove.obj
 0001:0010abb8       TrailDown2                 0050ebb8 f   libc:memmove.obj
 0001:0010abcc       TrailDown3                 0050ebcc f   libc:memmove.obj
 0001:0010a2d6       _flsall                    0050e2d6 f   libc:fflush.obj
 0001:0010a1c6       _IsRootUNCName             0050e1c6 f   libc:stati64.obj
 0001:00109cee       __abstract_cw              0050dcee f   libc:ieee87.obj
 0001:00109d80       __hw_cw                    0050dd80 f   libc:ieee87.obj
 0001:00109e09       __abstract_sw              0050de09 f   libc:ieee87.obj
 0001:001099b6       _strtoxl                   0050d9b6 f   libc:strtol.obj
 0001:0010991b       _fast_error_exit           0050d91b f   libc:crt0.obj
